Oct 24 02:31:04 MAIL-00 postfix/submission/smtpd[12584]: warning: hostname ip-113-119.4vendeta.com does not resolve to address 78.128.113.119: hostname nor servname provided, or not known
Oct 24 02:31:04 MAIL-00 postfix/submission/smtpd[12584]: connect from unknown[78.128.113.119]
Oct 24 02:31:05 MAIL-00 postfix/submission/smtpd[12584]: lost connection after ehlo from unknown[78.128.113.119]
Oct 24 02:31:05 MAIL-00 postfix/submission/smtpd[12584]: disconnect from unknown[78.128.113.119] ehlo=1 commands=1
Oct 24 02:31:07 MAIL-00 postfix/postscreen[10909]: connect from [106.58.210.27]:65106 to [149.28.113.219]:25
Oct 24 02:31:07 MAIL-00 postfix/dnsblog[11659]: addr 106.58.210.27 listed by domain zen.spamhaus.org as 127.0.0.11
Oct 24 02:31:07 MAIL-00 postfix/dnsblog[11659]: addr 106.58.210.27 listed by domain zen.spamhaus.org as 127.0.0.4
Oct 24 02:31:07 MAIL-00 postfix/postscreen[10909]: pregreet 14 after 0.25 from [106.58.210.27]:65106: ehlo ylmf-pc\r\n
Oct 24 02:31:07 MAIL-00 postfix/postscreen[10909]: disconnect [106.58.210.27]:65106
Oct 24 02:31:08 MAIL-00 postfix/postscreen[10909]: connect from [116.6.194.86]:39612 to [149.28.113.219]:25
Oct 24 02:31:08 MAIL-00 postfix/dnsblog[11966]: addr 116.6.194.86 listed by domain zen.spamhaus.org as 127.0.0.4
Oct 24 02:31:08 MAIL-00 postfix/dnsblog[12171]: addr 116.6.194.86 listed by domain b.barracudacentral.org as 127.0.0.2
Oct 24 02:31:14 MAIL-00 postfix/postscreen[10909]: dnsbl rank 5 for [116.6.194.86]:39612
Oct 24 02:31:14 MAIL-00 postfix/postscreen[10909]: disconnect [116.6.194.86]:39612
Oct 24 02:31:25 MAIL-00 postfix/postscreen[10909]: connect from [103.129.47.51]:36664 to [149.28.113.219]:25
Oct 24 02:31:25 MAIL-00 postfix/dnsblog[11659]: addr 103.129.47.51 listed by domain b.barracudacentral.org as 127.0.0.2
Oct 24 02:31:25 MAIL-00 postfix/dnsblog[11966]: addr 103.129.47.51 listed by domain zen.spamhaus.org as 127.0.0.3
Oct 24 02:31:25 MAIL-00 postfix/dnsblog[11966]: addr 103.129.47.51 listed by domain zen.spamhaus.org as 127.0.0.4
Oct 24 02:31:31 MAIL-00 postfix/postscreen[10909]: dnsbl rank 5 for [103.129.47.51]:36664
Oct 24 02:31:31 MAIL-00 postfix/postscreen[10909]: disconnect [103.129.47.51]:36664
Oct 24 02:31:32 MAIL-00 postfix/postscreen[10909]: connect from [103.129.47.51]:38389 to [149.28.113.219]:25
Oct 24 02:31:32 MAIL-00 postfix/dnsblog[11659]: addr 103.129.47.51 listed by domain zen.spamhaus.org as 127.0.0.3
Oct 24 02:31:32 MAIL-00 postfix/dnsblog[12171]: addr 103.129.47.51 listed by domain b.barracudacentral.org as 127.0.0.2
Oct 24 02:31:32 MAIL-00 postfix/dnsblog[11659]: addr 103.129.47.51 listed by domain zen.spamhaus.org as 127.0.0.4
Oct 24 02:31:38 MAIL-00 postfix/postscreen[10909]: dnsbl rank 5 for [103.129.47.51]:38389
Oct 24 02:31:38 MAIL-00 postfix/postscreen[10909]: disconnect [103.129.47.51]:38389
Oct 24 02:32:26 MAIL-00 postfix/postscreen[10909]: connect from [103.129.47.51]:57606 to [149.28.113.219]:25
Oct 24 02:32:26 MAIL-00 postfix/dnsblog[11659]: addr 103.129.47.51 listed by domain zen.spamhaus.org as 127.0.0.3
Oct 24 02:32:26 MAIL-00 postfix/dnsblog[11659]: addr 103.129.47.51 listed by domain zen.spamhaus.org as 127.0.0.4
Oct 24 02:32:26 MAIL-00 postfix/dnsblog[11966]: addr 103.129.47.51 listed by domain b.barracudacentral.org as 127.0.0.2
Oct 24 02:32:27 MAIL-00 postfix/postscreen[10909]: connect from [204.42.254.5]:49508 to [149.28.113.219]:25
Oct 24 02:32:27 MAIL-00 postfix/postscreen[10909]: pass old [204.42.254.5]:49508
Oct 24 02:32:27 MAIL-00 postfix/smtpd[12588]: connect from puck.nether.net[204.42.254.5]
Oct 24 02:32:27 MAIL-00 postfix/smtpd[12588]: anonymous tls connection established from puck.nether.net[204.42.254.5]: tlsv1.2 with cipher ecdhe-rsa-aes256-gcm-sha384 (256/256 bits)
Oct 24 02:32:28 MAIL-00 postfix/smtpd[12588]: 46zb980z0gzzdmc: client=puck.nether.net[204.42.254.5]
Oct 24 02:32:28 MAIL-00 postfix/cleanup[12590]: 46zb980z0gzzdmc: message-id=<002601d58a13$37025890$a50709b0$@gvtc.com>
Oct 24 02:32:28 MAIL-00 postfix/smtpd[12588]: disconnect from puck.nether.net[204.42.254.5] ehlo=2 starttls=1 mail=1 rcpt=1 data=1 quit=1 commands=7
Oct 24 02:32:32 MAIL-00 postfix/postscreen[10909]: dnsbl rank 5 for [103.129.47.51]:57606
Oct 24 02:32:32 MAIL-00 postfix/postscreen[10909]: disconnect [103.129.47.51]:57606
Oct 24 02:32:33 MAIL-00 postfix/postscreen[10909]: connect from [103.129.47.51]:53681 to [149.28.113.219]:25
Oct 24 02:32:33 MAIL-00 postfix/dnsblog[11966]: addr 103.129.47.51 listed by domain b.barracudacentral.org as 127.0.0.2
Oct 24 02:32:33 MAIL-00 postfix/dnsblog[12171]: addr 103.129.47.51 listed by domain zen.spamhaus.org as 127.0.0.3
Oct 24 02:32:33 MAIL-00 postfix/dnsblog[12171]: addr 103.129.47.51 listed by domain zen.spamhaus.org as 127.0.0.4
Oct 24 02:32:39 MAIL-00 postfix/postscreen[10909]: dnsbl rank 5 for [103.129.47.51]:53681
Oct 24 02:32:39 MAIL-00 postfix/postscreen[10909]: disconnect [103.129.47.51]:53681
Oct 24 02:32:44 MAIL-00 postfix/10025/smtpd[12595]: connect from localhost[127.0.0.1]
Oct 24 02:32:44 MAIL-00 postfix/10025/smtpd[12595]: 46zb9s5bvwzzdmd: client=localhost[127.0.0.1]
Oct 24 02:32:44 MAIL-00 postfix/cleanup[12590]: 46zb9s5bvwzzdmd: message-id=<002601d58a13$37025890$a50709b0$@gvtc.com>
Oct 24 02:32:44 MAIL-00 postfix/10025/smtpd[12595]: disconnect from localhost[127.0.0.1] ehlo=1 mail=1 rcpt=1 data=1 quit=1 commands=5
Oct 24 02:33:26 MAIL-00 postfix/postscreen[10909]: connect from [103.129.47.51]:34518 to [149.28.113.219]:25
Oct 24 02:33:26 MAIL-00 postfix/dnsblog[11659]: addr 103.129.47.51 listed by domain b.barracudacentral.org as 127.0.0.2
Oct 24 02:33:26 MAIL-00 postfix/dnsblog[11966]: addr 103.129.47.51 listed by domain zen.spamhaus.org as 127.0.0.3
Oct 24 02:33:26 MAIL-00 postfix/dnsblog[11966]: addr 103.129.47.51 listed by domain zen.spamhaus.org as 127.0.0.4
Oct 24 02:33:31 MAIL-00 postfix/postscreen[10909]: connect from [199.212.87.119]:38961 to [149.28.113.219]:25
Oct 24 02:33:31 MAIL-00 postfix/dnsblog[11966]: addr 199.212.87.119 listed by domain zen.spamhaus.org as 127.0.0.3
Oct 24 02:33:31 MAIL-00 postfix/dnsblog[12171]: addr 199.212.87.119 listed by domain b.barracudacentral.org as 127.0.0.2
Oct 24 02:33:32 MAIL-00 postfix/postscreen[10909]: dnsbl rank 5 for [103.129.47.51]:34518
Oct 24 02:33:32 MAIL-00 postfix/postscreen[10909]: disconnect [103.129.47.51]:34518
Oct 24 02:33:33 MAIL-00 postfix/postscreen[10909]: connect from [103.129.47.51]:40434 to [149.28.113.219]:25
Oct 24 02:33:33 MAIL-00 postfix/dnsblog[11659]: addr 103.129.47.51 listed by domain b.barracudacentral.org as 127.0.0.2
Oct 24 02:33:33 MAIL-00 postfix/dnsblog[11966]: addr 103.129.47.51 listed by domain zen.spamhaus.org as 127.0.0.3
Oct 24 02:33:33 MAIL-00 postfix/dnsblog[11966]: addr 103.129.47.51 listed by domain zen.spamhaus.org as 127.0.0.4
Oct 24 02:33:37 MAIL-00 postfix/postscreen[10909]: dnsbl rank 5 for [199.212.87.119]:38961
Oct 24 02:33:37 MAIL-00 postfix/postscreen[10909]: disconnect [199.212.87.119]:38961
Oct 24 02:33:39 MAIL-00 postfix/postscreen[10909]: dnsbl rank 5 for [103.129.47.51]:40434
Oct 24 02:33:39 MAIL-00 postfix/postscreen[10909]: disconnect [103.129.47.51]:40434
Oct 24 02:34:28 MAIL-00 postfix/postscreen[10909]: connect from [103.129.47.51]:45428 to [149.28.113.219]:25
Oct 24 02:34:28 MAIL-00 postfix/dnsblog[12171]: addr 103.129.47.51 listed by domain b.barracudacentral.org as 127.0.0.2
Oct 24 02:34:28 MAIL-00 postfix/dnsblog[11659]: addr 103.129.47.51 listed by domain zen.spamhaus.org as 127.0.0.3
Oct 24 02:34:28 MAIL-00 postfix/dnsblog[11659]: addr 103.129.47.51 listed by domain zen.spamhaus.org as 127.0.0.4
Oct 24 02:34:34 MAIL-00 postfix/postscreen[10909]: dnsbl rank 5 for [103.129.47.51]:45428
Oct 24 02:34:34 MAIL-00 postfix/postscreen[10909]: disconnect [103.129.47.51]:45428
Oct 24 02:34:34 MAIL-00 postfix/postscreen[10909]: connect from [103.129.47.51]:45623 to [149.28.113.219]:25
Oct 24 02:34:34 MAIL-00 postfix/dnsblog[11966]: addr 103.129.47.51 listed by domain b.barracudacentral.org as 127.0.0.2
Oct 24 02:34:34 MAIL-00 postfix/dnsblog[12171]: addr 103.129.47.51 listed by domain zen.spamhaus.org as 127.0.0.3
Oct 24 02:34:34 MAIL-00 postfix/dnsblog[12171]: addr 103.129.47.51 listed by domain zen.spamhaus.org as 127.0.0.4
Oct 24 02:34:40 MAIL-00 postfix/postscreen[10909]: dnsbl rank 5 for [103.129.47.51]:45623
Oct 24 02:34:40 MAIL-00 postfix/postscreen[10909]: disconnect [103.129.47.51]:45623
Oct 24 02:35:27 MAIL-00 postfix/postscreen[10909]: connect from [103.129.47.51]:59122 to [149.28.113.219]:25
Oct 24 02:35:27 MAIL-00 postfix/dnsblog[11659]: addr 103.129.47.51 listed by domain b.barracudacentral.org as 127.0.0.2
Oct 24 02:35:27 MAIL-00 postfix/dnsblog[11966]: addr 103.129.47.51 listed by domain zen.spamhaus.org as 127.0.0.3
Oct 24 02:35:27 MAIL-00 postfix/dnsblog[11966]: addr 103.129.47.51 listed by domain zen.spamhaus.org as 127.0.0.4
Oct 24 02:35:33 MAIL-00 postfix/postscreen[10909]: dnsbl rank 5 for [103.129.47.51]:59122
Oct 24 02:35:33 MAIL-00 postfix/postscreen[10909]: disconnect [103.129.47.51]:59122
Oct 24 02:35:34 MAIL-00 postfix/postscreen[10909]: connect from [103.129.47.51]:44342 to [149.28.113.219]:25
Oct 24 02:35:34 MAIL-00 postfix/dnsblog[12171]: addr 103.129.47.51 listed by domain b.barracudacentral.org as 127.0.0.2
Oct 24 02:35:34 MAIL-00 postfix/dnsblog[11659]: addr 103.129.47.51 listed by domain zen.spamhaus.org as 127.0.0.3
Oct 24 02:35:34 MAIL-00 postfix/dnsblog[11659]: addr 103.129.47.51 listed by domain zen.spamhaus.org as 127.0.0.4
Oct 24 02:35:40 MAIL-00 postfix/postscreen[10909]: dnsbl rank 5 for [103.129.47.51]:44342
Oct 24 02:35:40 MAIL-00 postfix/postscreen[10909]: disconnect [103.129.47.51]:44342
Oct 24 02:35:48 MAIL-00 postfix/anvil[12568]: statistics: max connection rate 1/60s for (smtpd:204.42.254.5) at oct 24 02:28:30
Oct 24 02:35:48 MAIL-00 postfix/anvil[12568]: statistics: max connection count 1 for (smtpd:204.42.254.5) at oct 24 02:28:30
Oct 24 02:35:48 MAIL-00 postfix/anvil[12568]: statistics: max cache size 3 at oct 24 02:31:04
Oct 24 02:36:21 MAIL-00 postfix/postscreen[10909]: connect from [190.146.127.30]:53108 to [149.28.113.219]:25
Oct 24 02:36:21 MAIL-00 postfix/dnsblog[11966]: addr 190.146.127.30 listed by domain b.barracudacentral.org as 127.0.0.2
Oct 24 02:36:27 MAIL-00 postfix/postscreen[10909]: dnsbl rank 2 for [190.146.127.30]:53108
Oct 24 02:36:27 MAIL-00 postfix/postscreen[10909]: disconnect [190.146.127.30]:53108
Oct 24 02:36:27 MAIL-00 postfix/postscreen[10909]: connect from [103.129.47.51]:44774 to [149.28.113.219]:25
Oct 24 02:36:27 MAIL-00 postfix/dnsblog[12171]: addr 103.129.47.51 listed by domain b.barracudacentral.org as 127.0.0.2
Oct 24 02:36:27 MAIL-00 postfix/dnsblog[11966]: addr 103.129.47.51 listed by domain zen.spamhaus.org as 127.0.0.3
Oct 24 02:36:27 MAIL-00 postfix/dnsblog[11966]: addr 103.129.47.51 listed by domain zen.spamhaus.org as 127.0.0.4
Oct 24 02:36:33 MAIL-00 postfix/postscreen[10909]: dnsbl rank 5 for [103.129.47.51]:44774
Oct 24 02:36:33 MAIL-00 postfix/postscreen[10909]: disconnect [103.129.47.51]:44774
Oct 24 02:36:34 MAIL-00 postfix/postscreen[10909]: connect from [103.129.47.51]:40649 to [149.28.113.219]:25
Oct 24 02:36:34 MAIL-00 postfix/dnsblog[12171]: addr 103.129.47.51 listed by domain zen.spamhaus.org as 127.0.0.3
Oct 24 02:36:34 MAIL-00 postfix/dnsblog[12171]: addr 103.129.47.51 listed by domain zen.spamhaus.org as 127.0.0.4
Oct 24 02:36:34 MAIL-00 postfix/dnsblog[11659]: addr 103.129.47.51 listed by domain b.barracudacentral.org as 127.0.0.2
Oct 24 02:36:40 MAIL-00 postfix/postscreen[10909]: dnsbl rank 5 for [103.129.47.51]:40649
Oct 24 02:36:40 MAIL-00 postfix/postscreen[10909]: disconnect [103.129.47.51]:40649
Oct 24 02:37:29 MAIL-00 postfix/postscreen[10909]: connect from [103.129.47.51]:54466 to [149.28.113.219]:25
Oct 24 02:37:29 MAIL-00 postfix/dnsblog[11966]: addr 103.129.47.51 listed by domain b.barracudacentral.org as 127.0.0.2
Oct 24 02:37:29 MAIL-00 postfix/dnsblog[12171]: addr 103.129.47.51 listed by domain zen.spamhaus.org as 127.0.0.3
Oct 24 02:37:29 MAIL-00 postfix/dnsblog[12171]: addr 103.129.47.51 listed by domain zen.spamhaus.org as 127.0.0.4
Oct 24 02:37:35 MAIL-00 postfix/postscreen[10909]: dnsbl rank 5 for [103.129.47.51]:54466
Oct 24 02:37:35 MAIL-00 postfix/postscreen[10909]: disconnect [103.129.47.51]:54466
Oct 24 02:37:36 MAIL-00 postfix/postscreen[10909]: connect from [103.129.47.51]:34851 to [149.28.113.219]:25
Oct 24 02:37:36 MAIL-00 postfix/dnsblog[11966]: addr 103.129.47.51 listed by domain zen.spamhaus.org as 127.0.0.3
Oct 24 02:37:36 MAIL-00 postfix/dnsblog[11659]: addr 103.129.47.51 listed by domain b.barracudacentral.org as 127.0.0.2
Oct 24 02:37:36 MAIL-00 postfix/dnsblog[11966]: addr 103.129.47.51 listed by domain zen.spamhaus.org as 127.0.0.4
Oct 24 02:37:42 MAIL-00 postfix/postscreen[10909]: dnsbl rank 5 for [103.129.47.51]:34851
Oct 24 02:37:42 MAIL-00 postfix/postscreen[10909]: disconnect [103.129.47.51]:34851
Oct 24 02:38:29 MAIL-00 postfix/postscreen[10909]: connect from [103.129.47.51]:54851 to [149.28.113.219]:25
Oct 24 02:38:29 MAIL-00 postfix/dnsblog[11659]: addr 103.129.47.51 listed by domain zen.spamhaus.org as 127.0.0.3
Oct 24 02:38:29 MAIL-00 postfix/dnsblog[12171]: addr 103.129.47.51 listed by domain b.barracudacentral.org as 127.0.0.2
Oct 24 02:38:29 MAIL-00 postfix/dnsblog[11659]: addr 103.129.47.51 listed by domain zen.spamhaus.org as 127.0.0.4
Oct 24 02:38:35 MAIL-00 postfix/postscreen[10909]: dnsbl rank 5 for [103.129.47.51]:54851
Oct 24 02:38:35 MAIL-00 postfix/postscreen[10909]: disconnect [103.129.47.51]:54851
Oct 24 02:38:36 MAIL-00 postfix/postscreen[10909]: connect from [103.129.47.51]:59131 to [149.28.113.219]:25
Oct 24 02:38:36 MAIL-00 postfix/dnsblog[11966]: addr 103.129.47.51 listed by domain b.barracudacentral.org as 127.0.0.2
Oct 24 02:38:36 MAIL-00 postfix/dnsblog[12171]: addr 103.129.47.51 listed by domain zen.spamhaus.org as 127.0.0.3
Oct 24 02:38:36 MAIL-00 postfix/dnsblog[12171]: addr 103.129.47.51 listed by domain zen.spamhaus.org as 127.0.0.4
Oct 24 02:38:42 MAIL-00 postfix/postscreen[10909]: dnsbl rank 5 for [103.129.47.51]:59131
Oct 24 02:38:42 MAIL-00 postfix/postscreen[10909]: disconnect [103.129.47.51]:59131
Oct 24 02:38:46 MAIL-00 postfix/postscreen[10909]: connect from [104.168.218.192]:45073 to [149.28.113.219]:25
Oct 24 02:38:46 MAIL-00 postfix/dnsblog[11659]: addr 104.168.218.192 listed by domain b.barracudacentral.org as 127.0.0.2
Oct 24 02:38:52 MAIL-00 postfix/postscreen[10909]: dnsbl rank 2 for [104.168.218.192]:45073
Oct 24 02:38:52 MAIL-00 postfix/postscreen[10909]: disconnect [104.168.218.192]:45073
Oct 24 02:39:15 MAIL-00 postfix/postscreen[10909]: connect from [31.220.0.154]:59992 to [149.28.113.219]:25
Oct 24 02:39:15 MAIL-00 postfix/dnsblog[12171]: addr 31.220.0.154 listed by domain b.barracudacentral.org as 127.0.0.2
Oct 24 02:39:21 MAIL-00 postfix/postscreen[10909]: dnsbl rank 2 for [31.220.0.154]:59992
Oct 24 02:39:21 MAIL-00 postfix/postscreen[10909]: disconnect [31.220.0.154]:59992
Oct 24 02:39:30 MAIL-00 postfix/postscreen[10909]: connect from [103.129.47.51]:43312 to [149.28.113.219]:25
Oct 24 02:39:30 MAIL-00 postfix/dnsblog[11966]: addr 103.129.47.51 listed by domain b.barracudacentral.org as 127.0.0.2
Oct 24 02:39:30 MAIL-00 postfix/dnsblog[12171]: addr 103.129.47.51 listed by domain zen.spamhaus.org as 127.0.0.3
Oct 24 02:39:30 MAIL-00 postfix/dnsblog[12171]: addr 103.129.47.51 listed by domain zen.spamhaus.org as 127.0.0.4
Oct 24 02:39:36 MAIL-00 postfix/postscreen[10909]: dnsbl rank 5 for [103.129.47.51]:43312
Oct 24 02:39:36 MAIL-00 postfix/postscreen[10909]: disconnect [103.129.47.51]:43312
Oct 24 02:39:36 MAIL-00 postfix/postscreen[10909]: connect from [103.129.47.51]:33696 to [149.28.113.219]:25
Oct 24 02:39:36 MAIL-00 postfix/dnsblog[11659]: addr 103.129.47.51 listed by domain b.barracudacentral.org as 127.0.0.2
Oct 24 02:39:36 MAIL-00 postfix/dnsblog[11966]: addr 103.129.47.51 listed by domain zen.spamhaus.org as 127.0.0.3
Oct 24 02:39:36 MAIL-00 postfix/dnsblog[11966]: addr 103.129.47.51 listed by domain zen.spamhaus.org as 127.0.0.4
Oct 24 02:39:42 MAIL-00 postfix/postscreen[10909]: dnsbl rank 5 for [103.129.47.51]:33696
Oct 24 02:39:42 MAIL-00 postfix/postscreen[10909]: disconnect [103.129.47.51]:33696
Oct 24 02:40:29 MAIL-00 postfix/postscreen[10909]: connect from [103.129.47.51]:54063 to [149.28.113.219]:25
Oct 24 02:40:29 MAIL-00 postfix/dnsblog[12171]: addr 103.129.47.51 listed by domain b.barracudacentral.org as 127.0.0.2
Oct 24 02:40:29 MAIL-00 postfix/dnsblog[11659]: addr 103.129.47.51 listed by domain zen.spamhaus.org as 127.0.0.3
Oct 24 02:40:29 MAIL-00 postfix/dnsblog[11659]: addr 103.129.47.51 listed by domain zen.spamhaus.org as 127.0.0.4
Oct 24 02:40:35 MAIL-00 postfix/postscreen[10909]: dnsbl rank 5 for [103.129.47.51]:54063
Oct 24 02:40:35 MAIL-00 postfix/postscreen[10909]: disconnect [103.129.47.51]:54063
Oct 24 02:40:36 MAIL-00 postfix/postscreen[10909]: connect from [103.129.47.51]:48395 to [149.28.113.219]:25
Oct 24 02:40:36 MAIL-00 postfix/dnsblog[11966]: addr 103.129.47.51 listed by domain b.barracudacentral.org as 127.0.0.2
Oct 24 02:40:36 MAIL-00 postfix/dnsblog[12171]: addr 103.129.47.51 listed by domain zen.spamhaus.org as 127.0.0.3
Oct 24 02:40:36 MAIL-00 postfix/dnsblog[12171]: addr 103.129.47.51 listed by domain zen.spamhaus.org as 127.0.0.4
Oct 24 02:40:42 MAIL-00 postfix/postscreen[10909]: dnsbl rank 5 for [103.129.47.51]:48395
Oct 24 02:40:42 MAIL-00 postfix/postscreen[10909]: disconnect [103.129.47.51]:48395
Oct 24 02:41:29 MAIL-00 postfix/postscreen[10909]: connect from [103.129.47.51]:58326 to [149.28.113.219]:25
Oct 24 02:41:29 MAIL-00 postfix/dnsblog[11659]: addr 103.129.47.51 listed by domain b.barracudacentral.org as 127.0.0.2
Oct 24 02:41:29 MAIL-00 postfix/dnsblog[12171]: addr 103.129.47.51 listed by domain zen.spamhaus.org as 127.0.0.3
Oct 24 02:41:29 MAIL-00 postfix/dnsblog[12171]: addr 103.129.47.51 listed by domain zen.spamhaus.org as 127.0.0.4
Oct 24 02:41:35 MAIL-00 postfix/postscreen[10909]: dnsbl rank 5 for [103.129.47.51]:58326
Oct 24 02:41:35 MAIL-00 postfix/postscreen[10909]: disconnect [103.129.47.51]:58326
Oct 24 02:41:36 MAIL-00 postfix/postscreen[10909]: connect from [103.129.47.51]:36711 to [149.28.113.219]:25
Oct 24 02:41:36 MAIL-00 postfix/dnsblog[11966]: addr 103.129.47.51 listed by domain b.barracudacentral.org as 127.0.0.2
Oct 24 02:41:36 MAIL-00 postfix/dnsblog[11659]: addr 103.129.47.51 listed by domain zen.spamhaus.org as 127.0.0.3
Oct 24 02:41:36 MAIL-00 postfix/dnsblog[11659]: addr 103.129.47.51 listed by domain zen.spamhaus.org as 127.0.0.4
Oct 24 02:41:42 MAIL-00 postfix/postscreen[10909]: dnsbl rank 5 for [103.129.47.51]:36711
Oct 24 02:41:42 MAIL-00 postfix/postscreen[10909]: disconnect [103.129.47.51]:36711
Oct 24 02:41:52 MAIL-00 postfix/postscreen[10909]: connect from [78.128.113.119]:7056 to [149.28.113.219]:25
Oct 24 02:41:52 MAIL-00 postfix/postscreen[10909]: pass old [78.128.113.119]:7056
Oct 24 02:41:52 MAIL-00 postfix/smtpd[12629]: warning: hostname ip-113-119.4vendeta.com does not resolve to address 78.128.113.119: hostname nor servname provided, or not known
Oct 24 02:41:52 MAIL-00 postfix/smtpd[12629]: connect from unknown[78.128.113.119]
Oct 24 02:41:53 MAIL-00 postfix/smtpd[12629]: lost connection after ehlo from unknown[78.128.113.119]
Oct 24 02:41:53 MAIL-00 postfix/smtpd[12629]: disconnect from unknown[78.128.113.119] ehlo=1 commands=1
Oct 24 02:41:53 MAIL-00 postfix/submission/smtpd[12632]: warning: hostname ip-113-119.4vendeta.com does not resolve to address 78.128.113.119: hostname nor servname provided, or not known
Oct 24 02:41:53 MAIL-00 postfix/submission/smtpd[12632]: connect from unknown[78.128.113.119]
Oct 24 02:41:53 MAIL-00 postfix/submission/smtpd[12632]: lost connection after ehlo from unknown[78.128.113.119]
Oct 24 02:41:53 MAIL-00 postfix/submission/smtpd[12632]: disconnect from unknown[78.128.113.119] ehlo=1 commands=1
Oct 24 02:42:29 MAIL-00 postfix/postscreen[10909]: connect from [103.129.47.51]:42833 to [149.28.113.219]:25
Oct 24 02:42:29 MAIL-00 postfix/dnsblog[11659]: addr 103.129.47.51 listed by domain b.barracudacentral.org as 127.0.0.2
Oct 24 02:42:29 MAIL-00 postfix/dnsblog[12171]: addr 103.129.47.51 listed by domain zen.spamhaus.org as 127.0.0.3
Oct 24 02:42:29 MAIL-00 postfix/dnsblog[12171]: addr 103.129.47.51 listed by domain zen.spamhaus.org as 127.0.0.4
Oct 24 02:42:35 MAIL-00 postfix/postscreen[10909]: dnsbl rank 5 for [103.129.47.51]:42833
Oct 24 02:42:35 MAIL-00 postfix/postscreen[10909]: disconnect [103.129.47.51]:42833
Oct 24 02:42:36 MAIL-00 postfix/postscreen[10909]: connect from [103.129.47.51]:57362 to [149.28.113.219]:25
Oct 24 02:42:36 MAIL-00 postfix/dnsblog[11659]: addr 103.129.47.51 listed by domain zen.spamhaus.org as 127.0.0.3
Oct 24 02:42:36 MAIL-00 postfix/dnsblog[11966]: addr 103.129.47.51 listed by domain b.barracudacentral.org as 127.0.0.2
Oct 24 02:42:36 MAIL-00 postfix/dnsblog[11659]: addr 103.129.47.51 listed by domain zen.spamhaus.org as 127.0.0.4
Oct 24 02:42:42 MAIL-00 postfix/postscreen[10909]: dnsbl rank 5 for [103.129.47.51]:57362
Oct 24 02:42:42 MAIL-00 postfix/postscreen[10909]: disconnect [103.129.47.51]:57362
Oct 24 02:43:22 MAIL-00 postfix/postscreen[10909]: connect from [94.230.130.91]:55214 to [149.28.113.219]:25
Oct 24 02:43:22 MAIL-00 postfix/dnsblog[12171]: addr 94.230.130.91 listed by domain b.barracudacentral.org as 127.0.0.2
Oct 24 02:43:22 MAIL-00 postfix/dnsblog[11966]: addr 94.230.130.91 listed by domain zen.spamhaus.org as 127.0.0.3
Oct 24 02:43:22 MAIL-00 postfix/dnsblog[11966]: addr 94.230.130.91 listed by domain zen.spamhaus.org as 127.0.0.4
Oct 24 02:43:22 MAIL-00 postfix/postscreen[10909]: pregreet 34 after 0.22 from [94.230.130.91]:55214: ehlo 94-230-134-77.k-telecom.org\r\n
Oct 24 02:43:22 MAIL-00 postfix/postscreen[10909]: disconnect [94.230.130.91]:55214
Oct 24 02:43:22 MAIL-00 postfix/postscreen[10909]: connect from [185.116.23.78]:54237 to [149.28.113.219]:25
Oct 24 02:43:22 MAIL-00 postfix/dnsblog[11659]: addr 185.116.23.78 listed by domain b.barracudacentral.org as 127.0.0.2
Oct 24 02:43:22 MAIL-00 postfix/dnsblog[12171]: addr 185.116.23.78 listed by domain zen.spamhaus.org as 127.0.0.3
Oct 24 02:43:22 MAIL-00 postfix/dnsblog[12171]: addr 185.116.23.78 listed by domain zen.spamhaus.org as 127.0.0.4
Oct 24 02:43:23 MAIL-00 postfix/postscreen[10909]: pregreet 19 after 0.6 from [185.116.23.78]:54237: ehlo luxexcess.it\r\n
Oct 24 02:43:23 MAIL-00 postfix/postscreen[10909]: disconnect [185.116.23.78]:54237
Oct 24 02:43:32 MAIL-00 postfix/postscreen[10909]: connect from [103.129.47.51]:36796 to [149.28.113.219]:25
Oct 24 02:43:32 MAIL-00 postfix/dnsblog[11966]: addr 103.129.47.51 listed by domain b.barracudacentral.org as 127.0.0.2
Oct 24 02:43:32 MAIL-00 postfix/dnsblog[11659]: addr 103.129.47.51 listed by domain zen.spamhaus.org as 127.0.0.3
Oct 24 02:43:32 MAIL-00 postfix/dnsblog[11659]: addr 103.129.47.51 listed by domain zen.spamhaus.org as 127.0.0.4
Oct 24 02:43:38 MAIL-00 postfix/postscreen[10909]: dnsbl rank 5 for [103.129.47.51]:36796
Oct 24 02:43:38 MAIL-00 postfix/postscreen[10909]: disconnect [103.129.47.51]:36796
Oct 24 02:43:39 MAIL-00 postfix/postscreen[10909]: connect from [103.129.47.51]:52407 to [149.28.113.219]:25
Oct 24 02:43:39 MAIL-00 postfix/dnsblog[12171]: addr 103.129.47.51 listed by domain b.barracudacentral.org as 127.0.0.2
Oct 24 02:43:39 MAIL-00 postfix/dnsblog[11966]: addr 103.129.47.51 listed by domain zen.spamhaus.org as 127.0.0.3
Oct 24 02:43:39 MAIL-00 postfix/dnsblog[11966]: addr 103.129.47.51 listed by domain zen.spamhaus.org as 127.0.0.4
Oct 24 02:43:45 MAIL-00 postfix/postscreen[10909]: dnsbl rank 5 for [103.129.47.51]:52407
Oct 24 02:43:45 MAIL-00 postfix/postscreen[10909]: disconnect [103.129.47.51]:52407
Oct 24 02:43:50 MAIL-00 postfix/postscreen[10909]: connect from [95.165.160.46]:37296 to [149.28.113.219]:25
Oct 24 02:43:50 MAIL-00 postfix/dnsblog[12171]: addr 95.165.160.46 listed by domain b.barracudacentral.org as 127.0.0.2
Oct 24 02:43:50 MAIL-00 postfix/dnsblog[11966]: addr 95.165.160.46 listed by domain zen.spamhaus.org as 127.0.0.3
Oct 24 02:43:50 MAIL-00 postfix/dnsblog[11966]: addr 95.165.160.46 listed by domain zen.spamhaus.org as 127.0.0.11
Oct 24 02:43:50 MAIL-00 postfix/dnsblog[11966]: addr 95.165.160.46 listed by domain zen.spamhaus.org as 127.0.0.4
Oct 24 02:43:52 MAIL-00 postfix/postscreen[10909]: pregreet 39 after 2.1 from [95.165.160.46]:37296: ehlo 95-165-160-46.static.spd-mgts.ru\r\n
Oct 24 02:43:52 MAIL-00 postfix/postscreen[10909]: disconnect [95.165.160.46]:37296
Oct 24 02:43:58 MAIL-00 postfix/postscreen[10909]: connect from [143.202.136.51]:54805 to [149.28.113.219]:25
Oct 24 02:43:58 MAIL-00 postfix/dnsblog[11966]: addr 143.202.136.51 listed by domain b.barracudacentral.org as 127.0.0.2
Oct 24 02:43:58 MAIL-00 postfix/dnsblog[12171]: addr 143.202.136.51 listed by domain zen.spamhaus.org as 127.0.0.3
Oct 24 02:43:58 MAIL-00 postfix/dnsblog[12171]: addr 143.202.136.51 listed by domain zen.spamhaus.org as 127.0.0.4
Oct 24 02:44:01 MAIL-00 postfix/postscreen[10909]: pregreet 17 after 2.7 from [143.202.136.51]:54805: ehlo luninet.it\r\n
Oct 24 02:44:01 MAIL-00 postfix/postscreen[10909]: disconnect [143.202.136.51]:54805
Oct 24 02:44:32 MAIL-00 postfix/postscreen[10909]: connect from [103.129.47.51]:51322 to [149.28.113.219]:25
Oct 24 02:44:32 MAIL-00 postfix/dnsblog[11966]: addr 103.129.47.51 listed by domain b.barracudacentral.org as 127.0.0.2
Oct 24 02:44:32 MAIL-00 postfix/dnsblog[12171]: addr 103.129.47.51 listed by domain zen.spamhaus.org as 127.0.0.3
Oct 24 02:44:32 MAIL-00 postfix/dnsblog[12171]: addr 103.129.47.51 listed by domain zen.spamhaus.org as 127.0.0.4
Oct 24 02:44:38 MAIL-00 postfix/postscreen[10909]: dnsbl rank 5 for [103.129.47.51]:51322
Oct 24 02:44:38 MAIL-00 postfix/postscreen[10909]: disconnect [103.129.47.51]:51322
Oct 24 02:44:38 MAIL-00 postfix/postscreen[10909]: connect from [45.82.153.76]:22164 to [149.28.113.219]:25
Oct 24 02:44:38 MAIL-00 postfix/dnsblog[12171]: addr 45.82.153.76 listed by domain zen.spamhaus.org as 127.0.0.3
Oct 24 02:44:38 MAIL-00 postfix/dnsblog[12171]: addr 45.82.153.76 listed by domain zen.spamhaus.org as 127.0.0.4
Oct 24 02:44:38 MAIL-00 postfix/postscreen[10909]: connect from [103.129.47.51]:48855 to [149.28.113.219]:25
Oct 24 02:44:38 MAIL-00 postfix/dnsblog[11966]: addr 103.129.47.51 listed by domain b.barracudacentral.org as 127.0.0.2
Oct 24 02:44:39 MAIL-00 postfix/dnsblog[12171]: addr 103.129.47.51 listed by domain zen.spamhaus.org as 127.0.0.3
Oct 24 02:44:39 MAIL-00 postfix/dnsblog[12171]: addr 103.129.47.51 listed by domain zen.spamhaus.org as 127.0.0.4
Oct 24 02:44:44 MAIL-00 postfix/postscreen[10909]: dnsbl rank 3 for [45.82.153.76]:22164
Oct 24 02:44:44 MAIL-00 postfix/postscreen[10909]: disconnect [45.82.153.76]:22164
Oct 24 02:44:44 MAIL-00 postfix/postscreen[10909]: dnsbl rank 5 for [103.129.47.51]:48855
Oct 24 02:44:44 MAIL-00 postfix/postscreen[10909]: disconnect [103.129.47.51]:48855
Oct 24 02:44:45 MAIL-00 postfix/submission/smtpd[12647]: connect from unknown[45.82.153.76]
Oct 24 02:44:47 MAIL-00 postfix/submission/smtpd[12647]: lost connection after ehlo from unknown[45.82.153.76]
Oct 24 02:44:47 MAIL-00 postfix/submission/smtpd[12647]: disconnect from unknown[45.82.153.76] ehlo=1 commands=1
Oct 24 02:44:50 MAIL-00 postfix/postscreen[10909]: connect from [209.85.166.42]:34698 to [149.28.113.219]:25
Oct 24 02:44:56 MAIL-00 postfix/postscreen[10909]: pass old [209.85.166.42]:34698
Oct 24 02:44:56 MAIL-00 postfix/smtpd[12650]: connect from mail-io1-f42.google.com[209.85.166.42]
Oct 24 02:44:56 MAIL-00 postfix/smtpd[12650]: anonymous tls connection established from mail-io1-f42.google.com[209.85.166.42]: tlsv1.2 with cipher ecdhe-rsa-aes128-gcm-sha256 (128/128 bits)
Oct 24 02:44:56 MAIL-00 postfix/smtpd[12650]: 46zbrx626gzzdmc: client=mail-io1-f42.google.com[209.85.166.42]
Oct 24 02:44:56 MAIL-00 postfix/cleanup[12652]: 46zbrx626gzzdmc: message-id=<0000000000002d692e05959f04b9@google.com>
Oct 24 02:44:56 MAIL-00 postfix/smtpd[12650]: disconnect from mail-io1-f42.google.com[209.85.166.42] ehlo=2 starttls=1 mail=1 rcpt=1 bdat=1 quit=1 commands=7
Oct 24 02:45:02 MAIL-00 postfix/10025/smtpd[12659]: connect from localhost[127.0.0.1]
Oct 24 02:45:02 MAIL-00 postfix/10025/smtpd[12659]: 46zbrf6qb7zzdmd: client=localhost[127.0.0.1]
Oct 24 02:45:02 MAIL-00 postfix/cleanup[12652]: 46zbrf6qb7zzdmd: message-id=<0000000000002d692e05959f04b9@google.com>
Oct 24 02:45:02 MAIL-00 postfix/10025/smtpd[12659]: disconnect from localhost[127.0.0.1] ehlo=1 mail=1 rcpt=1 data=1 quit=1 commands=5
Oct 24 02:45:32 MAIL-00 postfix/postscreen[10909]: connect from [103.129.47.51]:44001 to [149.28.113.219]:25
Oct 24 02:45:32 MAIL-00 postfix/dnsblog[11966]: addr 103.129.47.51 listed by domain b.barracudacentral.org as 127.0.0.2
Oct 24 02:45:32 MAIL-00 postfix/dnsblog[12171]: addr 103.129.47.51 listed by domain zen.spamhaus.org as 127.0.0.3
Oct 24 02:45:32 MAIL-00 postfix/dnsblog[12171]: addr 103.129.47.51 listed by domain zen.spamhaus.org as 127.0.0.4
Oct 24 02:45:38 MAIL-00 postfix/postscreen[10909]: dnsbl rank 5 for [103.129.47.51]:44001
Oct 24 02:45:38 MAIL-00 postfix/postscreen[10909]: disconnect [103.129.47.51]:44001
Oct 24 02:45:39 MAIL-00 postfix/postscreen[10909]: connect from [103.129.47.51]:54348 to [149.28.113.219]:25
Oct 24 02:45:39 MAIL-00 postfix/dnsblog[11966]: addr 103.129.47.51 listed by domain b.barracudacentral.org as 127.0.0.2
Oct 24 02:45:39 MAIL-00 postfix/dnsblog[12171]: addr 103.129.47.51 listed by domain zen.spamhaus.org as 127.0.0.3
Oct 24 02:45:39 MAIL-00 postfix/dnsblog[12171]: addr 103.129.47.51 listed by domain zen.spamhaus.org as 127.0.0.4
Oct 24 02:45:45 MAIL-00 postfix/postscreen[10909]: dnsbl rank 5 for [103.129.47.51]:54348
Oct 24 02:45:45 MAIL-00 postfix/postscreen[10909]: disconnect [103.129.47.51]:54348
Oct 24 02:46:32 MAIL-00 postfix/postscreen[10909]: connect from [103.129.47.51]:42872 to [149.28.113.219]:25
Oct 24 02:46:32 MAIL-00 postfix/dnsblog[12171]: addr 103.129.47.51 listed by domain b.barracudacentral.org as 127.0.0.2
Oct 24 02:46:32 MAIL-00 postfix/dnsblog[11966]: addr 103.129.47.51 listed by domain zen.spamhaus.org as 127.0.0.3
Oct 24 02:46:32 MAIL-00 postfix/dnsblog[11966]: addr 103.129.47.51 listed by domain zen.spamhaus.org as 127.0.0.4
Oct 24 02:46:38 MAIL-00 postfix/postscreen[10909]: dnsbl rank 5 for [103.129.47.51]:42872
Oct 24 02:46:38 MAIL-00 postfix/postscreen[10909]: disconnect [103.129.47.51]:42872
Oct 24 02:46:39 MAIL-00 postfix/postscreen[10909]: connect from [103.129.47.51]:50986 to [149.28.113.219]:25
Oct 24 02:46:39 MAIL-00 postfix/dnsblog[11966]: addr 103.129.47.51 listed by domain zen.spamhaus.org as 127.0.0.3
Oct 24 02:46:39 MAIL-00 postfix/dnsblog[11966]: addr 103.129.47.51 listed by domain zen.spamhaus.org as 127.0.0.4
Oct 24 02:46:39 MAIL-00 postfix/dnsblog[12171]: addr 103.129.47.51 listed by domain b.barracudacentral.org as 127.0.0.2
Oct 24 02:46:45 MAIL-00 postfix/postscreen[10909]: dnsbl rank 5 for [103.129.47.51]:50986
Oct 24 02:46:45 MAIL-00 postfix/postscreen[10909]: disconnect [103.129.47.51]:50986
Oct 24 02:47:34 MAIL-00 postfix/postscreen[10909]: connect from [103.129.47.51]:46495 to [149.28.113.219]:25
Oct 24 02:47:34 MAIL-00 postfix/dnsblog[11966]: addr 103.129.47.51 listed by domain b.barracudacentral.org as 127.0.0.2
Oct 24 02:47:34 MAIL-00 postfix/dnsblog[12171]: addr 103.129.47.51 listed by domain zen.spamhaus.org as 127.0.0.3
Oct 24 02:47:34 MAIL-00 postfix/dnsblog[12171]: addr 103.129.47.51 listed by domain zen.spamhaus.org as 127.0.0.4
Oct 24 02:47:40 MAIL-00 postfix/postscreen[10909]: dnsbl rank 5 for [103.129.47.51]:46495
Oct 24 02:47:40 MAIL-00 postfix/postscreen[10909]: disconnect [103.129.47.51]:46495
Oct 24 02:47:41 MAIL-00 postfix/postscreen[10909]: connect from [103.129.47.51]:32930 to [149.28.113.219]:25
Oct 24 02:47:41 MAIL-00 postfix/dnsblog[11966]: addr 103.129.47.51 listed by domain b.barracudacentral.org as 127.0.0.2
Oct 24 02:47:41 MAIL-00 postfix/dnsblog[12171]: addr 103.129.47.51 listed by domain zen.spamhaus.org as 127.0.0.3
Oct 24 02:47:41 MAIL-00 postfix/dnsblog[12171]: addr 103.129.47.51 listed by domain zen.spamhaus.org as 127.0.0.4
Oct 24 02:47:47 MAIL-00 postfix/postscreen[10909]: dnsbl rank 5 for [103.129.47.51]:32930
Oct 24 02:47:47 MAIL-00 postfix/postscreen[10909]: disconnect [103.129.47.51]:32930
Oct 24 02:48:16 MAIL-00 postfix/anvil[12631]: statistics: max connection rate 1/60s for (smtpd:78.128.113.119) at oct 24 02:41:52
Oct 24 02:48:16 MAIL-00 postfix/anvil[12631]: statistics: max connection count 1 for (smtpd:78.128.113.119) at oct 24 02:41:52
Oct 24 02:48:16 MAIL-00 postfix/anvil[12631]: statistics: max cache size 2 at oct 24 02:41:53
Oct 24 02:48:34 MAIL-00 postfix/postscreen[10909]: connect from [103.129.47.51]:47380 to [149.28.113.219]:25
Oct 24 02:48:34 MAIL-00 postfix/dnsblog[12171]: addr 103.129.47.51 listed by domain b.barracudacentral.org as 127.0.0.2
Oct 24 02:48:34 MAIL-00 postfix/dnsblog[11966]: addr 103.129.47.51 listed by domain zen.spamhaus.org as 127.0.0.3
Oct 24 02:48:34 MAIL-00 postfix/dnsblog[11966]: addr 103.129.47.51 listed by domain zen.spamhaus.org as 127.0.0.4
Oct 24 02:48:40 MAIL-00 postfix/postscreen[10909]: dnsbl rank 5 for [103.129.47.51]:47380
Oct 24 02:48:40 MAIL-00 postfix/postscreen[10909]: disconnect [103.129.47.51]:47380
Oct 24 02:48:41 MAIL-00 postfix/postscreen[10909]: connect from [103.129.47.51]:47884 to [149.28.113.219]:25
Oct 24 02:48:41 MAIL-00 postfix/dnsblog[12171]: addr 103.129.47.51 listed by domain b.barracudacentral.org as 127.0.0.2
Oct 24 02:48:41 MAIL-00 postfix/dnsblog[11966]: addr 103.129.47.51 listed by domain zen.spamhaus.org as 127.0.0.3
Oct 24 02:48:41 MAIL-00 postfix/dnsblog[11966]: addr 103.129.47.51 listed by domain zen.spamhaus.org as 127.0.0.4
Oct 24 02:48:47 MAIL-00 postfix/postscreen[10909]: dnsbl rank 5 for [103.129.47.51]:47884
Oct 24 02:48:47 MAIL-00 postfix/postscreen[10909]: disconnect [103.129.47.51]:47884
Oct 24 02:48:52 MAIL-00 postfix/postscreen[10909]: connect from [104.168.218.192]:49487 to [149.28.113.219]:25
Oct 24 02:48:52 MAIL-00 postfix/dnsblog[12171]: addr 104.168.218.192 listed by domain b.barracudacentral.org as 127.0.0.2
Oct 24 02:48:58 MAIL-00 postfix/postscreen[10909]: dnsbl rank 2 for [104.168.218.192]:49487
Oct 24 02:48:58 MAIL-00 postfix/postscreen[10909]: disconnect [104.168.218.192]:49487
Oct 24 02:48:58 MAIL-00 postfix/postscreen[10909]: connect from [193.56.28.121]:60294 to [149.28.113.219]:25
Oct 24 02:48:58 MAIL-00 postfix/dnsblog[11966]: addr 193.56.28.121 listed by domain zen.spamhaus.org as 127.0.0.3
Oct 24 02:48:58 MAIL-00 postfix/dnsblog[11966]: addr 193.56.28.121 listed by domain zen.spamhaus.org as 127.0.0.11
Oct 24 02:48:58 MAIL-00 postfix/dnsblog[11966]: addr 193.56.28.121 listed by domain zen.spamhaus.org as 127.0.0.4
Oct 24 02:48:58 MAIL-00 postfix/postscreen[10909]: pregreet 11 after 0.14 from [193.56.28.121]:60294: ehlo user\r\n
Oct 24 02:48:58 MAIL-00 postfix/postscreen[10909]: disconnect [193.56.28.121]:60294
Oct 24 02:49:20 MAIL-00 postfix/postscreen[10909]: connect from [31.220.0.154]:34091 to [149.28.113.219]:25
Oct 24 02:49:20 MAIL-00 postfix/dnsblog[11966]: addr 31.220.0.154 listed by domain b.barracudacentral.org as 127.0.0.2
Oct 24 02:49:26 MAIL-00 postfix/postscreen[10909]: dnsbl rank 2 for [31.220.0.154]:34091
Oct 24 02:49:26 MAIL-00 postfix/postscreen[10909]: disconnect [31.220.0.154]:34091
Oct 24 02:49:34 MAIL-00 postfix/postscreen[10909]: connect from [103.129.47.51]:46647 to [149.28.113.219]:25
Oct 24 02:49:34 MAIL-00 postfix/dnsblog[11966]: addr 103.129.47.51 listed by domain b.barracudacentral.org as 127.0.0.2
Oct 24 02:49:34 MAIL-00 postfix/dnsblog[12171]: addr 103.129.47.51 listed by domain zen.spamhaus.org as 127.0.0.3
Oct 24 02:49:34 MAIL-00 postfix/dnsblog[12171]: addr 103.129.47.51 listed by domain zen.spamhaus.org as 127.0.0.4
Oct 24 02:49:40 MAIL-00 postfix/postscreen[10909]: dnsbl rank 5 for [103.129.47.51]:46647
Oct 24 02:49:40 MAIL-00 postfix/postscreen[10909]: disconnect [103.129.47.51]:46647
Oct 24 02:49:41 MAIL-00 postfix/postscreen[10909]: connect from [103.129.47.51]:52360 to [149.28.113.219]:25
Oct 24 02:49:41 MAIL-00 postfix/dnsblog[12171]: addr 103.129.47.51 listed by domain b.barracudacentral.org as 127.0.0.2
Oct 24 02:49:41 MAIL-00 postfix/dnsblog[11966]: addr 103.129.47.51 listed by domain zen.spamhaus.org as 127.0.0.3
Oct 24 02:49:41 MAIL-00 postfix/dnsblog[11966]: addr 103.129.47.51 listed by domain zen.spamhaus.org as 127.0.0.4
Oct 24 02:49:47 MAIL-00 postfix/postscreen[10909]: dnsbl rank 5 for [103.129.47.51]:52360
Oct 24 02:49:47 MAIL-00 postfix/postscreen[10909]: disconnect [103.129.47.51]:52360
Oct 24 02:50:34 MAIL-00 postfix/postscreen[10909]: connect from [103.129.47.51]:42926 to [149.28.113.219]:25
Oct 24 02:50:34 MAIL-00 postfix/dnsblog[12171]: addr 103.129.47.51 listed by domain b.barracudacentral.org as 127.0.0.2
Oct 24 02:50:34 MAIL-00 postfix/dnsblog[11966]: addr 103.129.47.51 listed by domain zen.spamhaus.org as 127.0.0.3
Oct 24 02:50:34 MAIL-00 postfix/dnsblog[11966]: addr 103.129.47.51 listed by domain zen.spamhaus.org as 127.0.0.4
Oct 24 02:50:40 MAIL-00 postfix/postscreen[10909]: dnsbl rank 5 for [103.129.47.51]:42926
Oct 24 02:50:40 MAIL-00 postfix/postscreen[10909]: disconnect [103.129.47.51]:42926
Oct 24 02:50:41 MAIL-00 postfix/postscreen[10909]: connect from [103.129.47.51]:59480 to [149.28.113.219]:25
Oct 24 02:50:41 MAIL-00 postfix/dnsblog[11966]: addr 103.129.47.51 listed by domain zen.spamhaus.org as 127.0.0.3
Oct 24 02:50:41 MAIL-00 postfix/dnsblog[12171]: addr 103.129.47.51 listed by domain b.barracudacentral.org as 127.0.0.2
Oct 24 02:50:41 MAIL-00 postfix/dnsblog[11966]: addr 103.129.47.51 listed by domain zen.spamhaus.org as 127.0.0.4
Oct 24 02:50:47 MAIL-00 postfix/postscreen[10909]: dnsbl rank 5 for [103.129.47.51]:59480
Oct 24 02:50:47 MAIL-00 postfix/postscreen[10909]: disconnect [103.129.47.51]:59480
Oct 24 02:50:56 MAIL-00 postfix/postscreen[10909]: connect from [103.210.213.69]:50361 to [149.28.113.219]:25
Oct 24 02:50:56 MAIL-00 postfix/dnsblog[12171]: addr 103.210.213.69 listed by domain b.barracudacentral.org as 127.0.0.2
Oct 24 02:50:56 MAIL-00 postfix/dnsblog[11966]: addr 103.210.213.69 listed by domain zen.spamhaus.org as 127.0.0.2
Oct 24 02:50:56 MAIL-00 postfix/dnsblog[11966]: addr 103.210.213.69 listed by domain zen.spamhaus.org as 127.0.0.3
Oct 24 02:51:02 MAIL-00 postfix/postscreen[10909]: dnsbl rank 5 for [103.210.213.69]:50361
Oct 24 02:51:02 MAIL-00 postfix/postscreen[10909]: disconnect [103.210.213.69]:50361
Oct 24 02:51:24 MAIL-00 postfix/postscreen[10909]: connect from [212.126.108.172]:40849 to [149.28.113.219]:25
Oct 24 02:51:24 MAIL-00 postfix/dnsblog[12171]: addr 212.126.108.172 listed by domain b.barracudacentral.org as 127.0.0.2
Oct 24 02:51:24 MAIL-00 postfix/dnsblog[11966]: addr 212.126.108.172 listed by domain zen.spamhaus.org as 127.0.0.3
Oct 24 02:51:24 MAIL-00 postfix/dnsblog[11966]: addr 212.126.108.172 listed by domain zen.spamhaus.org as 127.0.0.11
Oct 24 02:51:24 MAIL-00 postfix/dnsblog[11966]: addr 212.126.108.172 listed by domain zen.spamhaus.org as 127.0.0.4
Oct 24 02:51:25 MAIL-00 postfix/postscreen[10909]: pregreet 14 after 0.56 from [212.126.108.172]:40849: ehlo loss.it\r\n
Oct 24 02:51:25 MAIL-00 postfix/postscreen[10909]: disconnect [212.126.108.172]:40849
Oct 24 02:51:34 MAIL-00 postfix/postscreen[10909]: connect from [103.129.47.51]:43466 to [149.28.113.219]:25
Oct 24 02:51:34 MAIL-00 postfix/dnsblog[12171]: addr 103.129.47.51 listed by domain b.barracudacentral.org as 127.0.0.2
Oct 24 02:51:34 MAIL-00 postfix/dnsblog[11966]: addr 103.129.47.51 listed by domain zen.spamhaus.org as 127.0.0.3
Oct 24 02:51:34 MAIL-00 postfix/dnsblog[11966]: addr 103.129.47.51 listed by domain zen.spamhaus.org as 127.0.0.4
Oct 24 02:51:40 MAIL-00 postfix/postscreen[10909]: dnsbl rank 5 for [103.129.47.51]:43466
Oct 24 02:51:40 MAIL-00 postfix/postscreen[10909]: disconnect [103.129.47.51]:43466
Oct 24 02:51:41 MAIL-00 postfix/postscreen[10909]: connect from [103.129.47.51]:52565 to [149.28.113.219]:25
Oct 24 02:51:41 MAIL-00 postfix/dnsblog[11966]: addr 103.129.47.51 listed by domain b.barracudacentral.org as 127.0.0.2
Oct 24 02:51:41 MAIL-00 postfix/dnsblog[12171]: addr 103.129.47.51 listed by domain zen.spamhaus.org as 127.0.0.3
Oct 24 02:51:41 MAIL-00 postfix/dnsblog[12171]: addr 103.129.47.51 listed by domain zen.spamhaus.org as 127.0.0.4
Oct 24 02:51:47 MAIL-00 postfix/postscreen[10909]: dnsbl rank 5 for [103.129.47.51]:52565
Oct 24 02:51:47 MAIL-00 postfix/postscreen[10909]: disconnect [103.129.47.51]:52565
Oct 24 02:52:34 MAIL-00 postfix/postscreen[10909]: connect from [103.129.47.51]:47347 to [149.28.113.219]:25
Oct 24 02:52:34 MAIL-00 postfix/dnsblog[11966]: addr 103.129.47.51 listed by domain b.barracudacentral.org as 127.0.0.2
Oct 24 02:52:34 MAIL-00 postfix/dnsblog[12171]: addr 103.129.47.51 listed by domain zen.spamhaus.org as 127.0.0.3
Oct 24 02:52:34 MAIL-00 postfix/dnsblog[12171]: addr 103.129.47.51 listed by domain zen.spamhaus.org as 127.0.0.4
Oct 24 02:52:40 MAIL-00 postfix/postscreen[10909]: dnsbl rank 5 for [103.129.47.51]:47347
Oct 24 02:52:40 MAIL-00 postfix/postscreen[10909]: disconnect [103.129.47.51]:47347
Oct 24 02:52:41 MAIL-00 postfix/postscreen[10909]: connect from [103.129.47.51]:50411 to [149.28.113.219]:25
Oct 24 02:52:41 MAIL-00 postfix/dnsblog[11966]: addr 103.129.47.51 listed by domain b.barracudacentral.org as 127.0.0.2
Oct 24 02:52:41 MAIL-00 postfix/dnsblog[12171]: addr 103.129.47.51 listed by domain zen.spamhaus.org as 127.0.0.3
Oct 24 02:52:41 MAIL-00 postfix/dnsblog[12171]: addr 103.129.47.51 listed by domain zen.spamhaus.org as 127.0.0.4
Oct 24 02:52:47 MAIL-00 postfix/postscreen[10909]: dnsbl rank 5 for [103.129.47.51]:50411
Oct 24 02:52:47 MAIL-00 postfix/postscreen[10909]: disconnect [103.129.47.51]:50411
Oct 24 02:53:34 MAIL-00 postfix/postscreen[10909]: connect from [103.129.47.51]:46264 to [149.28.113.219]:25
Oct 24 02:53:34 MAIL-00 postfix/dnsblog[11966]: addr 103.129.47.51 listed by domain b.barracudacentral.org as 127.0.0.2
Oct 24 02:53:34 MAIL-00 postfix/dnsblog[12171]: addr 103.129.47.51 listed by domain zen.spamhaus.org as 127.0.0.3
Oct 24 02:53:34 MAIL-00 postfix/dnsblog[12171]: addr 103.129.47.51 listed by domain zen.spamhaus.org as 127.0.0.4
Oct 24 02:53:40 MAIL-00 postfix/postscreen[10909]: dnsbl rank 5 for [103.129.47.51]:46264
Oct 24 02:53:40 MAIL-00 postfix/postscreen[10909]: disconnect [103.129.47.51]:46264
Oct 24 02:53:42 MAIL-00 postfix/postscreen[10909]: connect from [103.129.47.51]:36099 to [149.28.113.219]:25
Oct 24 02:53:42 MAIL-00 postfix/dnsblog[11966]: addr 103.129.47.51 listed by domain b.barracudacentral.org as 127.0.0.2
Oct 24 02:53:42 MAIL-00 postfix/dnsblog[12171]: addr 103.129.47.51 listed by domain zen.spamhaus.org as 127.0.0.3
Oct 24 02:53:42 MAIL-00 postfix/dnsblog[12171]: addr 103.129.47.51 listed by domain zen.spamhaus.org as 127.0.0.4
Oct 24 02:53:48 MAIL-00 postfix/postscreen[10909]: dnsbl rank 5 for [103.129.47.51]:36099
Oct 24 02:53:48 MAIL-00 postfix/postscreen[10909]: disconnect [103.129.47.51]:36099
Oct 24 02:54:34 MAIL-00 postfix/postscreen[10909]: connect from [103.129.47.51]:41039 to [149.28.113.219]:25
Oct 24 02:54:34 MAIL-00 postfix/dnsblog[12171]: addr 103.129.47.51 listed by domain b.barracudacentral.org as 127.0.0.2
Oct 24 02:54:34 MAIL-00 postfix/dnsblog[11966]: addr 103.129.47.51 listed by domain zen.spamhaus.org as 127.0.0.3
Oct 24 02:54:34 MAIL-00 postfix/dnsblog[11966]: addr 103.129.47.51 listed by domain zen.spamhaus.org as 127.0.0.4
Oct 24 02:54:41 MAIL-00 postfix/postscreen[10909]: dnsbl rank 5 for [103.129.47.51]:41039
Oct 24 02:54:41 MAIL-00 postfix/postscreen[10909]: disconnect [103.129.47.51]:41039
Oct 24 02:54:41 MAIL-00 postfix/postscreen[10909]: connect from [103.129.47.51]:48146 to [149.28.113.219]:25
Oct 24 02:54:41 MAIL-00 postfix/dnsblog[11966]: addr 103.129.47.51 listed by domain b.barracudacentral.org as 127.0.0.2
Oct 24 02:54:41 MAIL-00 postfix/dnsblog[12171]: addr 103.129.47.51 listed by domain zen.spamhaus.org as 127.0.0.3
Oct 24 02:54:41 MAIL-00 postfix/dnsblog[12171]: addr 103.129.47.51 listed by domain zen.spamhaus.org as 127.0.0.4
Oct 24 02:54:47 MAIL-00 postfix/postscreen[10909]: dnsbl rank 5 for [103.129.47.51]:48146
Oct 24 02:54:47 MAIL-00 postfix/postscreen[10909]: disconnect [103.129.47.51]:48146
Oct 24 02:55:37 MAIL-00 postfix/postscreen[10909]: connect from [103.129.47.51]:44781 to [149.28.113.219]:25
Oct 24 02:55:37 MAIL-00 postfix/dnsblog[11966]: addr 103.129.47.51 listed by domain b.barracudacentral.org as 127.0.0.2
Oct 24 02:55:37 MAIL-00 postfix/dnsblog[12171]: addr 103.129.47.51 listed by domain zen.spamhaus.org as 127.0.0.3
Oct 24 02:55:37 MAIL-00 postfix/dnsblog[12171]: addr 103.129.47.51 listed by domain zen.spamhaus.org as 127.0.0.4
Oct 24 02:55:38 MAIL-00 postfix/postscreen[10909]: connect from [92.86.33.126]:40049 to [149.28.113.219]:25
Oct 24 02:55:38 MAIL-00 postfix/dnsblog[11966]: addr 92.86.33.126 listed by domain b.barracudacentral.org as 127.0.0.2
Oct 24 02:55:38 MAIL-00 postfix/dnsblog[12171]: addr 92.86.33.126 listed by domain zen.spamhaus.org as 127.0.0.3
Oct 24 02:55:38 MAIL-00 postfix/dnsblog[12171]: addr 92.86.33.126 listed by domain zen.spamhaus.org as 127.0.0.4
Oct 24 02:55:39 MAIL-00 postfix/postscreen[10909]: pregreet 38 after 0.27 from [92.86.33.126]:40049: ehlo adsl92-86-33-126.romtelecom.net\r\n
Oct 24 02:55:39 MAIL-00 postfix/postscreen[10909]: disconnect [92.86.33.126]:40049
Oct 24 02:55:43 MAIL-00 postfix/postscreen[10909]: dnsbl rank 5 for [103.129.47.51]:44781
Oct 24 02:55:43 MAIL-00 postfix/postscreen[10909]: disconnect [103.129.47.51]:44781
Oct 24 02:55:43 MAIL-00 postfix/postscreen[10909]: connect from [103.129.47.51]:42577 to [149.28.113.219]:25
Oct 24 02:55:43 MAIL-00 postfix/dnsblog[11966]: addr 103.129.47.51 listed by domain b.barracudacentral.org as 127.0.0.2
Oct 24 02:55:43 MAIL-00 postfix/dnsblog[12171]: addr 103.129.47.51 listed by domain zen.spamhaus.org as 127.0.0.3
Oct 24 02:55:43 MAIL-00 postfix/dnsblog[12171]: addr 103.129.47.51 listed by domain zen.spamhaus.org as 127.0.0.4
Oct 24 02:55:44 MAIL-00 postfix/postscreen[10909]: connect from [209.85.166.50]:46783 to [149.28.113.219]:25
Oct 24 02:55:44 MAIL-00 postfix/postscreen[10909]: pass old [209.85.166.50]:46783
Oct 24 02:55:44 MAIL-00 postfix/smtpd[12692]: connect from mail-io1-f50.google.com[209.85.166.50]
Oct 24 02:55:44 MAIL-00 postfix/smtpd[12692]: anonymous tls connection established from mail-io1-f50.google.com[209.85.166.50]: tlsv1.2 with cipher ecdhe-rsa-aes128-gcm-sha256 (128/128 bits)
Oct 24 02:55:44 MAIL-00 postfix/smtpd[12692]: 46zbh03xynzzdmc: client=mail-io1-f50.google.com[209.85.166.50]
Oct 24 02:55:44 MAIL-00 postfix/cleanup[12696]: 46zbh03xynzzdmc: message-id=<0000000000003e11df05959f2b2e@google.com>
Oct 24 02:55:44 MAIL-00 postfix/smtpd[12692]: disconnect from mail-io1-f50.google.com[209.85.166.50] ehlo=2 starttls=1 mail=1 rcpt=1 bdat=1 quit=1 commands=7
Oct 24 02:55:48 MAIL-00 postfix/10025/smtpd[12701]: connect from localhost[127.0.0.1]
Oct 24 02:55:48 MAIL-00 postfix/10025/smtpd[12701]: 46zbh43vv2zzdmd: client=localhost[127.0.0.1]
Oct 24 02:55:48 MAIL-00 postfix/cleanup[12696]: 46zbh43vv2zzdmd: message-id=<0000000000003e11df05959f2b2e@google.com>
Oct 24 02:55:48 MAIL-00 postfix/10025/smtpd[12701]: disconnect from localhost[127.0.0.1] ehlo=1 mail=1 rcpt=1 data=1 quit=1 commands=5
Oct 24 02:55:49 MAIL-00 postfix/postscreen[10909]: dnsbl rank 5 for [103.129.47.51]:42577
Oct 24 02:55:49 MAIL-00 postfix/postscreen[10909]: disconnect [103.129.47.51]:42577
Oct 24 02:56:10 MAIL-00 postfix/postscreen[10909]: connect from [181.57.98.228]:52950 to [149.28.113.219]:25
Oct 24 02:56:10 MAIL-00 postfix/dnsblog[11966]: addr 181.57.98.228 listed by domain b.barracudacentral.org as 127.0.0.2
Oct 24 02:56:10 MAIL-00 postfix/dnsblog[12171]: addr 181.57.98.228 listed by domain zen.spamhaus.org as 127.0.0.3
Oct 24 02:56:10 MAIL-00 postfix/dnsblog[12171]: addr 181.57.98.228 listed by domain zen.spamhaus.org as 127.0.0.4
Oct 24 02:56:11 MAIL-00 postfix/postscreen[10909]: pregreet 40 after 0.58 from [181.57.98.228]:52950: ehlo static-ip-1815798228.cable.net.co\r\n
Oct 24 02:56:11 MAIL-00 postfix/postscreen[10909]: disconnect [181.57.98.228]:52950
Oct 24 02:56:12 MAIL-00 postfix/postscreen[10909]: connect from [190.14.170.196]:59465 to [149.28.113.219]:25
Oct 24 02:56:12 MAIL-00 postfix/dnsblog[11966]: addr 190.14.170.196 listed by domain b.barracudacentral.org as 127.0.0.2
Oct 24 02:56:12 MAIL-00 postfix/dnsblog[12171]: addr 190.14.170.196 listed by domain zen.spamhaus.org as 127.0.0.3
Oct 24 02:56:12 MAIL-00 postfix/dnsblog[12171]: addr 190.14.170.196 listed by domain zen.spamhaus.org as 127.0.0.11
Oct 24 02:56:12 MAIL-00 postfix/dnsblog[12171]: addr 190.14.170.196 listed by domain zen.spamhaus.org as 127.0.0.4
Oct 24 02:56:12 MAIL-00 postfix/postscreen[10909]: pregreet 54 after 0.64 from [190.14.170.196]:59465: ehlo customer-196.tpp.com.ar.170.14.190.in-addr.arpa\r\n
Oct 24 02:56:12 MAIL-00 postfix/postscreen[10909]: disconnect [190.14.170.196]:59465
Oct 24 02:56:37 MAIL-00 postfix/postscreen[10909]: connect from [103.129.47.51]:41857 to [149.28.113.219]:25
Oct 24 02:56:37 MAIL-00 postfix/dnsblog[12171]: addr 103.129.47.51 listed by domain zen.spamhaus.org as 127.0.0.3
Oct 24 02:56:37 MAIL-00 postfix/dnsblog[12171]: addr 103.129.47.51 listed by domain zen.spamhaus.org as 127.0.0.4
Oct 24 02:56:37 MAIL-00 postfix/dnsblog[11966]: addr 103.129.47.51 listed by domain b.barracudacentral.org as 127.0.0.2
Oct 24 02:56:43 MAIL-00 postfix/postscreen[10909]: dnsbl rank 5 for [103.129.47.51]:41857
Oct 24 02:56:43 MAIL-00 postfix/postscreen[10909]: disconnect [103.129.47.51]:41857
