Oct 24 00:00:00 MAIL-00 syslogd: restart
Oct 24 00:00:14 MAIL-00 postfix/postscreen[10909]: connect from [112.168.11.170]:59560 to [149.28.113.219]:25
Oct 24 00:00:14 MAIL-00 postfix/dnsblog[10911]: addr 112.168.11.170 listed by domain b.barracudacentral.org as 127.0.0.2
Oct 24 00:00:14 MAIL-00 postfix/dnsblog[11659]: addr 112.168.11.170 listed by domain zen.spamhaus.org as 127.0.0.3
Oct 24 00:00:14 MAIL-00 postfix/dnsblog[11659]: addr 112.168.11.170 listed by domain zen.spamhaus.org as 127.0.0.4
Oct 24 00:00:15 MAIL-00 postfix/postscreen[10909]: connect from [103.129.47.51]:38374 to [149.28.113.219]:25
Oct 24 00:00:15 MAIL-00 postfix/dnsblog[10911]: addr 103.129.47.51 listed by domain zen.spamhaus.org as 127.0.0.3
Oct 24 00:00:15 MAIL-00 postfix/dnsblog[10910]: addr 103.129.47.51 listed by domain b.barracudacentral.org as 127.0.0.2
Oct 24 00:00:15 MAIL-00 postfix/dnsblog[10911]: addr 103.129.47.51 listed by domain zen.spamhaus.org as 127.0.0.4
Oct 24 00:00:20 MAIL-00 postfix/postscreen[10909]: dnsbl rank 5 for [112.168.11.170]:59560
Oct 24 00:00:20 MAIL-00 postfix/postscreen[10909]: disconnect [112.168.11.170]:59560
Oct 24 00:00:21 MAIL-00 postfix/postscreen[10909]: dnsbl rank 5 for [103.129.47.51]:38374
Oct 24 00:00:21 MAIL-00 postfix/postscreen[10909]: disconnect [103.129.47.51]:38374
Oct 24 00:00:22 MAIL-00 postfix/postscreen[10909]: connect from [103.129.47.51]:50807 to [149.28.113.219]:25
Oct 24 00:00:22 MAIL-00 postfix/dnsblog[11659]: addr 103.129.47.51 listed by domain b.barracudacentral.org as 127.0.0.2
Oct 24 00:00:22 MAIL-00 postfix/dnsblog[10910]: addr 103.129.47.51 listed by domain zen.spamhaus.org as 127.0.0.3
Oct 24 00:00:22 MAIL-00 postfix/dnsblog[10910]: addr 103.129.47.51 listed by domain zen.spamhaus.org as 127.0.0.4
Oct 24 00:00:28 MAIL-00 postfix/postscreen[10909]: dnsbl rank 5 for [103.129.47.51]:50807
Oct 24 00:00:28 MAIL-00 postfix/postscreen[10909]: disconnect [103.129.47.51]:50807
Oct 24 00:00:35 MAIL-00 postfix/postscreen[10909]: connect from [47.254.178.255]:49362 to [149.28.113.219]:25
Oct 24 00:00:35 MAIL-00 postfix/postscreen[10909]: pregreet 2 after 0 from [47.254.178.255]:49362: \000\000
Oct 24 00:00:35 MAIL-00 postfix/postscreen[10909]: disconnect [47.254.178.255]:49362
Oct 24 00:00:35 MAIL-00 postfix/dnsblog[11659]: addr 47.254.178.255 listed by domain zen.spamhaus.org as 127.0.0.3
Oct 24 00:00:35 MAIL-00 postfix/dnsblog[11659]: addr 47.254.178.255 listed by domain zen.spamhaus.org as 127.0.0.4
Oct 24 00:00:35 MAIL-00 postfix/dnsblog[10911]: addr 47.254.178.255 listed by domain b.barracudacentral.org as 127.0.0.2
Oct 24 00:01:15 MAIL-00 postfix/postscreen[10909]: connect from [103.129.47.51]:45067 to [149.28.113.219]:25
Oct 24 00:01:15 MAIL-00 postfix/dnsblog[10910]: addr 103.129.47.51 listed by domain b.barracudacentral.org as 127.0.0.2
Oct 24 00:01:15 MAIL-00 postfix/dnsblog[11659]: addr 103.129.47.51 listed by domain zen.spamhaus.org as 127.0.0.3
Oct 24 00:01:15 MAIL-00 postfix/dnsblog[11659]: addr 103.129.47.51 listed by domain zen.spamhaus.org as 127.0.0.4
Oct 24 00:01:21 MAIL-00 postfix/postscreen[10909]: dnsbl rank 5 for [103.129.47.51]:45067
Oct 24 00:01:21 MAIL-00 postfix/postscreen[10909]: disconnect [103.129.47.51]:45067
Oct 24 00:01:21 MAIL-00 postfix/postscreen[10909]: connect from [103.129.47.51]:49238 to [149.28.113.219]:25
Oct 24 00:01:21 MAIL-00 postfix/dnsblog[10911]: addr 103.129.47.51 listed by domain b.barracudacentral.org as 127.0.0.2
Oct 24 00:01:21 MAIL-00 postfix/dnsblog[10910]: addr 103.129.47.51 listed by domain zen.spamhaus.org as 127.0.0.3
Oct 24 00:01:21 MAIL-00 postfix/dnsblog[10910]: addr 103.129.47.51 listed by domain zen.spamhaus.org as 127.0.0.4
Oct 24 00:01:28 MAIL-00 postfix/postscreen[10909]: dnsbl rank 5 for [103.129.47.51]:49238
Oct 24 00:01:28 MAIL-00 postfix/postscreen[10909]: disconnect [103.129.47.51]:49238
Oct 24 00:02:15 MAIL-00 postfix/postscreen[10909]: connect from [103.129.47.51]:43394 to [149.28.113.219]:25
Oct 24 00:02:15 MAIL-00 postfix/dnsblog[11659]: addr 103.129.47.51 listed by domain b.barracudacentral.org as 127.0.0.2
Oct 24 00:02:15 MAIL-00 postfix/dnsblog[10910]: addr 103.129.47.51 listed by domain zen.spamhaus.org as 127.0.0.3
Oct 24 00:02:15 MAIL-00 postfix/dnsblog[10910]: addr 103.129.47.51 listed by domain zen.spamhaus.org as 127.0.0.4
Oct 24 00:02:21 MAIL-00 postfix/postscreen[10909]: dnsbl rank 5 for [103.129.47.51]:43394
Oct 24 00:02:21 MAIL-00 postfix/postscreen[10909]: disconnect [103.129.47.51]:43394
Oct 24 00:02:22 MAIL-00 postfix/postscreen[10909]: connect from [103.129.47.51]:48627 to [149.28.113.219]:25
Oct 24 00:02:22 MAIL-00 postfix/dnsblog[10911]: addr 103.129.47.51 listed by domain b.barracudacentral.org as 127.0.0.2
Oct 24 00:02:22 MAIL-00 postfix/dnsblog[11659]: addr 103.129.47.51 listed by domain zen.spamhaus.org as 127.0.0.3
Oct 24 00:02:22 MAIL-00 postfix/dnsblog[11659]: addr 103.129.47.51 listed by domain zen.spamhaus.org as 127.0.0.4
Oct 24 00:02:28 MAIL-00 postfix/postscreen[10909]: dnsbl rank 5 for [103.129.47.51]:48627
Oct 24 00:02:28 MAIL-00 postfix/postscreen[10909]: disconnect [103.129.47.51]:48627
Oct 24 00:02:46 MAIL-00 postfix/submission/smtpd[11698]: warning: hostname 130.62.pppoe.mari-el.ru does not resolve to address 77.40.62.130: hostname nor servname provided, or not known
Oct 24 00:02:46 MAIL-00 postfix/submission/smtpd[11698]: connect from unknown[77.40.62.130]
Oct 24 00:02:46 MAIL-00 postfix/submission/smtpd[11698]: anonymous tls connection established from unknown[77.40.62.130]: tlsv1.2 with cipher aes256-sha (256/256 bits)
Oct 24 00:02:49 MAIL-00 postfix/submission/smtpd[11698]: warning: unknown[77.40.62.130]: sasl login authentication failed: ugfzc3dvcmq6
Oct 24 00:02:49 MAIL-00 postfix/submission/smtpd[11698]: disconnect from unknown[77.40.62.130] ehlo=2 starttls=1 auth=0/1 quit=1 commands=4/5
Oct 24 00:03:06 MAIL-00 postfix/postscreen[10909]: connect from [213.138.100.131]:48071 to [149.28.113.219]:25
Oct 24 00:03:06 MAIL-00 postfix/postscreen[10909]: pass old [213.138.100.131]:48071
Oct 24 00:03:09 MAIL-00 postfix/smtpd[11703]: connect from chilli.nosignal.org[213.138.100.131]
Oct 24 00:03:10 MAIL-00 postfix/smtpd[11703]: 46z6rt53dszzdmc: client=chilli.nosignal.org[213.138.100.131]
Oct 24 00:03:10 MAIL-00 postfix/cleanup[11705]: 46z6rt53dszzdmc: message-id=<6a572f5f-bd98-7463-08f6-4bcd6244a418@keycodes.com>
Oct 24 00:03:10 MAIL-00 postfix/smtpd[11703]: disconnect from chilli.nosignal.org[213.138.100.131] ehlo=1 mail=1 rcpt=1 data=1 quit=1 commands=5
Oct 24 00:03:15 MAIL-00 postfix/postscreen[10909]: connect from [103.129.47.51]:52598 to [149.28.113.219]:25
Oct 24 00:03:15 MAIL-00 postfix/dnsblog[10911]: addr 103.129.47.51 listed by domain zen.spamhaus.org as 127.0.0.3
Oct 24 00:03:15 MAIL-00 postfix/dnsblog[11659]: addr 103.129.47.51 listed by domain b.barracudacentral.org as 127.0.0.2
Oct 24 00:03:15 MAIL-00 postfix/dnsblog[10911]: addr 103.129.47.51 listed by domain zen.spamhaus.org as 127.0.0.4
Oct 24 00:03:16 MAIL-00 postfix/10025/smtpd[11710]: connect from localhost[127.0.0.1]
Oct 24 00:03:16 MAIL-00 postfix/10025/smtpd[11710]: 46z6s05ppzzzdmd: client=localhost[127.0.0.1]
Oct 24 00:03:16 MAIL-00 postfix/cleanup[11705]: 46z6s05ppzzzdmd: message-id=<6a572f5f-bd98-7463-08f6-4bcd6244a418@keycodes.com>
Oct 24 00:03:16 MAIL-00 postfix/10025/smtpd[11710]: disconnect from localhost[127.0.0.1] ehlo=1 mail=1 rcpt=1 data=1 quit=1 commands=5
Oct 24 00:03:21 MAIL-00 postfix/postscreen[10909]: dnsbl rank 5 for [103.129.47.51]:52598
Oct 24 00:03:21 MAIL-00 postfix/postscreen[10909]: disconnect [103.129.47.51]:52598
Oct 24 00:03:22 MAIL-00 postfix/postscreen[10909]: connect from [103.129.47.51]:44878 to [149.28.113.219]:25
Oct 24 00:03:22 MAIL-00 postfix/dnsblog[10910]: addr 103.129.47.51 listed by domain b.barracudacentral.org as 127.0.0.2
Oct 24 00:03:22 MAIL-00 postfix/dnsblog[11659]: addr 103.129.47.51 listed by domain zen.spamhaus.org as 127.0.0.3
Oct 24 00:03:22 MAIL-00 postfix/dnsblog[11659]: addr 103.129.47.51 listed by domain zen.spamhaus.org as 127.0.0.4
Oct 24 00:03:26 MAIL-00 postfix/postscreen[10909]: connect from [31.28.241.117]:48030 to [149.28.113.219]:25
Oct 24 00:03:26 MAIL-00 postfix/dnsblog[10911]: addr 31.28.241.117 listed by domain b.barracudacentral.org as 127.0.0.2
Oct 24 00:03:26 MAIL-00 postfix/dnsblog[11659]: addr 31.28.241.117 listed by domain zen.spamhaus.org as 127.0.0.3
Oct 24 00:03:26 MAIL-00 postfix/dnsblog[11659]: addr 31.28.241.117 listed by domain zen.spamhaus.org as 127.0.0.11
Oct 24 00:03:26 MAIL-00 postfix/dnsblog[11659]: addr 31.28.241.117 listed by domain zen.spamhaus.org as 127.0.0.4
Oct 24 00:03:27 MAIL-00 postfix/postscreen[10909]: pregreet 37 after 1 from [31.28.241.117]:48030: ehlo host-117-241-28-31.sevstar.net\r\n
Oct 24 00:03:27 MAIL-00 postfix/postscreen[10909]: disconnect [31.28.241.117]:48030
Oct 24 00:03:28 MAIL-00 postfix/postscreen[10909]: dnsbl rank 5 for [103.129.47.51]:44878
Oct 24 00:03:28 MAIL-00 postfix/postscreen[10909]: disconnect [103.129.47.51]:44878
Oct 24 00:03:32 MAIL-00 postfix/postscreen[10909]: connect from [209.13.96.163]:36127 to [149.28.113.219]:25
Oct 24 00:03:32 MAIL-00 postfix/dnsblog[10910]: addr 209.13.96.163 listed by domain b.barracudacentral.org as 127.0.0.2
Oct 24 00:03:32 MAIL-00 postfix/dnsblog[10911]: addr 209.13.96.163 listed by domain zen.spamhaus.org as 127.0.0.3
Oct 24 00:03:32 MAIL-00 postfix/dnsblog[10911]: addr 209.13.96.163 listed by domain zen.spamhaus.org as 127.0.0.4
Oct 24 00:03:33 MAIL-00 postfix/postscreen[10909]: pregreet 30 after 1.1 from [209.13.96.163]:36127: ehlo luissuniversitypress.it\r\n
Oct 24 00:03:33 MAIL-00 postfix/postscreen[10909]: disconnect [209.13.96.163]:36127
Oct 24 00:04:32 MAIL-00 postfix/postscreen[10909]: connect from [103.129.47.51]:45953 to [149.28.113.219]:25
Oct 24 00:04:32 MAIL-00 postfix/dnsblog[11659]: addr 103.129.47.51 listed by domain b.barracudacentral.org as 127.0.0.2
Oct 24 00:04:32 MAIL-00 postfix/dnsblog[10910]: addr 103.129.47.51 listed by domain zen.spamhaus.org as 127.0.0.3
Oct 24 00:04:32 MAIL-00 postfix/dnsblog[10910]: addr 103.129.47.51 listed by domain zen.spamhaus.org as 127.0.0.4
Oct 24 00:04:38 MAIL-00 postfix/postscreen[10909]: dnsbl rank 5 for [103.129.47.51]:45953
Oct 24 00:04:38 MAIL-00 postfix/postscreen[10909]: disconnect [103.129.47.51]:45953
Oct 24 00:04:39 MAIL-00 postfix/postscreen[10909]: connect from [103.129.47.51]:57105 to [149.28.113.219]:25
Oct 24 00:04:39 MAIL-00 postfix/dnsblog[10911]: addr 103.129.47.51 listed by domain b.barracudacentral.org as 127.0.0.2
Oct 24 00:04:39 MAIL-00 postfix/dnsblog[11659]: addr 103.129.47.51 listed by domain zen.spamhaus.org as 127.0.0.3
Oct 24 00:04:39 MAIL-00 postfix/dnsblog[11659]: addr 103.129.47.51 listed by domain zen.spamhaus.org as 127.0.0.4
Oct 24 00:04:45 MAIL-00 postfix/postscreen[10909]: dnsbl rank 5 for [103.129.47.51]:57105
Oct 24 00:04:45 MAIL-00 postfix/postscreen[10909]: disconnect [103.129.47.51]:57105
Oct 24 00:05:21 MAIL-00 postfix/postscreen[10909]: connect from [209.134.151.39]:36037 to [149.28.113.219]:25
Oct 24 00:05:27 MAIL-00 postfix/postscreen[10909]: pass new [209.134.151.39]:36037
Oct 24 00:05:27 MAIL-00 postfix/smtpd[11723]: connect from mailer151039.service.govdelivery.com[209.134.151.39]
Oct 24 00:05:28 MAIL-00 postfix/smtpd[11723]: 46z6vx5yqpzzdmc: client=mailer151039.service.govdelivery.com[209.134.151.39]
Oct 24 00:05:29 MAIL-00 postfix/cleanup[11726]: 46z6vx5yqpzzdmc: message-id=<16836690.5772433@public.govdelivery.com>
Oct 24 00:05:30 MAIL-00 postfix/smtpd[11723]: disconnect from mailer151039.service.govdelivery.com[209.134.151.39] ehlo=1 mail=1 rcpt=1 data=1 quit=1 commands=5
Oct 24 00:05:32 MAIL-00 postfix/postscreen[10909]: connect from [103.129.47.51]:56837 to [149.28.113.219]:25
Oct 24 00:05:32 MAIL-00 postfix/dnsblog[10911]: addr 103.129.47.51 listed by domain b.barracudacentral.org as 127.0.0.2
Oct 24 00:05:32 MAIL-00 postfix/dnsblog[10910]: addr 103.129.47.51 listed by domain zen.spamhaus.org as 127.0.0.3
Oct 24 00:05:32 MAIL-00 postfix/dnsblog[10910]: addr 103.129.47.51 listed by domain zen.spamhaus.org as 127.0.0.4
Oct 24 00:05:33 MAIL-00 postfix/10025/smtpd[11731]: connect from localhost[127.0.0.1]
Oct 24 00:05:33 MAIL-00 postfix/10025/smtpd[11731]: 46z6vd14pzzzdmd: client=localhost[127.0.0.1]
Oct 24 00:05:33 MAIL-00 postfix/cleanup[11726]: 46z6vd14pzzzdmd: message-id=<16836690.5772433@public.govdelivery.com>
Oct 24 00:05:33 MAIL-00 postfix/10025/smtpd[11731]: disconnect from localhost[127.0.0.1] ehlo=1 mail=1 rcpt=1 data=1 quit=1 commands=5
Oct 24 00:05:38 MAIL-00 postfix/postscreen[10909]: dnsbl rank 5 for [103.129.47.51]:56837
Oct 24 00:05:38 MAIL-00 postfix/postscreen[10909]: disconnect [103.129.47.51]:56837
Oct 24 00:05:39 MAIL-00 postfix/postscreen[10909]: connect from [103.129.47.51]:47541 to [149.28.113.219]:25
Oct 24 00:05:39 MAIL-00 postfix/dnsblog[11659]: addr 103.129.47.51 listed by domain b.barracudacentral.org as 127.0.0.2
Oct 24 00:05:39 MAIL-00 postfix/dnsblog[10911]: addr 103.129.47.51 listed by domain zen.spamhaus.org as 127.0.0.3
Oct 24 00:05:39 MAIL-00 postfix/dnsblog[10911]: addr 103.129.47.51 listed by domain zen.spamhaus.org as 127.0.0.4
Oct 24 00:05:45 MAIL-00 postfix/postscreen[10909]: dnsbl rank 5 for [103.129.47.51]:47541
Oct 24 00:05:45 MAIL-00 postfix/postscreen[10909]: disconnect [103.129.47.51]:47541
Oct 24 00:05:50 MAIL-00 postfix/postscreen[10909]: connect from [203.81.89.168]:53235 to [149.28.113.219]:25
Oct 24 00:05:55 MAIL-00 postfix/dnsblog[10910]: addr 203.81.89.168 listed by domain b.barracudacentral.org as 127.0.0.2
Oct 24 00:05:56 MAIL-00 postfix/postscreen[10909]: dnsbl rank 2 for [203.81.89.168]:53235
Oct 24 00:05:56 MAIL-00 postfix/postscreen[10909]: disconnect [203.81.89.168]:53235
Oct 24 00:06:32 MAIL-00 postfix/postscreen[10909]: connect from [103.129.47.51]:36557 to [149.28.113.219]:25
Oct 24 00:06:32 MAIL-00 postfix/dnsblog[10911]: addr 103.129.47.51 listed by domain b.barracudacentral.org as 127.0.0.2
Oct 24 00:06:32 MAIL-00 postfix/dnsblog[11659]: addr 103.129.47.51 listed by domain zen.spamhaus.org as 127.0.0.3
Oct 24 00:06:32 MAIL-00 postfix/dnsblog[11659]: addr 103.129.47.51 listed by domain zen.spamhaus.org as 127.0.0.4
Oct 24 00:06:38 MAIL-00 postfix/postscreen[10909]: dnsbl rank 5 for [103.129.47.51]:36557
Oct 24 00:06:38 MAIL-00 postfix/postscreen[10909]: disconnect [103.129.47.51]:36557
Oct 24 00:06:39 MAIL-00 postfix/postscreen[10909]: connect from [103.129.47.51]:57871 to [149.28.113.219]:25
Oct 24 00:06:39 MAIL-00 postfix/dnsblog[10910]: addr 103.129.47.51 listed by domain b.barracudacentral.org as 127.0.0.2
Oct 24 00:06:39 MAIL-00 postfix/dnsblog[10911]: addr 103.129.47.51 listed by domain zen.spamhaus.org as 127.0.0.3
Oct 24 00:06:39 MAIL-00 postfix/dnsblog[10911]: addr 103.129.47.51 listed by domain zen.spamhaus.org as 127.0.0.4
Oct 24 00:06:43 MAIL-00 postfix/postscreen[10909]: connect from [45.82.153.76]:38198 to [149.28.113.219]:25
Oct 24 00:06:43 MAIL-00 postfix/dnsblog[10911]: addr 45.82.153.76 listed by domain zen.spamhaus.org as 127.0.0.3
Oct 24 00:06:43 MAIL-00 postfix/dnsblog[10911]: addr 45.82.153.76 listed by domain zen.spamhaus.org as 127.0.0.4
Oct 24 00:06:45 MAIL-00 postfix/postscreen[10909]: dnsbl rank 5 for [103.129.47.51]:57871
Oct 24 00:06:45 MAIL-00 postfix/postscreen[10909]: disconnect [103.129.47.51]:57871
Oct 24 00:06:49 MAIL-00 postfix/postscreen[10909]: dnsbl rank 3 for [45.82.153.76]:38198
Oct 24 00:06:49 MAIL-00 postfix/postscreen[10909]: disconnect [45.82.153.76]:38198
Oct 24 00:06:51 MAIL-00 postfix/submission/smtpd[11734]: connect from unknown[45.82.153.76]
Oct 24 00:06:53 MAIL-00 postfix/submission/smtpd[11734]: lost connection after ehlo from unknown[45.82.153.76]
Oct 24 00:06:53 MAIL-00 postfix/submission/smtpd[11734]: disconnect from unknown[45.82.153.76] ehlo=1 commands=1
Oct 24 00:07:14 MAIL-00 postfix/postscreen[10909]: connect from [104.168.218.192]:46062 to [149.28.113.219]:25
Oct 24 00:07:14 MAIL-00 postfix/dnsblog[10910]: addr 104.168.218.192 listed by domain b.barracudacentral.org as 127.0.0.2
Oct 24 00:07:20 MAIL-00 postfix/postscreen[10909]: dnsbl rank 2 for [104.168.218.192]:46062
Oct 24 00:07:20 MAIL-00 postfix/postscreen[10909]: disconnect [104.168.218.192]:46062
Oct 24 00:07:39 MAIL-00 postfix/postscreen[10909]: connect from [103.129.47.51]:53853 to [149.28.113.219]:25
Oct 24 00:07:39 MAIL-00 postfix/dnsblog[10911]: addr 103.129.47.51 listed by domain b.barracudacentral.org as 127.0.0.2
Oct 24 00:07:39 MAIL-00 postfix/dnsblog[10910]: addr 103.129.47.51 listed by domain zen.spamhaus.org as 127.0.0.3
Oct 24 00:07:39 MAIL-00 postfix/dnsblog[10910]: addr 103.129.47.51 listed by domain zen.spamhaus.org as 127.0.0.4
Oct 24 00:07:45 MAIL-00 postfix/postscreen[10909]: dnsbl rank 5 for [103.129.47.51]:53853
Oct 24 00:07:45 MAIL-00 postfix/postscreen[10909]: disconnect [103.129.47.51]:53853
Oct 24 00:07:46 MAIL-00 postfix/postscreen[10909]: connect from [103.129.47.51]:38698 to [149.28.113.219]:25
Oct 24 00:07:46 MAIL-00 postfix/dnsblog[11659]: addr 103.129.47.51 listed by domain b.barracudacentral.org as 127.0.0.2
Oct 24 00:07:46 MAIL-00 postfix/dnsblog[10911]: addr 103.129.47.51 listed by domain zen.spamhaus.org as 127.0.0.3
Oct 24 00:07:46 MAIL-00 postfix/dnsblog[10911]: addr 103.129.47.51 listed by domain zen.spamhaus.org as 127.0.0.4
Oct 24 00:07:47 MAIL-00 postfix/postscreen[10909]: connect from [31.220.0.154]:39484 to [149.28.113.219]:25
Oct 24 00:07:47 MAIL-00 postfix/dnsblog[10910]: addr 31.220.0.154 listed by domain b.barracudacentral.org as 127.0.0.2
Oct 24 00:07:52 MAIL-00 postfix/postscreen[10909]: dnsbl rank 5 for [103.129.47.51]:38698
Oct 24 00:07:52 MAIL-00 postfix/postscreen[10909]: disconnect [103.129.47.51]:38698
Oct 24 00:07:53 MAIL-00 postfix/postscreen[10909]: dnsbl rank 2 for [31.220.0.154]:39484
Oct 24 00:07:53 MAIL-00 postfix/postscreen[10909]: disconnect [31.220.0.154]:39484
Oct 24 00:07:58 MAIL-00 postfix/postscreen[10909]: connect from [103.106.32.242]:58056 to [149.28.113.219]:25
Oct 24 00:07:58 MAIL-00 postfix/dnsblog[10911]: addr 103.106.32.242 listed by domain b.barracudacentral.org as 127.0.0.2
Oct 24 00:07:58 MAIL-00 postfix/dnsblog[10910]: addr 103.106.32.242 listed by domain zen.spamhaus.org as 127.0.0.3
Oct 24 00:07:58 MAIL-00 postfix/dnsblog[10910]: addr 103.106.32.242 listed by domain zen.spamhaus.org as 127.0.0.4
Oct 24 00:08:00 MAIL-00 postfix/postscreen[10909]: pregreet 19 after 1.6 from [103.106.32.242]:58056: ehlo lumsanews.it\r\n
Oct 24 00:08:00 MAIL-00 postfix/postscreen[10909]: disconnect [103.106.32.242]:58056
Oct 24 00:08:00 MAIL-00 postfix/postscreen[10909]: connect from [116.6.194.86]:46456 to [149.28.113.219]:25
Oct 24 00:08:00 MAIL-00 postfix/dnsblog[11659]: addr 116.6.194.86 listed by domain b.barracudacentral.org as 127.0.0.2
Oct 24 00:08:00 MAIL-00 postfix/dnsblog[10911]: addr 116.6.194.86 listed by domain zen.spamhaus.org as 127.0.0.4
Oct 24 00:08:05 MAIL-00 postfix/postscreen[10909]: connect from [186.219.58.246]:36956 to [149.28.113.219]:25
Oct 24 00:08:05 MAIL-00 postfix/dnsblog[10910]: addr 186.219.58.246 listed by domain b.barracudacentral.org as 127.0.0.2
Oct 24 00:08:05 MAIL-00 postfix/dnsblog[11659]: addr 186.219.58.246 listed by domain zen.spamhaus.org as 127.0.0.3
Oct 24 00:08:05 MAIL-00 postfix/dnsblog[11659]: addr 186.219.58.246 listed by domain zen.spamhaus.org as 127.0.0.4
Oct 24 00:08:06 MAIL-00 postfix/postscreen[10909]: dnsbl rank 5 for [116.6.194.86]:46456
Oct 24 00:08:06 MAIL-00 postfix/postscreen[10909]: disconnect [116.6.194.86]:46456
Oct 24 00:08:06 MAIL-00 postfix/postscreen[10909]: pregreet 42 after 1.1 from [186.219.58.246]:36956: ehlo 186-219-58-121.foxnetcacador.com.br\r\n
Oct 24 00:08:06 MAIL-00 postfix/postscreen[10909]: disconnect [186.219.58.246]:36956
Oct 24 00:08:39 MAIL-00 postfix/postscreen[10909]: connect from [103.129.47.51]:33991 to [149.28.113.219]:25
Oct 24 00:08:39 MAIL-00 postfix/dnsblog[10910]: addr 103.129.47.51 listed by domain zen.spamhaus.org as 127.0.0.3
Oct 24 00:08:39 MAIL-00 postfix/dnsblog[10911]: addr 103.129.47.51 listed by domain b.barracudacentral.org as 127.0.0.2
Oct 24 00:08:39 MAIL-00 postfix/dnsblog[10910]: addr 103.129.47.51 listed by domain zen.spamhaus.org as 127.0.0.4
Oct 24 00:08:45 MAIL-00 postfix/postscreen[10909]: dnsbl rank 5 for [103.129.47.51]:33991
Oct 24 00:08:45 MAIL-00 postfix/postscreen[10909]: disconnect [103.129.47.51]:33991
Oct 24 00:08:45 MAIL-00 postfix/postscreen[10909]: connect from [103.129.47.51]:43394 to [149.28.113.219]:25
Oct 24 00:08:45 MAIL-00 postfix/dnsblog[11659]: addr 103.129.47.51 listed by domain b.barracudacentral.org as 127.0.0.2
Oct 24 00:08:45 MAIL-00 postfix/dnsblog[10911]: addr 103.129.47.51 listed by domain zen.spamhaus.org as 127.0.0.3
Oct 24 00:08:45 MAIL-00 postfix/dnsblog[10911]: addr 103.129.47.51 listed by domain zen.spamhaus.org as 127.0.0.4
Oct 24 00:08:51 MAIL-00 postfix/postscreen[10909]: dnsbl rank 5 for [103.129.47.51]:43394
Oct 24 00:08:51 MAIL-00 postfix/postscreen[10909]: disconnect [103.129.47.51]:43394
Oct 24 00:08:52 MAIL-00 postfix/postscreen[10909]: connect from [209.85.166.53]:38935 to [149.28.113.219]:25
Oct 24 00:08:52 MAIL-00 postfix/postscreen[10909]: pass old [209.85.166.53]:38935
Oct 24 00:08:52 MAIL-00 postfix/smtpd[11735]: connect from mail-io1-f53.google.com[209.85.166.53]
Oct 24 00:08:52 MAIL-00 postfix/smtpd[11735]: anonymous tls connection established from mail-io1-f53.google.com[209.85.166.53]: tlsv1.2 with cipher ecdhe-rsa-aes128-gcm-sha256 (128/128 bits)
Oct 24 00:08:52 MAIL-00 postfix/smtpd[11735]: 46z6zs4cf5zzdmc: client=mail-io1-f53.google.com[209.85.166.53]
Oct 24 00:08:52 MAIL-00 postfix/cleanup[11738]: 46z6zs4cf5zzdmc: message-id=<0000000000007542b605959cd63c@google.com>
Oct 24 00:08:52 MAIL-00 postfix/smtpd[11735]: disconnect from mail-io1-f53.google.com[209.85.166.53] ehlo=2 starttls=1 mail=1 rcpt=1 bdat=1 quit=1 commands=7
Oct 24 00:08:54 MAIL-00 postfix/10025/smtpd[11743]: connect from localhost[127.0.0.1]
Oct 24 00:08:54 MAIL-00 postfix/10025/smtpd[11743]: 46z6zv2yplzzdmd: client=localhost[127.0.0.1]
Oct 24 00:08:54 MAIL-00 postfix/cleanup[11738]: 46z6zv2yplzzdmd: message-id=<0000000000007542b605959cd63c@google.com>
Oct 24 00:08:54 MAIL-00 postfix/10025/smtpd[11743]: disconnect from localhost[127.0.0.1] ehlo=1 mail=1 rcpt=1 data=1 quit=1 commands=5
Oct 24 00:09:01 MAIL-00 postfix/postscreen[10909]: connect from [209.85.166.50]:41428 to [149.28.113.219]:25
Oct 24 00:09:01 MAIL-00 postfix/postscreen[10909]: pass old [209.85.166.50]:41428
Oct 24 00:09:01 MAIL-00 postfix/smtpd[11735]: connect from mail-io1-f50.google.com[209.85.166.50]
Oct 24 00:09:01 MAIL-00 postfix/smtpd[11735]: anonymous tls connection established from mail-io1-f50.google.com[209.85.166.50]: tlsv1.2 with cipher ecdhe-rsa-aes128-gcm-sha256 (128/128 bits)
Oct 24 00:09:01 MAIL-00 postfix/smtpd[11735]: 46z6zd6rfxzzdmg: client=mail-io1-f50.google.com[209.85.166.50]
Oct 24 00:09:01 MAIL-00 postfix/cleanup[11738]: 46z6zd6rfxzzdmg: message-id=<0000000000000d23dd05959cd7b4@google.com>
Oct 24 00:09:01 MAIL-00 postfix/smtpd[11735]: disconnect from mail-io1-f50.google.com[209.85.166.50] ehlo=2 starttls=1 mail=1 rcpt=1 bdat=1 quit=1 commands=7
Oct 24 00:09:05 MAIL-00 postfix/10025/smtpd[11743]: connect from localhost[127.0.0.1]
Oct 24 00:09:05 MAIL-00 postfix/10025/smtpd[11743]: 46z6zj4hc4zzdmc: client=localhost[127.0.0.1]
Oct 24 00:09:05 MAIL-00 postfix/cleanup[11738]: 46z6zj4hc4zzdmc: message-id=<0000000000000d23dd05959cd7b4@google.com>
Oct 24 00:09:05 MAIL-00 postfix/10025/smtpd[11743]: disconnect from localhost[127.0.0.1] ehlo=1 mail=1 rcpt=1 data=1 quit=1 commands=5
Oct 24 00:09:39 MAIL-00 postfix/postscreen[10909]: connect from [103.129.47.51]:57476 to [149.28.113.219]:25
Oct 24 00:09:39 MAIL-00 postfix/dnsblog[11659]: addr 103.129.47.51 listed by domain b.barracudacentral.org as 127.0.0.2
Oct 24 00:09:39 MAIL-00 postfix/dnsblog[10911]: addr 103.129.47.51 listed by domain zen.spamhaus.org as 127.0.0.3
Oct 24 00:09:39 MAIL-00 postfix/dnsblog[10911]: addr 103.129.47.51 listed by domain zen.spamhaus.org as 127.0.0.4
Oct 24 00:09:45 MAIL-00 postfix/postscreen[10909]: dnsbl rank 5 for [103.129.47.51]:57476
Oct 24 00:09:45 MAIL-00 postfix/postscreen[10909]: disconnect [103.129.47.51]:57476
Oct 24 00:09:45 MAIL-00 postfix/postscreen[10909]: connect from [103.129.47.51]:55796 to [149.28.113.219]:25
Oct 24 00:09:45 MAIL-00 postfix/dnsblog[10910]: addr 103.129.47.51 listed by domain b.barracudacentral.org as 127.0.0.2
Oct 24 00:09:45 MAIL-00 postfix/dnsblog[10911]: addr 103.129.47.51 listed by domain zen.spamhaus.org as 127.0.0.3
Oct 24 00:09:45 MAIL-00 postfix/dnsblog[10911]: addr 103.129.47.51 listed by domain zen.spamhaus.org as 127.0.0.4
Oct 24 00:09:52 MAIL-00 postfix/postscreen[10909]: dnsbl rank 5 for [103.129.47.51]:55796
Oct 24 00:09:52 MAIL-00 postfix/postscreen[10909]: disconnect [103.129.47.51]:55796
Oct 24 00:10:42 MAIL-00 postfix/postscreen[10909]: connect from [103.129.47.51]:53582 to [149.28.113.219]:25
Oct 24 00:10:42 MAIL-00 postfix/dnsblog[11659]: addr 103.129.47.51 listed by domain b.barracudacentral.org as 127.0.0.2
Oct 24 00:10:42 MAIL-00 postfix/dnsblog[10911]: addr 103.129.47.51 listed by domain zen.spamhaus.org as 127.0.0.3
Oct 24 00:10:42 MAIL-00 postfix/dnsblog[10911]: addr 103.129.47.51 listed by domain zen.spamhaus.org as 127.0.0.4
Oct 24 00:10:48 MAIL-00 postfix/postscreen[10909]: dnsbl rank 5 for [103.129.47.51]:53582
Oct 24 00:10:48 MAIL-00 postfix/postscreen[10909]: disconnect [103.129.47.51]:53582
Oct 24 00:10:48 MAIL-00 postfix/postscreen[10909]: connect from [103.129.47.51]:57126 to [149.28.113.219]:25
Oct 24 00:10:48 MAIL-00 postfix/dnsblog[10910]: addr 103.129.47.51 listed by domain b.barracudacentral.org as 127.0.0.2
Oct 24 00:10:48 MAIL-00 postfix/dnsblog[11659]: addr 103.129.47.51 listed by domain zen.spamhaus.org as 127.0.0.3
Oct 24 00:10:48 MAIL-00 postfix/dnsblog[11659]: addr 103.129.47.51 listed by domain zen.spamhaus.org as 127.0.0.4
Oct 24 00:10:54 MAIL-00 postfix/postscreen[10909]: dnsbl rank 5 for [103.129.47.51]:57126
Oct 24 00:10:54 MAIL-00 postfix/postscreen[10909]: disconnect [103.129.47.51]:57126
Oct 24 00:11:36 MAIL-00 postfix/postscreen[10909]: connect from [78.128.113.119]:56112 to [149.28.113.219]:25
Oct 24 00:11:36 MAIL-00 postfix/postscreen[10909]: pass old [78.128.113.119]:56112
Oct 24 00:11:36 MAIL-00 postfix/smtpd[11775]: warning: hostname ip-113-119.4vendeta.com does not resolve to address 78.128.113.119: hostname nor servname provided, or not known
Oct 24 00:11:36 MAIL-00 postfix/smtpd[11775]: connect from unknown[78.128.113.119]
Oct 24 00:11:37 MAIL-00 postfix/smtpd[11775]: lost connection after ehlo from unknown[78.128.113.119]
Oct 24 00:11:37 MAIL-00 postfix/smtpd[11775]: disconnect from unknown[78.128.113.119] ehlo=1 commands=1
Oct 24 00:11:37 MAIL-00 postfix/submission/smtpd[11777]: warning: hostname ip-113-119.4vendeta.com does not resolve to address 78.128.113.119: hostname nor servname provided, or not known
Oct 24 00:11:37 MAIL-00 postfix/submission/smtpd[11777]: connect from unknown[78.128.113.119]
Oct 24 00:11:38 MAIL-00 postfix/submission/smtpd[11777]: lost connection after ehlo from unknown[78.128.113.119]
Oct 24 00:11:38 MAIL-00 postfix/submission/smtpd[11777]: disconnect from unknown[78.128.113.119] ehlo=1 commands=1
Oct 24 00:11:41 MAIL-00 postfix/postscreen[10909]: connect from [103.129.47.51]:41926 to [149.28.113.219]:25
Oct 24 00:11:41 MAIL-00 postfix/dnsblog[11659]: addr 103.129.47.51 listed by domain b.barracudacentral.org as 127.0.0.2
Oct 24 00:11:41 MAIL-00 postfix/dnsblog[10911]: addr 103.129.47.51 listed by domain zen.spamhaus.org as 127.0.0.3
Oct 24 00:11:41 MAIL-00 postfix/dnsblog[10911]: addr 103.129.47.51 listed by domain zen.spamhaus.org as 127.0.0.4
Oct 24 00:11:47 MAIL-00 postfix/postscreen[10909]: dnsbl rank 5 for [103.129.47.51]:41926
Oct 24 00:11:47 MAIL-00 postfix/postscreen[10909]: disconnect [103.129.47.51]:41926
Oct 24 00:11:48 MAIL-00 postfix/postscreen[10909]: connect from [103.129.47.51]:46418 to [149.28.113.219]:25
Oct 24 00:11:48 MAIL-00 postfix/dnsblog[10910]: addr 103.129.47.51 listed by domain b.barracudacentral.org as 127.0.0.2
Oct 24 00:11:48 MAIL-00 postfix/dnsblog[11659]: addr 103.129.47.51 listed by domain zen.spamhaus.org as 127.0.0.3
Oct 24 00:11:48 MAIL-00 postfix/dnsblog[11659]: addr 103.129.47.51 listed by domain zen.spamhaus.org as 127.0.0.4
Oct 24 00:11:54 MAIL-00 postfix/postscreen[10909]: dnsbl rank 5 for [103.129.47.51]:46418
Oct 24 00:11:54 MAIL-00 postfix/postscreen[10909]: disconnect [103.129.47.51]:46418
Oct 24 00:12:41 MAIL-00 postfix/postscreen[10909]: connect from [103.129.47.51]:45877 to [149.28.113.219]:25
Oct 24 00:12:41 MAIL-00 postfix/dnsblog[10910]: addr 103.129.47.51 listed by domain zen.spamhaus.org as 127.0.0.3
Oct 24 00:12:41 MAIL-00 postfix/dnsblog[10910]: addr 103.129.47.51 listed by domain zen.spamhaus.org as 127.0.0.4
Oct 24 00:12:41 MAIL-00 postfix/dnsblog[10911]: addr 103.129.47.51 listed by domain b.barracudacentral.org as 127.0.0.2
Oct 24 00:12:46 MAIL-00 postfix/anvil[11700]: statistics: max connection rate 1/60s for (submission:77.40.62.130) at oct 24 00:02:46
Oct 24 00:12:46 MAIL-00 postfix/anvil[11700]: statistics: max connection count 1 for (submission:77.40.62.130) at oct 24 00:02:46
Oct 24 00:12:46 MAIL-00 postfix/anvil[11700]: statistics: max cache size 2 at oct 24 00:03:09
Oct 24 00:12:47 MAIL-00 postfix/postscreen[10909]: dnsbl rank 5 for [103.129.47.51]:45877
Oct 24 00:12:47 MAIL-00 postfix/postscreen[10909]: disconnect [103.129.47.51]:45877
Oct 24 00:12:47 MAIL-00 postfix/postscreen[10909]: connect from [103.129.47.51]:51797 to [149.28.113.219]:25
Oct 24 00:12:47 MAIL-00 postfix/dnsblog[11659]: addr 103.129.47.51 listed by domain b.barracudacentral.org as 127.0.0.2
Oct 24 00:12:47 MAIL-00 postfix/dnsblog[10910]: addr 103.129.47.51 listed by domain zen.spamhaus.org as 127.0.0.3
Oct 24 00:12:47 MAIL-00 postfix/dnsblog[10910]: addr 103.129.47.51 listed by domain zen.spamhaus.org as 127.0.0.4
Oct 24 00:12:53 MAIL-00 postfix/postscreen[10909]: dnsbl rank 5 for [103.129.47.51]:51797
Oct 24 00:12:53 MAIL-00 postfix/postscreen[10909]: disconnect [103.129.47.51]:51797
Oct 24 00:13:41 MAIL-00 postfix/postscreen[10909]: connect from [103.129.47.51]:47039 to [149.28.113.219]:25
Oct 24 00:13:41 MAIL-00 postfix/dnsblog[10911]: addr 103.129.47.51 listed by domain b.barracudacentral.org as 127.0.0.2
Oct 24 00:13:41 MAIL-00 postfix/dnsblog[10910]: addr 103.129.47.51 listed by domain zen.spamhaus.org as 127.0.0.3
Oct 24 00:13:41 MAIL-00 postfix/dnsblog[10910]: addr 103.129.47.51 listed by domain zen.spamhaus.org as 127.0.0.4
Oct 24 00:13:47 MAIL-00 postfix/postscreen[10909]: dnsbl rank 5 for [103.129.47.51]:47039
Oct 24 00:13:47 MAIL-00 postfix/postscreen[10909]: disconnect [103.129.47.51]:47039
Oct 24 00:13:48 MAIL-00 postfix/postscreen[10909]: connect from [103.129.47.51]:46530 to [149.28.113.219]:25
Oct 24 00:13:48 MAIL-00 postfix/dnsblog[11659]: addr 103.129.47.51 listed by domain b.barracudacentral.org as 127.0.0.2
Oct 24 00:13:48 MAIL-00 postfix/dnsblog[10911]: addr 103.129.47.51 listed by domain zen.spamhaus.org as 127.0.0.3
Oct 24 00:13:48 MAIL-00 postfix/dnsblog[10911]: addr 103.129.47.51 listed by domain zen.spamhaus.org as 127.0.0.4
Oct 24 00:13:54 MAIL-00 postfix/postscreen[10909]: dnsbl rank 5 for [103.129.47.51]:46530
Oct 24 00:13:54 MAIL-00 postfix/postscreen[10909]: disconnect [103.129.47.51]:46530
Oct 24 00:14:41 MAIL-00 postfix/postscreen[10909]: connect from [103.129.47.51]:43361 to [149.28.113.219]:25
Oct 24 00:14:41 MAIL-00 postfix/dnsblog[10910]: addr 103.129.47.51 listed by domain b.barracudacentral.org as 127.0.0.2
Oct 24 00:14:41 MAIL-00 postfix/dnsblog[10911]: addr 103.129.47.51 listed by domain zen.spamhaus.org as 127.0.0.3
Oct 24 00:14:41 MAIL-00 postfix/dnsblog[10911]: addr 103.129.47.51 listed by domain zen.spamhaus.org as 127.0.0.4
Oct 24 00:14:47 MAIL-00 postfix/postscreen[10909]: dnsbl rank 5 for [103.129.47.51]:43361
Oct 24 00:14:47 MAIL-00 postfix/postscreen[10909]: disconnect [103.129.47.51]:43361
Oct 24 00:14:48 MAIL-00 postfix/postscreen[10909]: connect from [103.129.47.51]:36783 to [149.28.113.219]:25
Oct 24 00:14:48 MAIL-00 postfix/dnsblog[11659]: addr 103.129.47.51 listed by domain b.barracudacentral.org as 127.0.0.2
Oct 24 00:14:48 MAIL-00 postfix/dnsblog[10911]: addr 103.129.47.51 listed by domain zen.spamhaus.org as 127.0.0.3
Oct 24 00:14:48 MAIL-00 postfix/dnsblog[10911]: addr 103.129.47.51 listed by domain zen.spamhaus.org as 127.0.0.4
Oct 24 00:14:54 MAIL-00 postfix/postscreen[10909]: dnsbl rank 5 for [103.129.47.51]:36783
Oct 24 00:14:54 MAIL-00 postfix/postscreen[10909]: disconnect [103.129.47.51]:36783
Oct 24 00:15:41 MAIL-00 postfix/postscreen[10909]: connect from [103.129.47.51]:49128 to [149.28.113.219]:25
Oct 24 00:15:41 MAIL-00 postfix/dnsblog[10910]: addr 103.129.47.51 listed by domain b.barracudacentral.org as 127.0.0.2
Oct 24 00:15:41 MAIL-00 postfix/dnsblog[11659]: addr 103.129.47.51 listed by domain zen.spamhaus.org as 127.0.0.3
Oct 24 00:15:41 MAIL-00 postfix/dnsblog[11659]: addr 103.129.47.51 listed by domain zen.spamhaus.org as 127.0.0.4
Oct 24 00:15:47 MAIL-00 postfix/postscreen[10909]: dnsbl rank 5 for [103.129.47.51]:49128
Oct 24 00:15:47 MAIL-00 postfix/postscreen[10909]: disconnect [103.129.47.51]:49128
Oct 24 00:15:47 MAIL-00 postfix/postscreen[10909]: connect from [103.129.47.51]:40479 to [149.28.113.219]:25
Oct 24 00:15:47 MAIL-00 postfix/dnsblog[10911]: addr 103.129.47.51 listed by domain b.barracudacentral.org as 127.0.0.2
Oct 24 00:15:47 MAIL-00 postfix/dnsblog[11659]: addr 103.129.47.51 listed by domain zen.spamhaus.org as 127.0.0.3
Oct 24 00:15:47 MAIL-00 postfix/dnsblog[11659]: addr 103.129.47.51 listed by domain zen.spamhaus.org as 127.0.0.4
Oct 24 00:15:54 MAIL-00 postfix/postscreen[10909]: dnsbl rank 5 for [103.129.47.51]:40479
Oct 24 00:15:54 MAIL-00 postfix/postscreen[10909]: disconnect [103.129.47.51]:40479
Oct 24 00:16:08 MAIL-00 postfix/postscreen[10909]: connect from [200.93.224.222]:57962 to [149.28.113.219]:25
Oct 24 00:16:08 MAIL-00 postfix/dnsblog[11659]: addr 200.93.224.222 listed by domain zen.spamhaus.org as 127.0.0.3
Oct 24 00:16:08 MAIL-00 postfix/dnsblog[11659]: addr 200.93.224.222 listed by domain zen.spamhaus.org as 127.0.0.4
Oct 24 00:16:08 MAIL-00 postfix/dnsblog[10910]: addr 200.93.224.222 listed by domain b.barracudacentral.org as 127.0.0.2
Oct 24 00:16:09 MAIL-00 postfix/postscreen[10909]: pregreet 22 after 0.52 from [200.93.224.222]:57962: ehlo lusettitours.it\r\n
Oct 24 00:16:09 MAIL-00 postfix/postscreen[10909]: disconnect [200.93.224.222]:57962
Oct 24 00:16:09 MAIL-00 postfix/postscreen[10909]: connect from [95.80.252.189]:33521 to [149.28.113.219]:25
Oct 24 00:16:09 MAIL-00 postfix/dnsblog[10911]: addr 95.80.252.189 listed by domain b.barracudacentral.org as 127.0.0.2
Oct 24 00:16:09 MAIL-00 postfix/dnsblog[11659]: addr 95.80.252.189 listed by domain zen.spamhaus.org as 127.0.0.3
Oct 24 00:16:09 MAIL-00 postfix/dnsblog[11659]: addr 95.80.252.189 listed by domain zen.spamhaus.org as 127.0.0.4
Oct 24 00:16:09 MAIL-00 postfix/postscreen[10909]: pregreet 24 after 0.27 from [95.80.252.189]:33521: ehlo luxurybusiness.it\r\n
Oct 24 00:16:09 MAIL-00 postfix/postscreen[10909]: disconnect [95.80.252.189]:33521
Oct 24 00:16:22 MAIL-00 postfix/postscreen[10909]: connect from [190.146.127.30]:55264 to [149.28.113.219]:25
Oct 24 00:16:22 MAIL-00 postfix/dnsblog[10910]: addr 190.146.127.30 listed by domain b.barracudacentral.org as 127.0.0.2
Oct 24 00:16:28 MAIL-00 postfix/postscreen[10909]: dnsbl rank 2 for [190.146.127.30]:55264
Oct 24 00:16:28 MAIL-00 postfix/postscreen[10909]: disconnect [190.146.127.30]:55264
Oct 24 00:16:41 MAIL-00 postfix/postscreen[10909]: connect from [185.236.203.174]:52670 to [149.28.113.219]:25
Oct 24 00:16:41 MAIL-00 postfix/postscreen[10909]: pass old [185.236.203.174]:52670
Oct 24 00:16:41 MAIL-00 postfix/smtpd[11786]: warning: hostname no-mans-land.m247.com does not resolve to address 185.236.203.174: hostname nor servname provided, or not known
Oct 24 00:16:41 MAIL-00 postfix/smtpd[11786]: connect from unknown[185.236.203.174]
Oct 24 00:16:41 MAIL-00 postfix/postscreen[10909]: connect from [103.129.47.51]:49519 to [149.28.113.219]:25
Oct 24 00:16:41 MAIL-00 postfix/dnsblog[10911]: addr 103.129.47.51 listed by domain b.barracudacentral.org as 127.0.0.2
Oct 24 00:16:41 MAIL-00 postfix/dnsblog[11659]: addr 103.129.47.51 listed by domain zen.spamhaus.org as 127.0.0.3
Oct 24 00:16:41 MAIL-00 postfix/dnsblog[11659]: addr 103.129.47.51 listed by domain zen.spamhaus.org as 127.0.0.4
Oct 24 00:16:42 MAIL-00 postfix/smtpd[11786]: 46z78v3bg1zzdmc: client=unknown[185.236.203.174]
Oct 24 00:16:42 MAIL-00 postfix/cleanup[11790]: 46z78v3bg1zzdmc: message-id=<20191023171641.309d58d84e2e2484@globalpaymentsinc.com>
Oct 24 00:16:43 MAIL-00 postfix/smtpd[11786]: disconnect from unknown[185.236.203.174] ehlo=1 mail=1 rcpt=1 data=1 quit=1 commands=5
Oct 24 00:16:44 MAIL-00 postfix/10025/smtpd[11795]: connect from localhost[127.0.0.1]
Oct 24 00:16:44 MAIL-00 postfix/10025/smtpd[11795]: 46z78x442pzzdmd: client=localhost[127.0.0.1]
Oct 24 00:16:44 MAIL-00 postfix/cleanup[11790]: 46z78x442pzzdmd: message-id=<20191023171641.309d58d84e2e2484@globalpaymentsinc.com>
Oct 24 00:16:44 MAIL-00 postfix/10025/smtpd[11795]: disconnect from localhost[127.0.0.1] ehlo=1 mail=1 rcpt=1 data=1 quit=1 commands=5
Oct 24 00:16:47 MAIL-00 postfix/postscreen[10909]: dnsbl rank 5 for [103.129.47.51]:49519
Oct 24 00:16:47 MAIL-00 postfix/postscreen[10909]: disconnect [103.129.47.51]:49519
Oct 24 00:16:48 MAIL-00 postfix/postscreen[10909]: connect from [103.129.47.51]:51754 to [149.28.113.219]:25
Oct 24 00:16:48 MAIL-00 postfix/dnsblog[10910]: addr 103.129.47.51 listed by domain b.barracudacentral.org as 127.0.0.2
Oct 24 00:16:48 MAIL-00 postfix/dnsblog[10911]: addr 103.129.47.51 listed by domain zen.spamhaus.org as 127.0.0.3
Oct 24 00:16:48 MAIL-00 postfix/dnsblog[10911]: addr 103.129.47.51 listed by domain zen.spamhaus.org as 127.0.0.4
Oct 24 00:16:54 MAIL-00 postfix/postscreen[10909]: dnsbl rank 5 for [103.129.47.51]:51754
Oct 24 00:16:54 MAIL-00 postfix/postscreen[10909]: disconnect [103.129.47.51]:51754
Oct 24 00:17:07 MAIL-00 postfix/submission/smtpd[11802]: connect from 187.ip-149-56-45.net[149.56.45.187]
Oct 24 00:17:07 MAIL-00 postfix/submission/smtpd[11802]: disconnect from 187.ip-149-56-45.net[149.56.45.187] ehlo=1 auth=0/1 quit=1 commands=2/3
Oct 24 00:17:20 MAIL-00 postfix/postscreen[10909]: connect from [104.168.218.192]:57937 to [149.28.113.219]:25
Oct 24 00:17:20 MAIL-00 postfix/dnsblog[11659]: addr 104.168.218.192 listed by domain b.barracudacentral.org as 127.0.0.2
Oct 24 00:17:26 MAIL-00 postfix/postscreen[10909]: dnsbl rank 2 for [104.168.218.192]:57937
Oct 24 00:17:26 MAIL-00 postfix/postscreen[10909]: disconnect [104.168.218.192]:57937
Oct 24 00:17:37 MAIL-00 postfix/postscreen[10909]: connect from [58.18.5.154]:53287 to [149.28.113.219]:25
Oct 24 00:17:37 MAIL-00 postfix/dnsblog[10910]: addr 58.18.5.154 listed by domain b.barracudacentral.org as 127.0.0.2
Oct 24 00:17:37 MAIL-00 postfix/dnsblog[11659]: addr 58.18.5.154 listed by domain zen.spamhaus.org as 127.0.0.4
Oct 24 00:17:37 MAIL-00 postfix/postscreen[10909]: pregreet 20 after 0.23 from [58.18.5.154]:53287: ehlo [58.18.5.154]\r\n
Oct 24 00:17:37 MAIL-00 postfix/postscreen[10909]: disconnect [58.18.5.154]:53287
Oct 24 00:17:41 MAIL-00 postfix/postscreen[10909]: connect from [103.129.47.51]:51908 to [149.28.113.219]:25
Oct 24 00:17:41 MAIL-00 postfix/dnsblog[10911]: addr 103.129.47.51 listed by domain b.barracudacentral.org as 127.0.0.2
Oct 24 00:17:41 MAIL-00 postfix/dnsblog[10910]: addr 103.129.47.51 listed by domain zen.spamhaus.org as 127.0.0.3
Oct 24 00:17:41 MAIL-00 postfix/dnsblog[10910]: addr 103.129.47.51 listed by domain zen.spamhaus.org as 127.0.0.4
Oct 24 00:17:43 MAIL-00 postfix/postscreen[10909]: connect from [92.87.52.6]:39057 to [149.28.113.219]:25
Oct 24 00:17:43 MAIL-00 postfix/dnsblog[11659]: addr 92.87.52.6 listed by domain b.barracudacentral.org as 127.0.0.2
Oct 24 00:17:43 MAIL-00 postfix/dnsblog[10911]: addr 92.87.52.6 listed by domain zen.spamhaus.org as 127.0.0.3
Oct 24 00:17:43 MAIL-00 postfix/dnsblog[10911]: addr 92.87.52.6 listed by domain zen.spamhaus.org as 127.0.0.4
Oct 24 00:17:43 MAIL-00 postfix/postscreen[10909]: pregreet 24 after 0.42 from [92.87.52.6]:39057: ehlo lombardiplants.it\r\n
Oct 24 00:17:43 MAIL-00 postfix/postscreen[10909]: disconnect [92.87.52.6]:39057
Oct 24 00:17:45 MAIL-00 postfix/postscreen[10909]: connect from [41.170.12.92]:40716 to [149.28.113.219]:25
Oct 24 00:17:45 MAIL-00 postfix/dnsblog[10910]: addr 41.170.12.92 listed by domain b.barracudacentral.org as 127.0.0.2
Oct 24 00:17:45 MAIL-00 postfix/dnsblog[11659]: addr 41.170.12.92 listed by domain zen.spamhaus.org as 127.0.0.3
Oct 24 00:17:45 MAIL-00 postfix/dnsblog[11659]: addr 41.170.12.92 listed by domain zen.spamhaus.org as 127.0.0.4
Oct 24 00:17:46 MAIL-00 postfix/postscreen[10909]: pregreet 19 after 0.98 from [41.170.12.92]:40716: ehlo lowimpact.it\r\n
Oct 24 00:17:46 MAIL-00 postfix/postscreen[10909]: disconnect [41.170.12.92]:40716
Oct 24 00:17:47 MAIL-00 postfix/postscreen[10909]: dnsbl rank 5 for [103.129.47.51]:51908
Oct 24 00:17:47 MAIL-00 postfix/postscreen[10909]: disconnect [103.129.47.51]:51908
Oct 24 00:17:47 MAIL-00 postfix/postscreen[10909]: connect from [103.129.47.51]:51651 to [149.28.113.219]:25
Oct 24 00:17:47 MAIL-00 postfix/dnsblog[10911]: addr 103.129.47.51 listed by domain b.barracudacentral.org as 127.0.0.2
Oct 24 00:17:47 MAIL-00 postfix/dnsblog[10910]: addr 103.129.47.51 listed by domain zen.spamhaus.org as 127.0.0.3
Oct 24 00:17:47 MAIL-00 postfix/dnsblog[10910]: addr 103.129.47.51 listed by domain zen.spamhaus.org as 127.0.0.4
Oct 24 00:17:53 MAIL-00 postfix/postscreen[10909]: dnsbl rank 5 for [103.129.47.51]:51651
Oct 24 00:17:53 MAIL-00 postfix/postscreen[10909]: disconnect [103.129.47.51]:51651
Oct 24 00:17:53 MAIL-00 postfix/postscreen[10909]: connect from [31.220.0.154]:60614 to [149.28.113.219]:25
Oct 24 00:17:53 MAIL-00 postfix/dnsblog[11659]: addr 31.220.0.154 listed by domain b.barracudacentral.org as 127.0.0.2
Oct 24 00:17:59 MAIL-00 postfix/postscreen[10909]: dnsbl rank 2 for [31.220.0.154]:60614
Oct 24 00:17:59 MAIL-00 postfix/postscreen[10909]: disconnect [31.220.0.154]:60614
Oct 24 00:18:21 MAIL-00 postfix/postscreen[10909]: connect from [188.246.181.50]:35767 to [149.28.113.219]:25
Oct 24 00:18:21 MAIL-00 postfix/dnsblog[10910]: addr 188.246.181.50 listed by domain b.barracudacentral.org as 127.0.0.2
Oct 24 00:18:21 MAIL-00 postfix/dnsblog[11659]: addr 188.246.181.50 listed by domain zen.spamhaus.org as 127.0.0.3
Oct 24 00:18:21 MAIL-00 postfix/dnsblog[11659]: addr 188.246.181.50 listed by domain zen.spamhaus.org as 127.0.0.4
Oct 24 00:18:22 MAIL-00 postfix/postscreen[10909]: pregreet 19 after 0.62 from [188.246.181.50]:35767: ehlo lorelmiss.it\r\n
Oct 24 00:18:22 MAIL-00 postfix/postscreen[10909]: disconnect [188.246.181.50]:35767
Oct 24 00:18:24 MAIL-00 postfix/postscreen[10909]: connect from [212.233.130.198]:56223 to [149.28.113.219]:25
Oct 24 00:18:24 MAIL-00 postfix/dnsblog[10911]: addr 212.233.130.198 listed by domain b.barracudacentral.org as 127.0.0.2
Oct 24 00:18:24 MAIL-00 postfix/dnsblog[10910]: addr 212.233.130.198 listed by domain zen.spamhaus.org as 127.0.0.3
Oct 24 00:18:24 MAIL-00 postfix/dnsblog[10910]: addr 212.233.130.198 listed by domain zen.spamhaus.org as 127.0.0.4
Oct 24 00:18:27 MAIL-00 postfix/postscreen[10909]: pregreet 37 after 3.4 from [212.233.130.198]:56223: ehlo 212-233-130-198.optisprint.net\r\n
Oct 24 00:18:27 MAIL-00 postfix/postscreen[10909]: disconnect [212.233.130.198]:56223
Oct 24 00:18:41 MAIL-00 postfix/postscreen[10909]: connect from [103.129.47.51]:55771 to [149.28.113.219]:25
Oct 24 00:18:41 MAIL-00 postfix/dnsblog[11659]: addr 103.129.47.51 listed by domain b.barracudacentral.org as 127.0.0.2
Oct 24 00:18:41 MAIL-00 postfix/dnsblog[10911]: addr 103.129.47.51 listed by domain zen.spamhaus.org as 127.0.0.3
Oct 24 00:18:41 MAIL-00 postfix/dnsblog[10911]: addr 103.129.47.51 listed by domain zen.spamhaus.org as 127.0.0.4
Oct 24 00:18:47 MAIL-00 postfix/postscreen[10909]: dnsbl rank 5 for [103.129.47.51]:55771
Oct 24 00:18:47 MAIL-00 postfix/postscreen[10909]: disconnect [103.129.47.51]:55771
Oct 24 00:18:48 MAIL-00 postfix/postscreen[10909]: connect from [103.129.47.51]:48053 to [149.28.113.219]:25
Oct 24 00:18:48 MAIL-00 postfix/dnsblog[10910]: addr 103.129.47.51 listed by domain b.barracudacentral.org as 127.0.0.2
Oct 24 00:18:48 MAIL-00 postfix/dnsblog[10911]: addr 103.129.47.51 listed by domain zen.spamhaus.org as 127.0.0.3
Oct 24 00:18:48 MAIL-00 postfix/dnsblog[10911]: addr 103.129.47.51 listed by domain zen.spamhaus.org as 127.0.0.4
Oct 24 00:18:54 MAIL-00 postfix/postscreen[10909]: dnsbl rank 5 for [103.129.47.51]:48053
Oct 24 00:18:54 MAIL-00 postfix/postscreen[10909]: disconnect [103.129.47.51]:48053
Oct 24 00:19:02 MAIL-00 postfix/postscreen[10909]: connect from [186.250.220.190]:36929 to [149.28.113.219]:25
Oct 24 00:19:02 MAIL-00 postfix/dnsblog[11659]: addr 186.250.220.190 listed by domain b.barracudacentral.org as 127.0.0.2
Oct 24 00:19:02 MAIL-00 postfix/dnsblog[10910]: addr 186.250.220.190 listed by domain zen.spamhaus.org as 127.0.0.3
Oct 24 00:19:02 MAIL-00 postfix/dnsblog[10910]: addr 186.250.220.190 listed by domain zen.spamhaus.org as 127.0.0.4
Oct 24 00:19:03 MAIL-00 postfix/postscreen[10909]: pregreet 20 after 0.77 from [186.250.220.190]:36929: ehlo 1stadvems.com\r\n
Oct 24 00:19:03 MAIL-00 postfix/postscreen[10909]: disconnect [186.250.220.190]:36929
Oct 24 00:19:06 MAIL-00 postfix/postscreen[10909]: connect from [200.89.129.233]:39044 to [149.28.113.219]:25
Oct 24 00:19:06 MAIL-00 postfix/dnsblog[10911]: addr 200.89.129.233 listed by domain b.barracudacentral.org as 127.0.0.2
Oct 24 00:19:06 MAIL-00 postfix/dnsblog[11659]: addr 200.89.129.233 listed by domain zen.spamhaus.org as 127.0.0.3
Oct 24 00:19:06 MAIL-00 postfix/dnsblog[11659]: addr 200.89.129.233 listed by domain zen.spamhaus.org as 127.0.0.11
Oct 24 00:19:06 MAIL-00 postfix/dnsblog[11659]: addr 200.89.129.233 listed by domain zen.spamhaus.org as 127.0.0.4
Oct 24 00:19:08 MAIL-00 postfix/postscreen[10909]: pregreet 37 after 2.2 from [200.89.129.233]:39044: ehlo 233-129-89-200.fibertel.com.ar\r\n
Oct 24 00:19:08 MAIL-00 postfix/postscreen[10909]: disconnect [200.89.129.233]:39044
Oct 24 00:19:58 MAIL-00 postfix/postscreen[10909]: connect from [46.172.69.76]:44378 to [149.28.113.219]:25
Oct 24 00:19:58 MAIL-00 postfix/dnsblog[10910]: addr 46.172.69.76 listed by domain b.barracudacentral.org as 127.0.0.2
Oct 24 00:19:58 MAIL-00 postfix/dnsblog[10911]: addr 46.172.69.76 listed by domain zen.spamhaus.org as 127.0.0.3
Oct 24 00:19:58 MAIL-00 postfix/dnsblog[10911]: addr 46.172.69.76 listed by domain zen.spamhaus.org as 127.0.0.4
Oct 24 00:19:59 MAIL-00 postfix/postscreen[10909]: pregreet 25 after 0.51 from [46.172.69.76]:44378: ehlo 1stcapitalbank.com\r\n
Oct 24 00:19:59 MAIL-00 postfix/postscreen[10909]: disconnect [46.172.69.76]:44378
Oct 24 00:20:00 MAIL-00 postfix/postscreen[10909]: connect from [103.129.47.51]:34895 to [149.28.113.219]:25
Oct 24 00:20:00 MAIL-00 postfix/dnsblog[11659]: addr 103.129.47.51 listed by domain b.barracudacentral.org as 127.0.0.2
Oct 24 00:20:00 MAIL-00 postfix/dnsblog[10910]: addr 103.129.47.51 listed by domain zen.spamhaus.org as 127.0.0.3
Oct 24 00:20:00 MAIL-00 postfix/dnsblog[10910]: addr 103.129.47.51 listed by domain zen.spamhaus.org as 127.0.0.4
Oct 24 00:20:00 MAIL-00 postfix/postscreen[10909]: connect from [109.245.214.49]:48806 to [149.28.113.219]:25
Oct 24 00:20:00 MAIL-00 postfix/dnsblog[10911]: addr 109.245.214.49 listed by domain b.barracudacentral.org as 127.0.0.2
Oct 24 00:20:00 MAIL-00 postfix/dnsblog[11659]: addr 109.245.214.49 listed by domain zen.spamhaus.org as 127.0.0.3
Oct 24 00:20:00 MAIL-00 postfix/dnsblog[11659]: addr 109.245.214.49 listed by domain zen.spamhaus.org as 127.0.0.4
Oct 24 00:20:00 MAIL-00 postfix/postscreen[10909]: pregreet 44 after 0.7 from [109.245.214.49]:48806: ehlo net49-214-245-109.customer.telenor.rs\r\n
Oct 24 00:20:00 MAIL-00 postfix/postscreen[10909]: disconnect [109.245.214.49]:48806
Oct 24 00:20:06 MAIL-00 postfix/postscreen[10909]: dnsbl rank 5 for [103.129.47.51]:34895
Oct 24 00:20:06 MAIL-00 postfix/postscreen[10909]: disconnect [103.129.47.51]:34895
Oct 24 00:20:07 MAIL-00 postfix/postscreen[10909]: connect from [103.129.47.51]:56719 to [149.28.113.219]:25
Oct 24 00:20:07 MAIL-00 postfix/dnsblog[10911]: addr 103.129.47.51 listed by domain zen.spamhaus.org as 127.0.0.3
Oct 24 00:20:07 MAIL-00 postfix/dnsblog[10910]: addr 103.129.47.51 listed by domain b.barracudacentral.org as 127.0.0.2
Oct 24 00:20:07 MAIL-00 postfix/dnsblog[10911]: addr 103.129.47.51 listed by domain zen.spamhaus.org as 127.0.0.4
Oct 24 00:20:13 MAIL-00 postfix/postscreen[10909]: dnsbl rank 5 for [103.129.47.51]:56719
Oct 24 00:20:13 MAIL-00 postfix/postscreen[10909]: disconnect [103.129.47.51]:56719
Oct 24 00:20:25 MAIL-00 postfix/postscreen[10909]: connect from [175.143.52.101]:52421 to [149.28.113.219]:25
Oct 24 00:20:25 MAIL-00 postfix/dnsblog[11659]: addr 175.143.52.101 listed by domain b.barracudacentral.org as 127.0.0.2
Oct 24 00:20:25 MAIL-00 postfix/dnsblog[10910]: addr 175.143.52.101 listed by domain zen.spamhaus.org as 127.0.0.4
Oct 24 00:20:27 MAIL-00 postfix/anvil[11788]: statistics: max connection rate 1/60s for (smtpd:185.236.203.174) at oct 24 00:16:41
Oct 24 00:20:27 MAIL-00 postfix/anvil[11788]: statistics: max connection count 1 for (smtpd:185.236.203.174) at oct 24 00:16:41
Oct 24 00:20:27 MAIL-00 postfix/anvil[11788]: statistics: max cache size 2 at oct 24 00:17:07
Oct 24 00:20:31 MAIL-00 postfix/postscreen[10909]: dnsbl rank 5 for [175.143.52.101]:52421
