Oct 24 02:56:44 MAIL-00 postfix/postscreen[10909]: connect from [103.129.47.51]:59662 to [149.28.113.219]:25
Oct 24 02:56:44 MAIL-00 postfix/dnsblog[11966]: addr 103.129.47.51 listed by domain b.barracudacentral.org as 127.0.0.2
Oct 24 02:56:44 MAIL-00 postfix/dnsblog[12171]: addr 103.129.47.51 listed by domain zen.spamhaus.org as 127.0.0.3
Oct 24 02:56:44 MAIL-00 postfix/dnsblog[12171]: addr 103.129.47.51 listed by domain zen.spamhaus.org as 127.0.0.4
Oct 24 02:56:50 MAIL-00 postfix/postscreen[10909]: dnsbl rank 5 for [103.129.47.51]:59662
Oct 24 02:56:50 MAIL-00 postfix/postscreen[10909]: disconnect [103.129.47.51]:59662
Oct 24 02:56:50 MAIL-00 postfix/postscreen[10909]: connect from [202.51.114.2]:39443 to [149.28.113.219]:25
Oct 24 02:56:50 MAIL-00 postfix/dnsblog[12171]: addr 202.51.114.2 listed by domain zen.spamhaus.org as 127.0.0.3
Oct 24 02:56:50 MAIL-00 postfix/dnsblog[12171]: addr 202.51.114.2 listed by domain zen.spamhaus.org as 127.0.0.4
Oct 24 02:56:50 MAIL-00 postfix/dnsblog[11966]: addr 202.51.114.2 listed by domain b.barracudacentral.org as 127.0.0.2
Oct 24 02:56:50 MAIL-00 postfix/postscreen[10909]: pregreet 39 after 0.52 from [202.51.114.2]:39443: ehlo litografiaesposito.fastwebnet.it\r\n
Oct 24 02:56:50 MAIL-00 postfix/postscreen[10909]: disconnect [202.51.114.2]:39443
Oct 24 02:57:13 MAIL-00 postfix/postscreen[10909]: connect from [194.44.160.246]:47301 to [149.28.113.219]:25
Oct 24 02:57:13 MAIL-00 postfix/dnsblog[12171]: addr 194.44.160.246 listed by domain b.barracudacentral.org as 127.0.0.2
Oct 24 02:57:13 MAIL-00 postfix/dnsblog[11966]: addr 194.44.160.246 listed by domain zen.spamhaus.org as 127.0.0.3
Oct 24 02:57:13 MAIL-00 postfix/dnsblog[11966]: addr 194.44.160.246 listed by domain zen.spamhaus.org as 127.0.0.4
Oct 24 02:57:14 MAIL-00 postfix/postscreen[10909]: pregreet 18 after 0.33 from [194.44.160.246]:47301: ehlo loveless.it\r\n
Oct 24 02:57:14 MAIL-00 postfix/postscreen[10909]: disconnect [194.44.160.246]:47301
Oct 24 02:57:14 MAIL-00 postfix/postscreen[10909]: connect from [67.60.137.219]:51935 to [149.28.113.219]:25
Oct 24 02:57:14 MAIL-00 postfix/dnsblog[12171]: addr 67.60.137.219 listed by domain b.barracudacentral.org as 127.0.0.2
Oct 24 02:57:14 MAIL-00 postfix/dnsblog[11966]: addr 67.60.137.219 listed by domain zen.spamhaus.org as 127.0.0.3
Oct 24 02:57:14 MAIL-00 postfix/dnsblog[11966]: addr 67.60.137.219 listed by domain zen.spamhaus.org as 127.0.0.4
Oct 24 02:57:15 MAIL-00 postfix/postscreen[10909]: pregreet 39 after 0.53 from [67.60.137.219]:51935: ehlo 67-60-137-219.cpe.sparklight.net\r\n
Oct 24 02:57:15 MAIL-00 postfix/postscreen[10909]: disconnect [67.60.137.219]:51935
Oct 24 02:57:27 MAIL-00 postfix/postscreen[10909]: connect from [103.210.213.69]:53915 to [149.28.113.219]:25
Oct 24 02:57:27 MAIL-00 postfix/dnsblog[12171]: addr 103.210.213.69 listed by domain b.barracudacentral.org as 127.0.0.2
Oct 24 02:57:27 MAIL-00 postfix/dnsblog[11966]: addr 103.210.213.69 listed by domain zen.spamhaus.org as 127.0.0.2
Oct 24 02:57:27 MAIL-00 postfix/dnsblog[11966]: addr 103.210.213.69 listed by domain zen.spamhaus.org as 127.0.0.3
Oct 24 02:57:33 MAIL-00 postfix/postscreen[10909]: dnsbl rank 5 for [103.210.213.69]:53915
Oct 24 02:57:33 MAIL-00 postfix/postscreen[10909]: disconnect [103.210.213.69]:53915
Oct 24 02:57:37 MAIL-00 postfix/postscreen[10909]: connect from [103.129.47.51]:53253 to [149.28.113.219]:25
Oct 24 02:57:37 MAIL-00 postfix/dnsblog[11966]: addr 103.129.47.51 listed by domain zen.spamhaus.org as 127.0.0.3
Oct 24 02:57:37 MAIL-00 postfix/dnsblog[12171]: addr 103.129.47.51 listed by domain b.barracudacentral.org as 127.0.0.2
Oct 24 02:57:37 MAIL-00 postfix/dnsblog[11966]: addr 103.129.47.51 listed by domain zen.spamhaus.org as 127.0.0.4
Oct 24 02:57:40 MAIL-00 postfix/postscreen[10909]: connect from [82.221.135.73]:53275 to [149.28.113.219]:25
Oct 24 02:57:43 MAIL-00 postfix/postscreen[10909]: dnsbl rank 5 for [103.129.47.51]:53253
Oct 24 02:57:43 MAIL-00 postfix/postscreen[10909]: disconnect [103.129.47.51]:53253
Oct 24 02:57:44 MAIL-00 postfix/postscreen[10909]: connect from [103.129.47.51]:52303 to [149.28.113.219]:25
Oct 24 02:57:44 MAIL-00 postfix/dnsblog[12171]: addr 103.129.47.51 listed by domain b.barracudacentral.org as 127.0.0.2
Oct 24 02:57:44 MAIL-00 postfix/dnsblog[11966]: addr 103.129.47.51 listed by domain zen.spamhaus.org as 127.0.0.3
Oct 24 02:57:44 MAIL-00 postfix/dnsblog[11966]: addr 103.129.47.51 listed by domain zen.spamhaus.org as 127.0.0.4
Oct 24 02:57:46 MAIL-00 postfix/postscreen[10909]: pass old [82.221.135.73]:53275
Oct 24 02:57:46 MAIL-00 postfix/smtpd[12713]: connect from hlin.zia.io[82.221.135.73]
Oct 24 02:57:47 MAIL-00 postfix/smtpd[12713]: anonymous tls connection established from hlin.zia.io[82.221.135.73]: tlsv1.2 with cipher ecdhe-rsa-aes256-gcm-sha384 (256/256 bits)
Oct 24 02:57:48 MAIL-00 postfix/smtpd[12713]: 46zbkn1jcxzzdmc: client=hlin.zia.io[82.221.135.73]
Oct 24 02:57:48 MAIL-00 postfix/cleanup[12716]: 46zbkn1jcxzzdmc: message-id=<20191023191722.horde.bt9svjwnuzg96vejhlbbwrj@secure199.inmotionhosting.com>
Oct 24 02:57:50 MAIL-00 postfix/postscreen[10909]: dnsbl rank 5 for [103.129.47.51]:52303
Oct 24 02:57:50 MAIL-00 postfix/postscreen[10909]: disconnect [103.129.47.51]:52303
Oct 24 02:58:21 MAIL-00 postfix/10025/smtpd[12721]: connect from localhost[127.0.0.1]
Oct 24 02:58:21 MAIL-00 postfix/10025/smtpd[12721]: 46zbl14vwlzzdmd: client=localhost[127.0.0.1]
Oct 24 02:58:21 MAIL-00 postfix/cleanup[12716]: 46zbl14vwlzzdmd: message-id=<20191023191722.horde.bt9svjwnuzg96vejhlbbwrj@secure199.inmotionhosting.com>
Oct 24 02:58:21 MAIL-00 postfix/10025/smtpd[12721]: disconnect from localhost[127.0.0.1] ehlo=1 mail=1 rcpt=1 data=1 quit=1 commands=5
Oct 24 02:58:33 MAIL-00 postfix/submission/smtpd[12726]: connect from 187.ip-149-56-45.net[149.56.45.187]
Oct 24 02:58:33 MAIL-00 postfix/submission/smtpd[12726]: disconnect from 187.ip-149-56-45.net[149.56.45.187] ehlo=1 auth=0/1 quit=1 commands=2/3
Oct 24 02:58:37 MAIL-00 postfix/postscreen[10909]: connect from [103.129.47.51]:45241 to [149.28.113.219]:25
Oct 24 02:58:37 MAIL-00 postfix/dnsblog[12171]: addr 103.129.47.51 listed by domain b.barracudacentral.org as 127.0.0.2
Oct 24 02:58:37 MAIL-00 postfix/dnsblog[11966]: addr 103.129.47.51 listed by domain zen.spamhaus.org as 127.0.0.3
Oct 24 02:58:37 MAIL-00 postfix/dnsblog[11966]: addr 103.129.47.51 listed by domain zen.spamhaus.org as 127.0.0.4
Oct 24 02:58:43 MAIL-00 postfix/postscreen[10909]: dnsbl rank 5 for [103.129.47.51]:45241
Oct 24 02:58:43 MAIL-00 postfix/postscreen[10909]: disconnect [103.129.47.51]:45241
Oct 24 02:58:44 MAIL-00 postfix/postscreen[10909]: connect from [103.129.47.51]:41102 to [149.28.113.219]:25
Oct 24 02:58:44 MAIL-00 postfix/dnsblog[11966]: addr 103.129.47.51 listed by domain zen.spamhaus.org as 127.0.0.3
Oct 24 02:58:44 MAIL-00 postfix/dnsblog[12171]: addr 103.129.47.51 listed by domain b.barracudacentral.org as 127.0.0.2
Oct 24 02:58:44 MAIL-00 postfix/dnsblog[11966]: addr 103.129.47.51 listed by domain zen.spamhaus.org as 127.0.0.4
Oct 24 02:58:50 MAIL-00 postfix/postscreen[10909]: dnsbl rank 5 for [103.129.47.51]:41102
Oct 24 02:58:50 MAIL-00 postfix/postscreen[10909]: disconnect [103.129.47.51]:41102
Oct 24 02:58:58 MAIL-00 postfix/postscreen[10909]: connect from [104.168.218.192]:48720 to [149.28.113.219]:25
Oct 24 02:58:58 MAIL-00 postfix/dnsblog[11966]: addr 104.168.218.192 listed by domain b.barracudacentral.org as 127.0.0.2
Oct 24 02:59:04 MAIL-00 postfix/postscreen[10909]: dnsbl rank 2 for [104.168.218.192]:48720
Oct 24 02:59:04 MAIL-00 postfix/postscreen[10909]: disconnect [104.168.218.192]:48720
Oct 24 02:59:19 MAIL-00 postfix/postscreen[10909]: connect from [112.27.167.74]:43649 to [149.28.113.219]:25
Oct 24 02:59:19 MAIL-00 postfix/dnsblog[11966]: addr 112.27.167.74 listed by domain b.barracudacentral.org as 127.0.0.2
Oct 24 02:59:19 MAIL-00 postfix/dnsblog[12171]: addr 112.27.167.74 listed by domain zen.spamhaus.org as 127.0.0.3
Oct 24 02:59:19 MAIL-00 postfix/dnsblog[12171]: addr 112.27.167.74 listed by domain zen.spamhaus.org as 127.0.0.4
Oct 24 02:59:20 MAIL-00 postfix/postscreen[10909]: pregreet 19 after 0.74 from [112.27.167.74]:43649: ehlo luxexcess.it\r\n
Oct 24 02:59:20 MAIL-00 postfix/postscreen[10909]: disconnect [112.27.167.74]:43649
Oct 24 02:59:21 MAIL-00 postfix/postscreen[10909]: connect from [104.237.196.36]:50990 to [149.28.113.219]:25
Oct 24 02:59:22 MAIL-00 postfix/dnsblog[12171]: addr 104.237.196.36 listed by domain zen.spamhaus.org as 127.0.0.3
Oct 24 02:59:27 MAIL-00 postfix/postscreen[10909]: dnsbl rank 3 for [104.237.196.36]:50990
Oct 24 02:59:27 MAIL-00 postfix/postscreen[10909]: disconnect [104.237.196.36]:50990
Oct 24 02:59:27 MAIL-00 postfix/postscreen[10909]: connect from [31.220.0.154]:46610 to [149.28.113.219]:25
Oct 24 02:59:27 MAIL-00 postfix/dnsblog[11966]: addr 31.220.0.154 listed by domain b.barracudacentral.org as 127.0.0.2
Oct 24 02:59:30 MAIL-00 postfix/postscreen[10909]: connect from [105.247.152.91]:53762 to [149.28.113.219]:25
Oct 24 02:59:30 MAIL-00 postfix/dnsblog[11966]: addr 105.247.152.91 listed by domain b.barracudacentral.org as 127.0.0.2
Oct 24 02:59:30 MAIL-00 postfix/dnsblog[12171]: addr 105.247.152.91 listed by domain zen.spamhaus.org as 127.0.0.3
Oct 24 02:59:30 MAIL-00 postfix/dnsblog[12171]: addr 105.247.152.91 listed by domain zen.spamhaus.org as 127.0.0.11
Oct 24 02:59:30 MAIL-00 postfix/dnsblog[12171]: addr 105.247.152.91 listed by domain zen.spamhaus.org as 127.0.0.4
Oct 24 02:59:31 MAIL-00 postfix/postscreen[10909]: pregreet 20 after 0.65 from [105.247.152.91]:53762: ehlo livingarts.it\r\n
Oct 24 02:59:31 MAIL-00 postfix/postscreen[10909]: disconnect [105.247.152.91]:53762
Oct 24 02:59:33 MAIL-00 postfix/postscreen[10909]: dnsbl rank 2 for [31.220.0.154]:46610
Oct 24 02:59:33 MAIL-00 postfix/postscreen[10909]: disconnect [31.220.0.154]:46610
Oct 24 02:59:37 MAIL-00 postfix/postscreen[10909]: connect from [103.129.47.51]:57221 to [149.28.113.219]:25
Oct 24 02:59:37 MAIL-00 postfix/dnsblog[12171]: addr 103.129.47.51 listed by domain zen.spamhaus.org as 127.0.0.3
Oct 24 02:59:37 MAIL-00 postfix/dnsblog[11966]: addr 103.129.47.51 listed by domain b.barracudacentral.org as 127.0.0.2
Oct 24 02:59:37 MAIL-00 postfix/dnsblog[12171]: addr 103.129.47.51 listed by domain zen.spamhaus.org as 127.0.0.4
Oct 24 02:59:43 MAIL-00 postfix/postscreen[10909]: dnsbl rank 5 for [103.129.47.51]:57221
Oct 24 02:59:43 MAIL-00 postfix/postscreen[10909]: disconnect [103.129.47.51]:57221
Oct 24 02:59:44 MAIL-00 postfix/postscreen[10909]: connect from [103.129.47.51]:59111 to [149.28.113.219]:25
Oct 24 02:59:44 MAIL-00 postfix/dnsblog[11966]: addr 103.129.47.51 listed by domain b.barracudacentral.org as 127.0.0.2
Oct 24 02:59:44 MAIL-00 postfix/dnsblog[12171]: addr 103.129.47.51 listed by domain zen.spamhaus.org as 127.0.0.3
Oct 24 02:59:44 MAIL-00 postfix/dnsblog[12171]: addr 103.129.47.51 listed by domain zen.spamhaus.org as 127.0.0.4
Oct 24 02:59:50 MAIL-00 postfix/postscreen[10909]: dnsbl rank 5 for [103.129.47.51]:59111
Oct 24 02:59:50 MAIL-00 postfix/postscreen[10909]: disconnect [103.129.47.51]:59111
Oct 24 02:59:55 MAIL-00 postfix/postscreen[10909]: connect from [96.77.77.53]:56387 to [149.28.113.219]:25
Oct 24 02:59:55 MAIL-00 postfix/dnsblog[11966]: addr 96.77.77.53 listed by domain b.barracudacentral.org as 127.0.0.2
Oct 24 02:59:55 MAIL-00 postfix/dnsblog[12171]: addr 96.77.77.53 listed by domain zen.spamhaus.org as 127.0.0.3
Oct 24 02:59:55 MAIL-00 postfix/dnsblog[12171]: addr 96.77.77.53 listed by domain zen.spamhaus.org as 127.0.0.4
Oct 24 02:59:56 MAIL-00 postfix/postscreen[10909]: pregreet 49 after 0.54 from [96.77.77.53]:56387: ehlo 96-77-77-53-static.hfc.comcastbusiness.net\r\n
Oct 24 02:59:56 MAIL-00 postfix/postscreen[10909]: disconnect [96.77.77.53]:56387
Oct 24 02:59:56 MAIL-00 postfix/postscreen[10909]: connect from [109.226.213.125]:59948 to [149.28.113.219]:25
Oct 24 02:59:56 MAIL-00 postfix/dnsblog[11966]: addr 109.226.213.125 listed by domain b.barracudacentral.org as 127.0.0.2
Oct 24 02:59:56 MAIL-00 postfix/dnsblog[12171]: addr 109.226.213.125 listed by domain zen.spamhaus.org as 127.0.0.3
Oct 24 02:59:56 MAIL-00 postfix/dnsblog[12171]: addr 109.226.213.125 listed by domain zen.spamhaus.org as 127.0.0.4
Oct 24 02:59:57 MAIL-00 postfix/postscreen[10909]: pregreet 37 after 0.38 from [109.226.213.125]:59948: ehlo 125.213.226.109.ip.orionnet.ru\r\n
Oct 24 02:59:57 MAIL-00 postfix/postscreen[10909]: disconnect [109.226.213.125]:59948
Oct 24 03:00:00 MAIL-00 postfix/smtpd[12713]: disconnect from hlin.zia.io[82.221.135.73] ehlo=2 starttls=1 mail=1 rcpt=1 data=1 quit=1 commands=7
Oct 24 03:00:15 MAIL-00 postfix/postscreen[10909]: connect from [194.228.84.10]:60317 to [149.28.113.219]:25
Oct 24 03:00:15 MAIL-00 postfix/dnsblog[11966]: addr 194.228.84.10 listed by domain b.barracudacentral.org as 127.0.0.2
Oct 24 03:00:15 MAIL-00 postfix/dnsblog[12171]: addr 194.228.84.10 listed by domain zen.spamhaus.org as 127.0.0.2
Oct 24 03:00:15 MAIL-00 postfix/dnsblog[12171]: addr 194.228.84.10 listed by domain zen.spamhaus.org as 127.0.0.3
Oct 24 03:00:15 MAIL-00 postfix/dnsblog[12171]: addr 194.228.84.10 listed by domain zen.spamhaus.org as 127.0.0.4
Oct 24 03:00:15 MAIL-00 postfix/postscreen[10909]: pregreet 17 after 0.16 from [194.228.84.10]:60317: ehlo losaass.it\r\n
Oct 24 03:00:15 MAIL-00 postfix/postscreen[10909]: disconnect [194.228.84.10]:60317
Oct 24 03:00:28 MAIL-00 postfix/postscreen[10909]: connect from [89.252.19.66]:59697 to [149.28.113.219]:25
Oct 24 03:00:28 MAIL-00 postfix/dnsblog[11966]: addr 89.252.19.66 listed by domain b.barracudacentral.org as 127.0.0.2
Oct 24 03:00:28 MAIL-00 postfix/dnsblog[12171]: addr 89.252.19.66 listed by domain zen.spamhaus.org as 127.0.0.3
Oct 24 03:00:28 MAIL-00 postfix/dnsblog[12171]: addr 89.252.19.66 listed by domain zen.spamhaus.org as 127.0.0.4
Oct 24 03:00:28 MAIL-00 postfix/postscreen[10909]: pregreet 34 after 0.8 from [89.252.19.66]:59697: ehlo 89.252.19.66.freenet.com.ua\r\n
Oct 24 03:00:28 MAIL-00 postfix/postscreen[10909]: disconnect [89.252.19.66]:59697
Oct 24 03:00:41 MAIL-00 postfix/postscreen[10909]: connect from [103.129.47.51]:55404 to [149.28.113.219]:25
Oct 24 03:00:41 MAIL-00 postfix/dnsblog[11966]: addr 103.129.47.51 listed by domain b.barracudacentral.org as 127.0.0.2
Oct 24 03:00:41 MAIL-00 postfix/dnsblog[12171]: addr 103.129.47.51 listed by domain zen.spamhaus.org as 127.0.0.3
Oct 24 03:00:41 MAIL-00 postfix/dnsblog[12171]: addr 103.129.47.51 listed by domain zen.spamhaus.org as 127.0.0.4
Oct 24 03:00:47 MAIL-00 postfix/postscreen[10909]: dnsbl rank 5 for [103.129.47.51]:55404
Oct 24 03:00:47 MAIL-00 postfix/postscreen[10909]: disconnect [103.129.47.51]:55404
Oct 24 03:00:48 MAIL-00 postfix/postscreen[10909]: connect from [103.129.47.51]:52251 to [149.28.113.219]:25
Oct 24 03:00:48 MAIL-00 postfix/dnsblog[11966]: addr 103.129.47.51 listed by domain b.barracudacentral.org as 127.0.0.2
Oct 24 03:00:48 MAIL-00 postfix/dnsblog[12171]: addr 103.129.47.51 listed by domain zen.spamhaus.org as 127.0.0.3
Oct 24 03:00:48 MAIL-00 postfix/dnsblog[12171]: addr 103.129.47.51 listed by domain zen.spamhaus.org as 127.0.0.4
Oct 24 03:00:54 MAIL-00 postfix/postscreen[10909]: dnsbl rank 5 for [103.129.47.51]:52251
Oct 24 03:00:54 MAIL-00 postfix/postscreen[10909]: disconnect [103.129.47.51]:52251
Oct 24 03:01:42 MAIL-00 postfix/postscreen[10909]: connect from [103.129.47.51]:58152 to [149.28.113.219]:25
Oct 24 03:01:42 MAIL-00 postfix/dnsblog[12171]: addr 103.129.47.51 listed by domain zen.spamhaus.org as 127.0.0.3
Oct 24 03:01:42 MAIL-00 postfix/dnsblog[11966]: addr 103.129.47.51 listed by domain b.barracudacentral.org as 127.0.0.2
Oct 24 03:01:42 MAIL-00 postfix/dnsblog[12171]: addr 103.129.47.51 listed by domain zen.spamhaus.org as 127.0.0.4
Oct 24 03:01:48 MAIL-00 postfix/postscreen[10909]: dnsbl rank 5 for [103.129.47.51]:58152
Oct 24 03:01:48 MAIL-00 postfix/postscreen[10909]: disconnect [103.129.47.51]:58152
Oct 24 03:01:49 MAIL-00 postfix/postscreen[10909]: connect from [103.129.47.51]:37601 to [149.28.113.219]:25
Oct 24 03:01:49 MAIL-00 postfix/dnsblog[11966]: addr 103.129.47.51 listed by domain b.barracudacentral.org as 127.0.0.2
Oct 24 03:01:49 MAIL-00 postfix/dnsblog[12171]: addr 103.129.47.51 listed by domain zen.spamhaus.org as 127.0.0.3
Oct 24 03:01:49 MAIL-00 postfix/dnsblog[12171]: addr 103.129.47.51 listed by domain zen.spamhaus.org as 127.0.0.4
Oct 24 03:01:55 MAIL-00 postfix/postscreen[10909]: dnsbl rank 5 for [103.129.47.51]:37601
Oct 24 03:01:55 MAIL-00 postfix/postscreen[10909]: disconnect [103.129.47.51]:37601
Oct 24 03:02:20 MAIL-00 postfix/postscreen[10909]: connect from [160.20.109.85]:54991 to [149.28.113.219]:25
Oct 24 03:02:26 MAIL-00 postfix/postscreen[10909]: pass new [160.20.109.85]:54991
Oct 24 03:02:33 MAIL-00 postfix/postscreen[10909]: connect from [213.138.100.131]:49580 to [149.28.113.219]:25
Oct 24 03:02:33 MAIL-00 postfix/postscreen[10909]: pass old [213.138.100.131]:49580
Oct 24 03:02:34 MAIL-00 postfix/postscreen[10909]: connect from [92.242.126.154]:33121 to [149.28.113.219]:25
Oct 24 03:02:34 MAIL-00 postfix/dnsblog[12171]: addr 92.242.126.154 listed by domain b.barracudacentral.org as 127.0.0.2
Oct 24 03:02:34 MAIL-00 postfix/dnsblog[11966]: addr 92.242.126.154 listed by domain zen.spamhaus.org as 127.0.0.3
Oct 24 03:02:34 MAIL-00 postfix/dnsblog[11966]: addr 92.242.126.154 listed by domain zen.spamhaus.org as 127.0.0.4
Oct 24 03:02:34 MAIL-00 postfix/postscreen[10909]: pregreet 30 after 0.22 from [92.242.126.154]:33121: ehlo stylenet-tr.donbass.com\r\n
Oct 24 03:02:34 MAIL-00 postfix/postscreen[10909]: disconnect [92.242.126.154]:33121
Oct 24 03:02:35 MAIL-00 postfix/smtpd[12893]: connect from chilli.nosignal.org[213.138.100.131]
Oct 24 03:02:36 MAIL-00 postfix/smtpd[12893]: 46zbqw69lyzzdmc: client=chilli.nosignal.org[213.138.100.131]
Oct 24 03:02:36 MAIL-00 postfix/cleanup[12895]: 46zbqw69lyzzdmc: message-id=<29777058-45ed-46df-a8e2-24470c4c2980@gmail.com>
Oct 24 03:02:37 MAIL-00 postfix/smtpd[12893]: disconnect from chilli.nosignal.org[213.138.100.131] ehlo=1 mail=1 rcpt=1 data=1 quit=1 commands=5
Oct 24 03:02:39 MAIL-00 postfix/postscreen[10909]: connect from [114.57.188.88]:40688 to [149.28.113.219]:25
Oct 24 03:02:39 MAIL-00 postfix/dnsblog[12171]: addr 114.57.188.88 listed by domain b.barracudacentral.org as 127.0.0.2
Oct 24 03:02:39 MAIL-00 postfix/dnsblog[11966]: addr 114.57.188.88 listed by domain zen.spamhaus.org as 127.0.0.3
Oct 24 03:02:39 MAIL-00 postfix/dnsblog[11966]: addr 114.57.188.88 listed by domain zen.spamhaus.org as 127.0.0.4
Oct 24 03:02:39 MAIL-00 postfix/postscreen[10909]: pregreet 16 after 0.5 from [114.57.188.88]:40688: ehlo logats.it\r\n
Oct 24 03:02:39 MAIL-00 postfix/postscreen[10909]: disconnect [114.57.188.88]:40688
Oct 24 03:02:41 MAIL-00 postfix/smtpd[12891]: connect from unknown[160.20.109.85]
Oct 24 03:02:42 MAIL-00 postfix/smtpd[12891]: 46zbr2086tzzdmd: client=unknown[160.20.109.85]
Oct 24 03:02:42 MAIL-00 postfix/cleanup[12895]: 46zbr2086tzzdmd: message-id=<puxgg-mi3ostn59elbbbzkqlxqp9udkengrb1clcfgi.indptpn1uu7yeegwoqabwq@shattergate.best>
Oct 24 03:02:42 MAIL-00 postfix/smtpd[12891]: disconnect from unknown[160.20.109.85] ehlo=1 mail=1 rcpt=1 data=1 quit=1 commands=5
Oct 24 03:02:42 MAIL-00 postfix/postscreen[10909]: connect from [103.129.47.51]:39693 to [149.28.113.219]:25
Oct 24 03:02:42 MAIL-00 postfix/dnsblog[11966]: addr 103.129.47.51 listed by domain zen.spamhaus.org as 127.0.0.3
Oct 24 03:02:42 MAIL-00 postfix/dnsblog[11966]: addr 103.129.47.51 listed by domain zen.spamhaus.org as 127.0.0.4
Oct 24 03:02:42 MAIL-00 postfix/dnsblog[12171]: addr 103.129.47.51 listed by domain b.barracudacentral.org as 127.0.0.2
Oct 24 03:02:48 MAIL-00 postfix/postscreen[10909]: dnsbl rank 5 for [103.129.47.51]:39693
Oct 24 03:02:48 MAIL-00 postfix/postscreen[10909]: disconnect [103.129.47.51]:39693
Oct 24 03:02:48 MAIL-00 postfix/10025/smtpd[13009]: connect from localhost[127.0.0.1]
Oct 24 03:02:48 MAIL-00 postfix/10025/smtpd[13009]: 46zbr81mmczzdmg: client=localhost[127.0.0.1]
Oct 24 03:02:48 MAIL-00 postfix/cleanup[12895]: 46zbr81mmczzdmg: message-id=<puxgg-mi3ostn59elbbbzkqlxqp9udkengrb1clcfgi.indptpn1uu7yeegwoqabwq@shattergate.best>
Oct 24 03:02:48 MAIL-00 postfix/10025/smtpd[13009]: disconnect from localhost[127.0.0.1] ehlo=1 mail=1 rcpt=1 data=1 quit=1 commands=5
Oct 24 03:02:48 MAIL-00 postfix/postscreen[10909]: connect from [103.129.47.51]:55194 to [149.28.113.219]:25
Oct 24 03:02:48 MAIL-00 postfix/dnsblog[12171]: addr 103.129.47.51 listed by domain zen.spamhaus.org as 127.0.0.3
Oct 24 03:02:48 MAIL-00 postfix/dnsblog[11966]: addr 103.129.47.51 listed by domain b.barracudacentral.org as 127.0.0.2
Oct 24 03:02:48 MAIL-00 postfix/dnsblog[12171]: addr 103.129.47.51 listed by domain zen.spamhaus.org as 127.0.0.4
Oct 24 03:02:54 MAIL-00 postfix/postscreen[10909]: dnsbl rank 5 for [103.129.47.51]:55194
Oct 24 03:02:54 MAIL-00 postfix/postscreen[10909]: disconnect [103.129.47.51]:55194
Oct 24 03:02:54 MAIL-00 postfix/10025/smtpd[13009]: connect from localhost[127.0.0.1]
Oct 24 03:02:54 MAIL-00 postfix/10025/smtpd[13009]: 46zbrg63rlzzdmd: client=localhost[127.0.0.1]
Oct 24 03:02:54 MAIL-00 postfix/cleanup[12895]: 46zbrg63rlzzdmd: message-id=<29777058-45ed-46df-a8e2-24470c4c2980@gmail.com>
Oct 24 03:02:54 MAIL-00 postfix/10025/smtpd[13009]: disconnect from localhost[127.0.0.1] ehlo=1 mail=1 rcpt=1 data=1 quit=1 commands=5
Oct 24 03:03:43 MAIL-00 postfix/postscreen[10909]: connect from [103.129.47.51]:53748 to [149.28.113.219]:25
Oct 24 03:03:43 MAIL-00 postfix/dnsblog[11966]: addr 103.129.47.51 listed by domain b.barracudacentral.org as 127.0.0.2
Oct 24 03:03:43 MAIL-00 postfix/dnsblog[12171]: addr 103.129.47.51 listed by domain zen.spamhaus.org as 127.0.0.3
Oct 24 03:03:43 MAIL-00 postfix/dnsblog[12171]: addr 103.129.47.51 listed by domain zen.spamhaus.org as 127.0.0.4
Oct 24 03:03:49 MAIL-00 postfix/postscreen[10909]: dnsbl rank 5 for [103.129.47.51]:53748
Oct 24 03:03:49 MAIL-00 postfix/postscreen[10909]: disconnect [103.129.47.51]:53748
Oct 24 03:03:49 MAIL-00 postfix/postscreen[10909]: connect from [103.129.47.51]:32929 to [149.28.113.219]:25
Oct 24 03:03:49 MAIL-00 postfix/dnsblog[11966]: addr 103.129.47.51 listed by domain b.barracudacentral.org as 127.0.0.2
Oct 24 03:03:49 MAIL-00 postfix/dnsblog[12171]: addr 103.129.47.51 listed by domain zen.spamhaus.org as 127.0.0.3
Oct 24 03:03:49 MAIL-00 postfix/dnsblog[12171]: addr 103.129.47.51 listed by domain zen.spamhaus.org as 127.0.0.4
Oct 24 03:03:55 MAIL-00 postfix/postscreen[10909]: dnsbl rank 5 for [103.129.47.51]:32929
Oct 24 03:03:55 MAIL-00 postfix/postscreen[10909]: disconnect [103.129.47.51]:32929
Oct 24 03:04:42 MAIL-00 postfix/postscreen[10909]: connect from [103.129.47.51]:60913 to [149.28.113.219]:25
Oct 24 03:04:42 MAIL-00 postfix/dnsblog[11966]: addr 103.129.47.51 listed by domain b.barracudacentral.org as 127.0.0.2
Oct 24 03:04:42 MAIL-00 postfix/dnsblog[12171]: addr 103.129.47.51 listed by domain zen.spamhaus.org as 127.0.0.3
Oct 24 03:04:42 MAIL-00 postfix/dnsblog[12171]: addr 103.129.47.51 listed by domain zen.spamhaus.org as 127.0.0.4
Oct 24 03:04:48 MAIL-00 postfix/postscreen[10909]: dnsbl rank 5 for [103.129.47.51]:60913
Oct 24 03:04:48 MAIL-00 postfix/postscreen[10909]: disconnect [103.129.47.51]:60913
Oct 24 03:04:49 MAIL-00 postfix/postscreen[10909]: connect from [103.129.47.51]:59036 to [149.28.113.219]:25
Oct 24 03:04:49 MAIL-00 postfix/dnsblog[11966]: addr 103.129.47.51 listed by domain b.barracudacentral.org as 127.0.0.2
Oct 24 03:04:49 MAIL-00 postfix/dnsblog[12171]: addr 103.129.47.51 listed by domain zen.spamhaus.org as 127.0.0.3
Oct 24 03:04:49 MAIL-00 postfix/dnsblog[12171]: addr 103.129.47.51 listed by domain zen.spamhaus.org as 127.0.0.4
Oct 24 03:04:55 MAIL-00 postfix/postscreen[10909]: dnsbl rank 5 for [103.129.47.51]:59036
Oct 24 03:04:55 MAIL-00 postfix/postscreen[10909]: disconnect [103.129.47.51]:59036
Oct 24 03:05:42 MAIL-00 postfix/postscreen[10909]: connect from [103.129.47.51]:39055 to [149.28.113.219]:25
Oct 24 03:05:42 MAIL-00 postfix/dnsblog[11966]: addr 103.129.47.51 listed by domain b.barracudacentral.org as 127.0.0.2
Oct 24 03:05:42 MAIL-00 postfix/dnsblog[12171]: addr 103.129.47.51 listed by domain zen.spamhaus.org as 127.0.0.3
Oct 24 03:05:42 MAIL-00 postfix/dnsblog[12171]: addr 103.129.47.51 listed by domain zen.spamhaus.org as 127.0.0.4
Oct 24 03:05:44 MAIL-00 postfix/anvil[12694]: statistics: max connection rate 1/60s for (smtpd:209.85.166.50) at oct 24 02:55:44
Oct 24 03:05:44 MAIL-00 postfix/anvil[12694]: statistics: max connection count 1 for (smtpd:209.85.166.50) at oct 24 02:55:44
Oct 24 03:05:44 MAIL-00 postfix/anvil[12694]: statistics: max cache size 2 at oct 24 02:58:33
Oct 24 03:05:48 MAIL-00 postfix/postscreen[10909]: dnsbl rank 5 for [103.129.47.51]:39055
Oct 24 03:05:48 MAIL-00 postfix/postscreen[10909]: disconnect [103.129.47.51]:39055
Oct 24 03:05:48 MAIL-00 postfix/postscreen[10909]: connect from [103.129.47.51]:42818 to [149.28.113.219]:25
Oct 24 03:05:48 MAIL-00 postfix/dnsblog[11966]: addr 103.129.47.51 listed by domain b.barracudacentral.org as 127.0.0.2
Oct 24 03:05:48 MAIL-00 postfix/dnsblog[12171]: addr 103.129.47.51 listed by domain zen.spamhaus.org as 127.0.0.3
Oct 24 03:05:48 MAIL-00 postfix/dnsblog[12171]: addr 103.129.47.51 listed by domain zen.spamhaus.org as 127.0.0.4
Oct 24 03:05:54 MAIL-00 postfix/postscreen[10909]: dnsbl rank 5 for [103.129.47.51]:42818
Oct 24 03:05:54 MAIL-00 postfix/postscreen[10909]: disconnect [103.129.47.51]:42818
Oct 24 03:05:54 MAIL-00 postfix/postscreen[10909]: connect from [199.7.204.29]:54754 to [149.28.113.219]:25
Oct 24 03:06:00 MAIL-00 postfix/postscreen[10909]: pass new [199.7.204.29]:54754
Oct 24 03:06:01 MAIL-00 postfix/smtpd[13036]: connect from omp.em.harborfreight.com[199.7.204.29]
Oct 24 03:06:01 MAIL-00 postfix/smtpd[13036]: anonymous tls connection established from omp.em.harborfreight.com[199.7.204.29]: tlsv1.2 with cipher ecdhe-rsa-aes256-gcm-sha384 (256/256 bits)
Oct 24 03:06:02 MAIL-00 postfix/smtpd[13036]: 46zbvt0tbmzzdmc: client=omp.em.harborfreight.com[199.7.204.29]
Oct 24 03:06:02 MAIL-00 postfix/cleanup[13038]: 46zbvt0tbmzzdmc: message-id=<0.1.3ae.fa7.1d58a17f2ac0600.0@omp.em.harborfreight.com>
Oct 24 03:06:02 MAIL-00 postfix/smtpd[13036]: disconnect from omp.em.harborfreight.com[199.7.204.29] ehlo=2 starttls=1 mail=1 rcpt=1 data=1 quit=1 commands=7
Oct 24 03:06:04 MAIL-00 postfix/postscreen[10909]: connect from [78.128.113.119]:41312 to [149.28.113.219]:25
Oct 24 03:06:04 MAIL-00 postfix/postscreen[10909]: pass old [78.128.113.119]:41312
Oct 24 03:06:04 MAIL-00 postfix/smtpd[13036]: warning: hostname ip-113-119.4vendeta.com does not resolve to address 78.128.113.119: hostname nor servname provided, or not known
Oct 24 03:06:04 MAIL-00 postfix/smtpd[13036]: connect from unknown[78.128.113.119]
Oct 24 03:06:05 MAIL-00 postfix/smtpd[13036]: lost connection after ehlo from unknown[78.128.113.119]
Oct 24 03:06:05 MAIL-00 postfix/smtpd[13036]: disconnect from unknown[78.128.113.119] ehlo=1 commands=1
Oct 24 03:06:05 MAIL-00 postfix/submission/smtpd[13062]: warning: hostname ip-113-119.4vendeta.com does not resolve to address 78.128.113.119: hostname nor servname provided, or not known
Oct 24 03:06:05 MAIL-00 postfix/submission/smtpd[13062]: connect from unknown[78.128.113.119]
Oct 24 03:06:06 MAIL-00 postfix/submission/smtpd[13062]: lost connection after ehlo from unknown[78.128.113.119]
Oct 24 03:06:06 MAIL-00 postfix/submission/smtpd[13062]: disconnect from unknown[78.128.113.119] ehlo=1 commands=1
Oct 24 03:06:06 MAIL-00 postfix/10025/smtpd[13064]: connect from localhost[127.0.0.1]
Oct 24 03:06:06 MAIL-00 postfix/10025/smtpd[13064]: 46zbvy6ckwzzdmd: client=localhost[127.0.0.1]
Oct 24 03:06:06 MAIL-00 postfix/cleanup[13038]: 46zbvy6ckwzzdmd: message-id=<0.1.3ae.fa7.1d58a17f2ac0600.0@omp.em.harborfreight.com>
Oct 24 03:06:06 MAIL-00 postfix/10025/smtpd[13064]: disconnect from localhost[127.0.0.1] ehlo=1 mail=1 rcpt=1 data=1 quit=1 commands=5
Oct 24 03:06:27 MAIL-00 postfix/pickup[12559]: 46zbwm65f8zzdmg: uid=0 from=<root>
Oct 24 03:06:29 MAIL-00 postfix/10025/smtpd[13064]: connect from localhost[127.0.0.1]
Oct 24 03:06:29 MAIL-00 postfix/10025/smtpd[13064]: 46zbwp1hgdzzdmh: client=localhost[127.0.0.1]
Oct 24 03:06:29 MAIL-00 postfix/10025/smtpd[13064]: disconnect from localhost[127.0.0.1] ehlo=1 mail=1 rcpt=1 data=1 quit=1 commands=5
Oct 24 03:06:32 MAIL-00 postfix/pickup[12559]: 46zbws4pjfzzdmh: uid=0 from=<root>
Oct 24 03:06:33 MAIL-00 postfix/10025/smtpd[13064]: connect from localhost[127.0.0.1]
Oct 24 03:06:33 MAIL-00 postfix/10025/smtpd[13064]: 46zbwt5jpszzdmc: client=localhost[127.0.0.1]
Oct 24 03:06:33 MAIL-00 postfix/10025/smtpd[13064]: disconnect from localhost[127.0.0.1] ehlo=1 mail=1 rcpt=1 data=1 quit=1 commands=5
Oct 24 03:06:35 MAIL-00 postfix/postscreen[10909]: connect from [190.64.147.19]:38087 to [149.28.113.219]:25
Oct 24 03:06:35 MAIL-00 postfix/dnsblog[12171]: addr 190.64.147.19 listed by domain zen.spamhaus.org as 127.0.0.3
Oct 24 03:06:35 MAIL-00 postfix/dnsblog[12171]: addr 190.64.147.19 listed by domain zen.spamhaus.org as 127.0.0.4
Oct 24 03:06:37 MAIL-00 postfix/postscreen[10909]: pregreet 45 after 1.7 from [190.64.147.19]:38087: ehlo r190-64-147-19.su-static.adinet.com.uy\r\n
Oct 24 03:06:37 MAIL-00 postfix/postscreen[10909]: disconnect [190.64.147.19]:38087
Oct 24 03:06:38 MAIL-00 postfix/postscreen[10909]: connect from [92.241.92.218]:43122 to [149.28.113.219]:25
Oct 24 03:06:38 MAIL-00 postfix/dnsblog[11966]: addr 92.241.92.218 listed by domain b.barracudacentral.org as 127.0.0.2
Oct 24 03:06:38 MAIL-00 postfix/dnsblog[12171]: addr 92.241.92.218 listed by domain zen.spamhaus.org as 127.0.0.3
Oct 24 03:06:38 MAIL-00 postfix/dnsblog[12171]: addr 92.241.92.218 listed by domain zen.spamhaus.org as 127.0.0.4
Oct 24 03:06:39 MAIL-00 postfix/postscreen[10909]: pregreet 44 after 0.96 from [92.241.92.218]:43122: ehlo host-92-241-92-218-customer.wanex.net\r\n
Oct 24 03:06:39 MAIL-00 postfix/postscreen[10909]: disconnect [92.241.92.218]:43122
Oct 24 03:06:49 MAIL-00 postfix/postscreen[10909]: connect from [67.215.225.20]:56332 to [149.28.113.219]:25
Oct 24 03:06:49 MAIL-00 postfix/dnsblog[11966]: addr 67.215.225.20 listed by domain b.barracudacentral.org as 127.0.0.2
Oct 24 03:06:52 MAIL-00 postfix/postscreen[10909]: connect from [186.84.172.7]:38404 to [149.28.113.219]:25
Oct 24 03:06:52 MAIL-00 postfix/dnsblog[11966]: addr 186.84.172.7 listed by domain b.barracudacentral.org as 127.0.0.2
Oct 24 03:06:52 MAIL-00 postfix/dnsblog[12171]: addr 186.84.172.7 listed by domain zen.spamhaus.org as 127.0.0.3
Oct 24 03:06:52 MAIL-00 postfix/dnsblog[12171]: addr 186.84.172.7 listed by domain zen.spamhaus.org as 127.0.0.11
Oct 24 03:06:52 MAIL-00 postfix/dnsblog[12171]: addr 186.84.172.7 listed by domain zen.spamhaus.org as 127.0.0.4
Oct 24 03:06:53 MAIL-00 postfix/postscreen[10909]: pregreet 40 after 0.49 from [186.84.172.7]:38404: ehlo dynamic-ip-186841727.cable.net.co\r\n
Oct 24 03:06:53 MAIL-00 postfix/postscreen[10909]: disconnect [186.84.172.7]:38404
Oct 24 03:06:53 MAIL-00 postfix/postscreen[10909]: connect from [109.75.36.93]:40004 to [149.28.113.219]:25
Oct 24 03:06:54 MAIL-00 postfix/dnsblog[12171]: addr 109.75.36.93 listed by domain zen.spamhaus.org as 127.0.0.3
Oct 24 03:06:54 MAIL-00 postfix/dnsblog[12171]: addr 109.75.36.93 listed by domain zen.spamhaus.org as 127.0.0.4
Oct 24 03:06:54 MAIL-00 postfix/postscreen[10909]: pregreet 32 after 0.25 from [109.75.36.93]:40004: ehlo host-93.36.75.109.ucom.am\r\n
Oct 24 03:06:54 MAIL-00 postfix/postscreen[10909]: disconnect [109.75.36.93]:40004
Oct 24 03:06:55 MAIL-00 postfix/dnsblog[11966]: addr 109.75.36.93 listed by domain b.barracudacentral.org as 127.0.0.2
Oct 24 03:06:55 MAIL-00 postfix/postscreen[10909]: dnsbl rank 2 for [67.215.225.20]:56332
Oct 24 03:06:55 MAIL-00 postfix/postscreen[10909]: disconnect [67.215.225.20]:56332
Oct 24 03:06:56 MAIL-00 postfix/postscreen[10909]: connect from [103.129.47.51]:42270 to [149.28.113.219]:25
Oct 24 03:06:56 MAIL-00 postfix/dnsblog[12171]: addr 103.129.47.51 listed by domain b.barracudacentral.org as 127.0.0.2
Oct 24 03:06:56 MAIL-00 postfix/dnsblog[11966]: addr 103.129.47.51 listed by domain zen.spamhaus.org as 127.0.0.3
Oct 24 03:06:56 MAIL-00 postfix/dnsblog[11966]: addr 103.129.47.51 listed by domain zen.spamhaus.org as 127.0.0.4
Oct 24 03:07:02 MAIL-00 postfix/postscreen[10909]: dnsbl rank 5 for [103.129.47.51]:42270
Oct 24 03:07:02 MAIL-00 postfix/postscreen[10909]: disconnect [103.129.47.51]:42270
Oct 24 03:07:03 MAIL-00 postfix/postscreen[10909]: connect from [103.129.47.51]:57824 to [149.28.113.219]:25
Oct 24 03:07:03 MAIL-00 postfix/dnsblog[12171]: addr 103.129.47.51 listed by domain b.barracudacentral.org as 127.0.0.2
Oct 24 03:07:03 MAIL-00 postfix/dnsblog[11966]: addr 103.129.47.51 listed by domain zen.spamhaus.org as 127.0.0.3
Oct 24 03:07:03 MAIL-00 postfix/dnsblog[11966]: addr 103.129.47.51 listed by domain zen.spamhaus.org as 127.0.0.4
Oct 24 03:07:09 MAIL-00 postfix/postscreen[10909]: dnsbl rank 5 for [103.129.47.51]:57824
Oct 24 03:07:09 MAIL-00 postfix/postscreen[10909]: disconnect [103.129.47.51]:57824
Oct 24 03:07:56 MAIL-00 postfix/postscreen[10909]: connect from [103.129.47.51]:43536 to [149.28.113.219]:25
Oct 24 03:07:56 MAIL-00 postfix/dnsblog[11966]: addr 103.129.47.51 listed by domain zen.spamhaus.org as 127.0.0.3
Oct 24 03:07:56 MAIL-00 postfix/dnsblog[12171]: addr 103.129.47.51 listed by domain b.barracudacentral.org as 127.0.0.2
Oct 24 03:07:56 MAIL-00 postfix/dnsblog[11966]: addr 103.129.47.51 listed by domain zen.spamhaus.org as 127.0.0.4
Oct 24 03:08:02 MAIL-00 postfix/postscreen[10909]: dnsbl rank 5 for [103.129.47.51]:43536
Oct 24 03:08:02 MAIL-00 postfix/postscreen[10909]: disconnect [103.129.47.51]:43536
Oct 24 03:08:03 MAIL-00 postfix/postscreen[10909]: connect from [103.129.47.51]:53840 to [149.28.113.219]:25
Oct 24 03:08:03 MAIL-00 postfix/dnsblog[12171]: addr 103.129.47.51 listed by domain b.barracudacentral.org as 127.0.0.2
Oct 24 03:08:03 MAIL-00 postfix/dnsblog[11966]: addr 103.129.47.51 listed by domain zen.spamhaus.org as 127.0.0.3
Oct 24 03:08:03 MAIL-00 postfix/dnsblog[11966]: addr 103.129.47.51 listed by domain zen.spamhaus.org as 127.0.0.4
Oct 24 03:08:09 MAIL-00 postfix/postscreen[10909]: dnsbl rank 5 for [103.129.47.51]:53840
Oct 24 03:08:09 MAIL-00 postfix/postscreen[10909]: disconnect [103.129.47.51]:53840
Oct 24 03:08:13 MAIL-00 postfix/postscreen[10909]: connect from [85.15.179.236]:60716 to [149.28.113.219]:25
Oct 24 03:08:13 MAIL-00 postfix/dnsblog[11966]: addr 85.15.179.236 listed by domain zen.spamhaus.org as 127.0.0.3
Oct 24 03:08:13 MAIL-00 postfix/dnsblog[11966]: addr 85.15.179.236 listed by domain zen.spamhaus.org as 127.0.0.4
Oct 24 03:08:13 MAIL-00 postfix/dnsblog[12171]: addr 85.15.179.236 listed by domain b.barracudacentral.org as 127.0.0.2
Oct 24 03:08:14 MAIL-00 postfix/postscreen[10909]: pregreet 18 after 0.89 from [85.15.179.236]:60716: ehlo lpmotors.it\r\n
Oct 24 03:08:14 MAIL-00 postfix/postscreen[10909]: disconnect [85.15.179.236]:60716
Oct 24 03:08:14 MAIL-00 postfix/postscreen[10909]: connect from [213.172.91.53]:33806 to [149.28.113.219]:25
Oct 24 03:08:14 MAIL-00 postfix/dnsblog[12171]: addr 213.172.91.53 listed by domain zen.spamhaus.org as 127.0.0.3
Oct 24 03:08:14 MAIL-00 postfix/dnsblog[12171]: addr 213.172.91.53 listed by domain zen.spamhaus.org as 127.0.0.4
Oct 24 03:08:15 MAIL-00 postfix/postscreen[10909]: pregreet 20 after 0.38 from [213.172.91.53]:33806: ehlo logicolift.it\r\n
Oct 24 03:08:15 MAIL-00 postfix/postscreen[10909]: disconnect [213.172.91.53]:33806
Oct 24 03:08:16 MAIL-00 postfix/dnsblog[11966]: addr 213.172.91.53 listed by domain b.barracudacentral.org as 127.0.0.2
Oct 24 03:08:56 MAIL-00 postfix/postscreen[10909]: connect from [103.129.47.51]:44224 to [149.28.113.219]:25
Oct 24 03:08:56 MAIL-00 postfix/dnsblog[12171]: addr 103.129.47.51 listed by domain b.barracudacentral.org as 127.0.0.2
Oct 24 03:08:56 MAIL-00 postfix/dnsblog[11966]: addr 103.129.47.51 listed by domain zen.spamhaus.org as 127.0.0.3
Oct 24 03:08:56 MAIL-00 postfix/dnsblog[11966]: addr 103.129.47.51 listed by domain zen.spamhaus.org as 127.0.0.4
Oct 24 03:09:02 MAIL-00 postfix/postscreen[10909]: dnsbl rank 5 for [103.129.47.51]:44224
Oct 24 03:09:02 MAIL-00 postfix/postscreen[10909]: disconnect [103.129.47.51]:44224
Oct 24 03:09:02 MAIL-00 postfix/postscreen[10909]: connect from [213.138.100.131]:50413 to [149.28.113.219]:25
Oct 24 03:09:02 MAIL-00 postfix/postscreen[10909]: pass old [213.138.100.131]:50413
Oct 24 03:09:02 MAIL-00 postfix/smtpd[13161]: connect from chilli.nosignal.org[213.138.100.131]
Oct 24 03:09:02 MAIL-00 postfix/postscreen[10909]: connect from [103.129.47.51]:55284 to [149.28.113.219]:25
Oct 24 03:09:02 MAIL-00 postfix/dnsblog[11966]: addr 103.129.47.51 listed by domain zen.spamhaus.org as 127.0.0.3
Oct 24 03:09:02 MAIL-00 postfix/dnsblog[11966]: addr 103.129.47.51 listed by domain zen.spamhaus.org as 127.0.0.4
Oct 24 03:09:02 MAIL-00 postfix/dnsblog[12171]: addr 103.129.47.51 listed by domain b.barracudacentral.org as 127.0.0.2
Oct 24 03:09:02 MAIL-00 postfix/smtpd[13161]: 46zbzl6d5qzzdmc: client=chilli.nosignal.org[213.138.100.131]
Oct 24 03:09:02 MAIL-00 postfix/cleanup[13164]: 46zbzl6d5qzzdmc: message-id=<5abeaa95-1f96-f56a-876e-d38a03fc35fb@keycodes.com>
Oct 24 03:09:03 MAIL-00 postfix/smtpd[13161]: disconnect from chilli.nosignal.org[213.138.100.131] ehlo=1 mail=1 rcpt=1 data=1 quit=1 commands=5
Oct 24 03:09:04 MAIL-00 postfix/postscreen[10909]: connect from [104.168.218.192]:58437 to [149.28.113.219]:25
Oct 24 03:09:04 MAIL-00 postfix/dnsblog[11966]: addr 104.168.218.192 listed by domain b.barracudacentral.org as 127.0.0.2
Oct 24 03:09:06 MAIL-00 postfix/10025/smtpd[13169]: connect from localhost[127.0.0.1]
Oct 24 03:09:06 MAIL-00 postfix/10025/smtpd[13169]: 46zbzq0xqszzdmd: client=localhost[127.0.0.1]
Oct 24 03:09:06 MAIL-00 postfix/cleanup[13164]: 46zbzq0xqszzdmd: message-id=<5abeaa95-1f96-f56a-876e-d38a03fc35fb@keycodes.com>
Oct 24 03:09:06 MAIL-00 postfix/10025/smtpd[13169]: disconnect from localhost[127.0.0.1] ehlo=1 mail=1 rcpt=1 data=1 quit=1 commands=5
Oct 24 03:09:08 MAIL-00 postfix/postscreen[10909]: dnsbl rank 5 for [103.129.47.51]:55284
Oct 24 03:09:08 MAIL-00 postfix/postscreen[10909]: disconnect [103.129.47.51]:55284
Oct 24 03:09:10 MAIL-00 postfix/postscreen[10909]: dnsbl rank 2 for [104.168.218.192]:58437
Oct 24 03:09:10 MAIL-00 postfix/postscreen[10909]: disconnect [104.168.218.192]:58437
Oct 24 03:09:32 MAIL-00 postfix/postscreen[10909]: connect from [31.220.0.154]:38200 to [149.28.113.219]:25
Oct 24 03:09:32 MAIL-00 postfix/dnsblog[11966]: addr 31.220.0.154 listed by domain b.barracudacentral.org as 127.0.0.2
Oct 24 03:09:38 MAIL-00 postfix/postscreen[10909]: dnsbl rank 2 for [31.220.0.154]:38200
Oct 24 03:09:38 MAIL-00 postfix/postscreen[10909]: disconnect [31.220.0.154]:38200
Oct 24 03:09:41 MAIL-00 postfix/postscreen[10909]: connect from [45.82.153.76]:33348 to [149.28.113.219]:25
Oct 24 03:09:41 MAIL-00 postfix/dnsblog[12171]: addr 45.82.153.76 listed by domain zen.spamhaus.org as 127.0.0.3
Oct 24 03:09:41 MAIL-00 postfix/dnsblog[12171]: addr 45.82.153.76 listed by domain zen.spamhaus.org as 127.0.0.4
Oct 24 03:09:47 MAIL-00 postfix/postscreen[10909]: dnsbl rank 3 for [45.82.153.76]:33348
Oct 24 03:09:47 MAIL-00 postfix/postscreen[10909]: disconnect [45.82.153.76]:33348
Oct 24 03:09:48 MAIL-00 postfix/submission/smtpd[13175]: connect from unknown[45.82.153.76]
Oct 24 03:09:50 MAIL-00 postfix/submission/smtpd[13175]: lost connection after ehlo from unknown[45.82.153.76]
Oct 24 03:09:50 MAIL-00 postfix/submission/smtpd[13175]: disconnect from unknown[45.82.153.76] ehlo=1 commands=1
Oct 24 03:09:56 MAIL-00 postfix/postscreen[10909]: connect from [103.129.47.51]:37055 to [149.28.113.219]:25
Oct 24 03:09:56 MAIL-00 postfix/dnsblog[11966]: addr 103.129.47.51 listed by domain b.barracudacentral.org as 127.0.0.2
Oct 24 03:09:56 MAIL-00 postfix/dnsblog[12171]: addr 103.129.47.51 listed by domain zen.spamhaus.org as 127.0.0.3
Oct 24 03:09:56 MAIL-00 postfix/dnsblog[12171]: addr 103.129.47.51 listed by domain zen.spamhaus.org as 127.0.0.4
Oct 24 03:10:02 MAIL-00 postfix/postscreen[10909]: dnsbl rank 5 for [103.129.47.51]:37055
Oct 24 03:10:02 MAIL-00 postfix/postscreen[10909]: disconnect [103.129.47.51]:37055
Oct 24 03:10:03 MAIL-00 postfix/postscreen[10909]: connect from [103.129.47.51]:41336 to [149.28.113.219]:25
Oct 24 03:10:03 MAIL-00 postfix/dnsblog[11966]: addr 103.129.47.51 listed by domain b.barracudacentral.org as 127.0.0.2
Oct 24 03:10:03 MAIL-00 postfix/dnsblog[12171]: addr 103.129.47.51 listed by domain zen.spamhaus.org as 127.0.0.3
Oct 24 03:10:03 MAIL-00 postfix/dnsblog[12171]: addr 103.129.47.51 listed by domain zen.spamhaus.org as 127.0.0.4
Oct 24 03:10:04 MAIL-00 postfix/postscreen[10909]: connect from [62.93.189.63]:60343 to [149.28.113.219]:25
Oct 24 03:10:04 MAIL-00 postfix/dnsblog[12171]: addr 62.93.189.63 listed by domain b.barracudacentral.org as 127.0.0.2
Oct 24 03:10:09 MAIL-00 postfix/postscreen[10909]: dnsbl rank 5 for [103.129.47.51]:41336
Oct 24 03:10:09 MAIL-00 postfix/postscreen[10909]: disconnect [103.129.47.51]:41336
Oct 24 03:10:10 MAIL-00 postfix/postscreen[10909]: dnsbl rank 2 for [62.93.189.63]:60343
Oct 24 03:10:10 MAIL-00 postfix/postscreen[10909]: disconnect [62.93.189.63]:60343
Oct 24 03:10:23 MAIL-00 postfix/postscreen[10909]: connect from [82.117.247.58]:48437 to [149.28.113.219]:25
Oct 24 03:10:23 MAIL-00 postfix/dnsblog[11966]: addr 82.117.247.58 listed by domain b.barracudacentral.org as 127.0.0.2
Oct 24 03:10:23 MAIL-00 postfix/dnsblog[12171]: addr 82.117.247.58 listed by domain zen.spamhaus.org as 127.0.0.3
Oct 24 03:10:23 MAIL-00 postfix/dnsblog[12171]: addr 82.117.247.58 listed by domain zen.spamhaus.org as 127.0.0.4
Oct 24 03:10:23 MAIL-00 postfix/postscreen[10909]: pregreet 42 after 0.22 from [82.117.247.58]:48437: ehlo 82-117-247-58.gpon.sta.kh.velton.ua\r\n
Oct 24 03:10:23 MAIL-00 postfix/postscreen[10909]: disconnect [82.117.247.58]:48437
Oct 24 03:10:24 MAIL-00 postfix/postscreen[10909]: connect from [191.241.66.82]:34547 to [149.28.113.219]:25
Oct 24 03:10:24 MAIL-00 postfix/dnsblog[11966]: addr 191.241.66.82 listed by domain b.barracudacentral.org as 127.0.0.2
Oct 24 03:10:24 MAIL-00 postfix/dnsblog[12171]: addr 191.241.66.82 listed by domain zen.spamhaus.org as 127.0.0.3
Oct 24 03:10:24 MAIL-00 postfix/dnsblog[12171]: addr 191.241.66.82 listed by domain zen.spamhaus.org as 127.0.0.4
Oct 24 03:10:25 MAIL-00 postfix/postscreen[10909]: pregreet 37 after 0.72 from [191.241.66.82]:34547: ehlo 86.66.241.191.k2telecom.net.br\r\n
Oct 24 03:10:25 MAIL-00 postfix/postscreen[10909]: disconnect [191.241.66.82]:34547
Oct 24 03:10:56 MAIL-00 postfix/postscreen[10909]: connect from [103.129.47.51]:38513 to [149.28.113.219]:25
Oct 24 03:10:56 MAIL-00 postfix/dnsblog[11966]: addr 103.129.47.51 listed by domain b.barracudacentral.org as 127.0.0.2
Oct 24 03:10:56 MAIL-00 postfix/dnsblog[12171]: addr 103.129.47.51 listed by domain zen.spamhaus.org as 127.0.0.3
Oct 24 03:10:56 MAIL-00 postfix/dnsblog[12171]: addr 103.129.47.51 listed by domain zen.spamhaus.org as 127.0.0.4
Oct 24 03:11:02 MAIL-00 postfix/postscreen[10909]: dnsbl rank 5 for [103.129.47.51]:38513
Oct 24 03:11:02 MAIL-00 postfix/postscreen[10909]: disconnect [103.129.47.51]:38513
Oct 24 03:11:03 MAIL-00 postfix/postscreen[10909]: connect from [103.129.47.51]:52811 to [149.28.113.219]:25
Oct 24 03:11:03 MAIL-00 postfix/dnsblog[12171]: addr 103.129.47.51 listed by domain b.barracudacentral.org as 127.0.0.2
Oct 24 03:11:03 MAIL-00 postfix/dnsblog[11966]: addr 103.129.47.51 listed by domain zen.spamhaus.org as 127.0.0.3
Oct 24 03:11:03 MAIL-00 postfix/dnsblog[11966]: addr 103.129.47.51 listed by domain zen.spamhaus.org as 127.0.0.4
Oct 24 03:11:09 MAIL-00 postfix/postscreen[10909]: dnsbl rank 5 for [103.129.47.51]:52811
Oct 24 03:11:09 MAIL-00 postfix/postscreen[10909]: disconnect [103.129.47.51]:52811
Oct 24 03:11:20 MAIL-00 postfix/postscreen[10909]: connect from [72.52.227.205]:33317 to [149.28.113.219]:25
Oct 24 03:11:20 MAIL-00 postfix/dnsblog[12171]: addr 72.52.227.205 listed by domain b.barracudacentral.org as 127.0.0.2
Oct 24 03:11:22 MAIL-00 postfix/postscreen[10909]: connect from [178.151.24.64]:41086 to [149.28.113.219]:25
Oct 24 03:11:22 MAIL-00 postfix/dnsblog[12171]: addr 178.151.24.64 listed by domain b.barracudacentral.org as 127.0.0.2
Oct 24 03:11:22 MAIL-00 postfix/dnsblog[11966]: addr 178.151.24.64 listed by domain zen.spamhaus.org as 127.0.0.3
Oct 24 03:11:22 MAIL-00 postfix/dnsblog[11966]: addr 178.151.24.64 listed by domain zen.spamhaus.org as 127.0.0.4
Oct 24 03:11:22 MAIL-00 postfix/postscreen[10909]: pregreet 32 after 0.19 from [178.151.24.64]:41086: ehlo 64.24.151.178.triolan.net\r\n
Oct 24 03:11:22 MAIL-00 postfix/postscreen[10909]: disconnect [178.151.24.64]:41086
Oct 24 03:11:26 MAIL-00 postfix/postscreen[10909]: dnsbl rank 2 for [72.52.227.205]:33317
Oct 24 03:11:26 MAIL-00 postfix/postscreen[10909]: disconnect [72.52.227.205]:33317
Oct 24 03:11:26 MAIL-00 postfix/postscreen[10909]: connect from [103.253.2.174]:48222 to [149.28.113.219]:25
Oct 24 03:11:26 MAIL-00 postfix/dnsblog[12171]: addr 103.253.2.174 listed by domain b.barracudacentral.org as 127.0.0.2
Oct 24 03:11:26 MAIL-00 postfix/dnsblog[11966]: addr 103.253.2.174 listed by domain zen.spamhaus.org as 127.0.0.3
Oct 24 03:11:26 MAIL-00 postfix/dnsblog[11966]: addr 103.253.2.174 listed by domain zen.spamhaus.org as 127.0.0.4
Oct 24 03:11:27 MAIL-00 postfix/postscreen[10909]: pregreet 16 after 0.49 from [103.253.2.174]:48222: ehlo loriss.it\r\n
Oct 24 03:11:27 MAIL-00 postfix/postscreen[10909]: disconnect [103.253.2.174]:48222
Oct 24 03:11:35 MAIL-00 postfix/postscreen[10909]: connect from [209.85.166.171]:41283 to [149.28.113.219]:25
Oct 24 03:11:35 MAIL-00 postfix/postscreen[10909]: pass old [209.85.166.171]:41283
Oct 24 03:11:36 MAIL-00 postfix/smtpd[13190]: connect from mail-il1-f171.google.com[209.85.166.171]
Oct 24 03:11:36 MAIL-00 postfix/smtpd[13190]: anonymous tls connection established from mail-il1-f171.google.com[209.85.166.171]: tlsv1.2 with cipher ecdhe-rsa-aes128-gcm-sha256 (128/128 bits)
Oct 24 03:11:36 MAIL-00 postfix/smtpd[13190]: 46zc2j2mbqzzdmc: client=mail-il1-f171.google.com[209.85.166.171]
Oct 24 03:11:36 MAIL-00 postfix/cleanup[13193]: 46zc2j2mbqzzdmc: message-id=<000000000000e680a205959f636a@google.com>
Oct 24 03:11:36 MAIL-00 postfix/smtpd[13190]: disconnect from mail-il1-f171.google.com[209.85.166.171] ehlo=2 starttls=1 mail=1 rcpt=1 bdat=1 quit=1 commands=7
Oct 24 03:11:39 MAIL-00 postfix/10025/smtpd[13198]: connect from localhost[127.0.0.1]
Oct 24 03:11:39 MAIL-00 postfix/10025/smtpd[13198]: 46zc2m0qxyzzdmd: client=localhost[127.0.0.1]
Oct 24 03:11:39 MAIL-00 postfix/cleanup[13193]: 46zc2m0qxyzzdmd: message-id=<000000000000e680a205959f636a@google.com>
Oct 24 03:11:39 MAIL-00 postfix/10025/smtpd[13198]: disconnect from localhost[127.0.0.1] ehlo=1 mail=1 rcpt=1 data=1 quit=1 commands=5
Oct 24 03:11:56 MAIL-00 postfix/postscreen[10909]: connect from [103.129.47.51]:41755 to [149.28.113.219]:25
Oct 24 03:11:56 MAIL-00 postfix/dnsblog[12171]: addr 103.129.47.51 listed by domain b.barracudacentral.org as 127.0.0.2
Oct 24 03:11:56 MAIL-00 postfix/dnsblog[11966]: addr 103.129.47.51 listed by domain zen.spamhaus.org as 127.0.0.3
Oct 24 03:11:56 MAIL-00 postfix/dnsblog[11966]: addr 103.129.47.51 listed by domain zen.spamhaus.org as 127.0.0.4
Oct 24 03:12:02 MAIL-00 postfix/postscreen[10909]: dnsbl rank 5 for [103.129.47.51]:41755
Oct 24 03:12:02 MAIL-00 postfix/postscreen[10909]: disconnect [103.129.47.51]:41755
Oct 24 03:12:03 MAIL-00 postfix/postscreen[10909]: connect from [103.129.47.51]:46681 to [149.28.113.219]:25
Oct 24 03:12:03 MAIL-00 postfix/dnsblog[12171]: addr 103.129.47.51 listed by domain b.barracudacentral.org as 127.0.0.2
Oct 24 03:12:03 MAIL-00 postfix/dnsblog[11966]: addr 103.129.47.51 listed by domain zen.spamhaus.org as 127.0.0.3
Oct 24 03:12:03 MAIL-00 postfix/dnsblog[11966]: addr 103.129.47.51 listed by domain zen.spamhaus.org as 127.0.0.4
Oct 24 03:12:09 MAIL-00 postfix/postscreen[10909]: dnsbl rank 5 for [103.129.47.51]:46681
Oct 24 03:12:09 MAIL-00 postfix/postscreen[10909]: disconnect [103.129.47.51]:46681
Oct 24 03:12:58 MAIL-00 postfix/postscreen[10909]: connect from [103.129.47.51]:55950 to [149.28.113.219]:25
Oct 24 03:12:58 MAIL-00 postfix/dnsblog[12171]: addr 103.129.47.51 listed by domain b.barracudacentral.org as 127.0.0.2
Oct 24 03:12:58 MAIL-00 postfix/dnsblog[11966]: addr 103.129.47.51 listed by domain zen.spamhaus.org as 127.0.0.3
Oct 24 03:12:58 MAIL-00 postfix/dnsblog[11966]: addr 103.129.47.51 listed by domain zen.spamhaus.org as 127.0.0.4
Oct 24 03:13:04 MAIL-00 postfix/postscreen[10909]: dnsbl rank 5 for [103.129.47.51]:55950
Oct 24 03:13:04 MAIL-00 postfix/postscreen[10909]: disconnect [103.129.47.51]:55950
Oct 24 03:13:05 MAIL-00 postfix/postscreen[10909]: connect from [103.129.47.51]:60340 to [149.28.113.219]:25
Oct 24 03:13:05 MAIL-00 postfix/dnsblog[12171]: addr 103.129.47.51 listed by domain b.barracudacentral.org as 127.0.0.2
Oct 24 03:13:05 MAIL-00 postfix/dnsblog[11966]: addr 103.129.47.51 listed by domain zen.spamhaus.org as 127.0.0.3
Oct 24 03:13:05 MAIL-00 postfix/dnsblog[11966]: addr 103.129.47.51 listed by domain zen.spamhaus.org as 127.0.0.4
Oct 24 03:13:11 MAIL-00 postfix/postscreen[10909]: dnsbl rank 5 for [103.129.47.51]:60340
Oct 24 03:13:11 MAIL-00 postfix/postscreen[10909]: disconnect [103.129.47.51]:60340
Oct 24 03:13:58 MAIL-00 postfix/postscreen[10909]: connect from [103.129.47.51]:38488 to [149.28.113.219]:25
