Oct 24 00:46:45 MAIL-00 postfix/postscreen[10909]: connect from [199.167.225.191]:49561 to [149.28.113.219]:25
Oct 24 00:46:49 MAIL-00 postfix/postscreen[10909]: connect from [160.20.109.81]:42028 to [149.28.113.219]:25
Oct 24 00:46:49 MAIL-00 postfix/dnsblog[10910]: addr 160.20.109.81 listed by domain zen.spamhaus.org as 127.0.0.3
Oct 24 00:46:51 MAIL-00 postfix/postscreen[10909]: pass new [199.167.225.191]:49561
Oct 24 00:46:51 MAIL-00 postfix/smtpd[11922]: connect from c191.criticalimpactinc.com[199.167.225.191]
Oct 24 00:46:51 MAIL-00 postfix/smtpd[11922]: anonymous tls connection established from c191.criticalimpactinc.com[199.167.225.191]: tlsv1.2 with cipher ecdhe-rsa-aes256-gcm-sha384 (256/256 bits)
Oct 24 00:46:52 MAIL-00 postfix/smtpd[11922]: 46z7qj1jgdzzdmc: client=c191.criticalimpactinc.com[199.167.225.191]
Oct 24 00:46:52 MAIL-00 postfix/cleanup[11925]: 46z7qj1jgdzzdmc: message-id=<683506031l7151971l28911l0l1023204653@c190.criticalimpactinc.com>
Oct 24 00:46:52 MAIL-00 postfix/smtpd[11922]: disconnect from c191.criticalimpactinc.com[199.167.225.191] ehlo=2 starttls=1 mail=1 rcpt=1 data=1 quit=1 commands=7
Oct 24 00:46:55 MAIL-00 postfix/postscreen[10909]: dnsbl rank 3 for [160.20.109.81]:42028
Oct 24 00:46:55 MAIL-00 postfix/postscreen[10909]: disconnect [160.20.109.81]:42028
Oct 24 00:46:58 MAIL-00 postfix/10025/smtpd[11930]: connect from localhost[127.0.0.1]
Oct 24 00:46:58 MAIL-00 postfix/10025/smtpd[11930]: 46z7qq56lqzzdmd: client=localhost[127.0.0.1]
Oct 24 00:46:58 MAIL-00 postfix/cleanup[11925]: 46z7qq56lqzzdmd: message-id=<683506031l7151971l28911l0l1023204653@c190.criticalimpactinc.com>
Oct 24 00:46:58 MAIL-00 postfix/10025/smtpd[11930]: disconnect from localhost[127.0.0.1] ehlo=1 mail=1 rcpt=1 data=1 quit=1 commands=5
Oct 24 00:47:11 MAIL-00 postfix/postscreen[10909]: connect from [103.129.47.51]:34627 to [149.28.113.219]:25
Oct 24 00:47:11 MAIL-00 postfix/dnsblog[11659]: addr 103.129.47.51 listed by domain zen.spamhaus.org as 127.0.0.3
Oct 24 00:47:11 MAIL-00 postfix/dnsblog[10911]: addr 103.129.47.51 listed by domain b.barracudacentral.org as 127.0.0.2
Oct 24 00:47:11 MAIL-00 postfix/dnsblog[11659]: addr 103.129.47.51 listed by domain zen.spamhaus.org as 127.0.0.4
Oct 24 00:47:17 MAIL-00 postfix/postscreen[10909]: dnsbl rank 5 for [103.129.47.51]:34627
Oct 24 00:47:17 MAIL-00 postfix/postscreen[10909]: disconnect [103.129.47.51]:34627
Oct 24 00:47:18 MAIL-00 postfix/postscreen[10909]: connect from [103.129.47.51]:45942 to [149.28.113.219]:25
Oct 24 00:47:18 MAIL-00 postfix/dnsblog[10910]: addr 103.129.47.51 listed by domain b.barracudacentral.org as 127.0.0.2
Oct 24 00:47:18 MAIL-00 postfix/dnsblog[10911]: addr 103.129.47.51 listed by domain zen.spamhaus.org as 127.0.0.3
Oct 24 00:47:18 MAIL-00 postfix/dnsblog[10911]: addr 103.129.47.51 listed by domain zen.spamhaus.org as 127.0.0.4
Oct 24 00:47:24 MAIL-00 postfix/postscreen[10909]: dnsbl rank 5 for [103.129.47.51]:45942
Oct 24 00:47:24 MAIL-00 postfix/postscreen[10909]: disconnect [103.129.47.51]:45942
Oct 24 00:47:38 MAIL-00 postfix/postscreen[10909]: connect from [104.168.218.192]:50650 to [149.28.113.219]:25
Oct 24 00:47:38 MAIL-00 postfix/dnsblog[11659]: addr 104.168.218.192 listed by domain b.barracudacentral.org as 127.0.0.2
Oct 24 00:47:44 MAIL-00 postfix/postscreen[10909]: dnsbl rank 2 for [104.168.218.192]:50650
Oct 24 00:47:44 MAIL-00 postfix/postscreen[10909]: disconnect [104.168.218.192]:50650
Oct 24 00:48:10 MAIL-00 postfix/postscreen[10909]: connect from [91.98.153.38]:52297 to [149.28.113.219]:25
Oct 24 00:48:10 MAIL-00 postfix/dnsblog[10911]: addr 91.98.153.38 listed by domain b.barracudacentral.org as 127.0.0.2
Oct 24 00:48:11 MAIL-00 postfix/dnsblog[11659]: addr 91.98.153.38 listed by domain zen.spamhaus.org as 127.0.0.3
Oct 24 00:48:11 MAIL-00 postfix/dnsblog[11659]: addr 91.98.153.38 listed by domain zen.spamhaus.org as 127.0.0.4
Oct 24 00:48:11 MAIL-00 postfix/postscreen[10909]: pregreet 26 after 0.56 from [91.98.153.38]:52297: ehlo 91.98.153.38.pol.ir\r\n
Oct 24 00:48:11 MAIL-00 postfix/postscreen[10909]: disconnect [91.98.153.38]:52297
Oct 24 00:48:11 MAIL-00 postfix/postscreen[10909]: connect from [103.129.47.51]:43960 to [149.28.113.219]:25
Oct 24 00:48:11 MAIL-00 postfix/dnsblog[10911]: addr 103.129.47.51 listed by domain zen.spamhaus.org as 127.0.0.3
Oct 24 00:48:11 MAIL-00 postfix/dnsblog[10910]: addr 103.129.47.51 listed by domain b.barracudacentral.org as 127.0.0.2
Oct 24 00:48:11 MAIL-00 postfix/dnsblog[10911]: addr 103.129.47.51 listed by domain zen.spamhaus.org as 127.0.0.4
Oct 24 00:48:12 MAIL-00 postfix/postscreen[10909]: connect from [103.59.200.14]:41525 to [149.28.113.219]:25
Oct 24 00:48:12 MAIL-00 postfix/dnsblog[10910]: addr 103.59.200.14 listed by domain zen.spamhaus.org as 127.0.0.3
Oct 24 00:48:12 MAIL-00 postfix/dnsblog[10910]: addr 103.59.200.14 listed by domain zen.spamhaus.org as 127.0.0.4
Oct 24 00:48:12 MAIL-00 postfix/postscreen[10909]: connect from [31.220.0.154]:43133 to [149.28.113.219]:25
Oct 24 00:48:12 MAIL-00 postfix/dnsblog[10911]: addr 31.220.0.154 listed by domain b.barracudacentral.org as 127.0.0.2
Oct 24 00:48:12 MAIL-00 postfix/postscreen[10909]: pregreet 49 after 0.49 from [103.59.200.14]:41525: ehlo cache.google.com\r\n14-200.59.103.n4uspl.net\r\n
Oct 24 00:48:12 MAIL-00 postfix/postscreen[10909]: disconnect [103.59.200.14]:41525
Oct 24 00:48:17 MAIL-00 postfix/postscreen[10909]: dnsbl rank 5 for [103.129.47.51]:43960
Oct 24 00:48:17 MAIL-00 postfix/postscreen[10909]: disconnect [103.129.47.51]:43960
Oct 24 00:48:18 MAIL-00 postfix/postscreen[10909]: dnsbl rank 2 for [31.220.0.154]:43133
Oct 24 00:48:18 MAIL-00 postfix/postscreen[10909]: disconnect [31.220.0.154]:43133
Oct 24 00:48:18 MAIL-00 postfix/postscreen[10909]: connect from [103.129.47.51]:37489 to [149.28.113.219]:25
Oct 24 00:48:18 MAIL-00 postfix/dnsblog[10911]: addr 103.129.47.51 listed by domain zen.spamhaus.org as 127.0.0.3
Oct 24 00:48:18 MAIL-00 postfix/dnsblog[10910]: addr 103.129.47.51 listed by domain b.barracudacentral.org as 127.0.0.2
Oct 24 00:48:18 MAIL-00 postfix/dnsblog[10911]: addr 103.129.47.51 listed by domain zen.spamhaus.org as 127.0.0.4
Oct 24 00:48:24 MAIL-00 postfix/postscreen[10909]: dnsbl rank 5 for [103.129.47.51]:37489
Oct 24 00:48:24 MAIL-00 postfix/postscreen[10909]: disconnect [103.129.47.51]:37489
Oct 24 00:48:40 MAIL-00 postfix/postscreen[10909]: connect from [194.36.85.142]:37895 to [149.28.113.219]:25
Oct 24 00:48:40 MAIL-00 postfix/dnsblog[11659]: addr 194.36.85.142 listed by domain b.barracudacentral.org as 127.0.0.2
Oct 24 00:48:40 MAIL-00 postfix/dnsblog[10911]: addr 194.36.85.142 listed by domain zen.spamhaus.org as 127.0.0.3
Oct 24 00:48:46 MAIL-00 postfix/postscreen[10909]: dnsbl rank 5 for [194.36.85.142]:37895
Oct 24 00:48:46 MAIL-00 postfix/postscreen[10909]: disconnect [194.36.85.142]:37895
Oct 24 00:48:55 MAIL-00 postfix/postscreen[10909]: connect from [160.20.109.81]:43197 to [149.28.113.219]:25
Oct 24 00:48:55 MAIL-00 postfix/dnsblog[11659]: addr 160.20.109.81 listed by domain zen.spamhaus.org as 127.0.0.3
Oct 24 00:49:01 MAIL-00 postfix/postscreen[10909]: dnsbl rank 3 for [160.20.109.81]:43197
Oct 24 00:49:01 MAIL-00 postfix/postscreen[10909]: disconnect [160.20.109.81]:43197
Oct 24 00:49:11 MAIL-00 postfix/postscreen[10909]: connect from [103.129.47.51]:37320 to [149.28.113.219]:25
Oct 24 00:49:11 MAIL-00 postfix/dnsblog[10911]: addr 103.129.47.51 listed by domain b.barracudacentral.org as 127.0.0.2
Oct 24 00:49:11 MAIL-00 postfix/dnsblog[10910]: addr 103.129.47.51 listed by domain zen.spamhaus.org as 127.0.0.3
Oct 24 00:49:11 MAIL-00 postfix/dnsblog[10910]: addr 103.129.47.51 listed by domain zen.spamhaus.org as 127.0.0.4
Oct 24 00:49:17 MAIL-00 postfix/postscreen[10909]: dnsbl rank 5 for [103.129.47.51]:37320
Oct 24 00:49:17 MAIL-00 postfix/postscreen[10909]: disconnect [103.129.47.51]:37320
Oct 24 00:49:17 MAIL-00 postfix/postscreen[10909]: connect from [61.118.35.94]:59915 to [149.28.113.219]:25
Oct 24 00:49:17 MAIL-00 postfix/dnsblog[10911]: addr 61.118.35.94 listed by domain zen.spamhaus.org as 127.0.0.3
Oct 24 00:49:17 MAIL-00 postfix/dnsblog[10911]: addr 61.118.35.94 listed by domain zen.spamhaus.org as 127.0.0.4
Oct 24 00:49:17 MAIL-00 postfix/dnsblog[11659]: addr 61.118.35.94 listed by domain b.barracudacentral.org as 127.0.0.2
Oct 24 00:49:17 MAIL-00 postfix/postscreen[10909]: connect from [103.129.47.51]:48202 to [149.28.113.219]:25
Oct 24 00:49:17 MAIL-00 postfix/dnsblog[10911]: addr 103.129.47.51 listed by domain zen.spamhaus.org as 127.0.0.3
Oct 24 00:49:17 MAIL-00 postfix/dnsblog[10910]: addr 103.129.47.51 listed by domain b.barracudacentral.org as 127.0.0.2
Oct 24 00:49:17 MAIL-00 postfix/dnsblog[10911]: addr 103.129.47.51 listed by domain zen.spamhaus.org as 127.0.0.4
Oct 24 00:49:18 MAIL-00 postfix/postscreen[10909]: pregreet 16 after 0.69 from [61.118.35.94]:59915: ehlo logats.it\r\n
Oct 24 00:49:18 MAIL-00 postfix/postscreen[10909]: disconnect [61.118.35.94]:59915
Oct 24 00:49:18 MAIL-00 postfix/postscreen[10909]: connect from [46.32.78.150]:44401 to [149.28.113.219]:25
Oct 24 00:49:18 MAIL-00 postfix/dnsblog[11659]: addr 46.32.78.150 listed by domain b.barracudacentral.org as 127.0.0.2
Oct 24 00:49:18 MAIL-00 postfix/dnsblog[10910]: addr 46.32.78.150 listed by domain zen.spamhaus.org as 127.0.0.3
Oct 24 00:49:18 MAIL-00 postfix/dnsblog[10910]: addr 46.32.78.150 listed by domain zen.spamhaus.org as 127.0.0.4
Oct 24 00:49:18 MAIL-00 postfix/postscreen[10909]: pregreet 18 after 0.33 from [46.32.78.150]:44401: ehlo loudness.it\r\n
Oct 24 00:49:18 MAIL-00 postfix/postscreen[10909]: disconnect [46.32.78.150]:44401
Oct 24 00:49:23 MAIL-00 postfix/postscreen[10909]: dnsbl rank 5 for [103.129.47.51]:48202
Oct 24 00:49:23 MAIL-00 postfix/postscreen[10909]: disconnect [103.129.47.51]:48202
Oct 24 00:50:02 MAIL-00 postfix/postscreen[10909]: connect from [189.51.100.182]:56092 to [149.28.113.219]:25
Oct 24 00:50:02 MAIL-00 postfix/dnsblog[10911]: addr 189.51.100.182 listed by domain b.barracudacentral.org as 127.0.0.2
Oct 24 00:50:02 MAIL-00 postfix/dnsblog[11659]: addr 189.51.100.182 listed by domain zen.spamhaus.org as 127.0.0.3
Oct 24 00:50:02 MAIL-00 postfix/dnsblog[11659]: addr 189.51.100.182 listed by domain zen.spamhaus.org as 127.0.0.11
Oct 24 00:50:02 MAIL-00 postfix/dnsblog[11659]: addr 189.51.100.182 listed by domain zen.spamhaus.org as 127.0.0.4
Oct 24 00:50:03 MAIL-00 postfix/postscreen[10909]: pregreet 18 after 0.82 from [189.51.100.182]:56092: ehlo loveless.it\r\n
Oct 24 00:50:03 MAIL-00 postfix/postscreen[10909]: disconnect [189.51.100.182]:56092
Oct 24 00:50:07 MAIL-00 postfix/postscreen[10909]: connect from [196.22.51.42]:46671 to [149.28.113.219]:25
Oct 24 00:50:07 MAIL-00 postfix/dnsblog[10910]: addr 196.22.51.42 listed by domain b.barracudacentral.org as 127.0.0.2
Oct 24 00:50:07 MAIL-00 postfix/dnsblog[10911]: addr 196.22.51.42 listed by domain zen.spamhaus.org as 127.0.0.3
Oct 24 00:50:07 MAIL-00 postfix/dnsblog[10911]: addr 196.22.51.42 listed by domain zen.spamhaus.org as 127.0.0.4
Oct 24 00:50:07 MAIL-00 postfix/postscreen[10909]: pregreet 34 after 0.64 from [196.22.51.42]:46671: ehlo ip-196-22-51-42.teledata.mz\r\n
Oct 24 00:50:07 MAIL-00 postfix/postscreen[10909]: disconnect [196.22.51.42]:46671
Oct 24 00:50:11 MAIL-00 postfix/postscreen[10909]: connect from [103.129.47.51]:39437 to [149.28.113.219]:25
Oct 24 00:50:11 MAIL-00 postfix/dnsblog[11659]: addr 103.129.47.51 listed by domain b.barracudacentral.org as 127.0.0.2
Oct 24 00:50:11 MAIL-00 postfix/dnsblog[10910]: addr 103.129.47.51 listed by domain zen.spamhaus.org as 127.0.0.3
Oct 24 00:50:11 MAIL-00 postfix/dnsblog[10910]: addr 103.129.47.51 listed by domain zen.spamhaus.org as 127.0.0.4
Oct 24 00:50:12 MAIL-00 postfix/anvil[11885]: statistics: max connection rate 1/60s for (submission:51.91.212.81) at oct 24 00:42:47
Oct 24 00:50:12 MAIL-00 postfix/anvil[11885]: statistics: max connection count 1 for (submission:51.91.212.81) at oct 24 00:42:47
Oct 24 00:50:12 MAIL-00 postfix/anvil[11885]: statistics: max cache size 2 at oct 24 00:43:46
Oct 24 00:50:17 MAIL-00 postfix/postscreen[10909]: dnsbl rank 5 for [103.129.47.51]:39437
Oct 24 00:50:17 MAIL-00 postfix/postscreen[10909]: disconnect [103.129.47.51]:39437
Oct 24 00:50:18 MAIL-00 postfix/postscreen[10909]: connect from [103.129.47.51]:39622 to [149.28.113.219]:25
Oct 24 00:50:18 MAIL-00 postfix/dnsblog[10911]: addr 103.129.47.51 listed by domain b.barracudacentral.org as 127.0.0.2
Oct 24 00:50:18 MAIL-00 postfix/dnsblog[10910]: addr 103.129.47.51 listed by domain zen.spamhaus.org as 127.0.0.3
Oct 24 00:50:18 MAIL-00 postfix/dnsblog[10910]: addr 103.129.47.51 listed by domain zen.spamhaus.org as 127.0.0.4
Oct 24 00:50:24 MAIL-00 postfix/postscreen[10909]: dnsbl rank 5 for [103.129.47.51]:39622
Oct 24 00:50:24 MAIL-00 postfix/postscreen[10909]: disconnect [103.129.47.51]:39622
Oct 24 00:50:35 MAIL-00 postfix/postscreen[10909]: connect from [181.40.92.246]:55577 to [149.28.113.219]:25
Oct 24 00:50:35 MAIL-00 postfix/dnsblog[11659]: addr 181.40.92.246 listed by domain b.barracudacentral.org as 127.0.0.2
Oct 24 00:50:35 MAIL-00 postfix/dnsblog[10911]: addr 181.40.92.246 listed by domain zen.spamhaus.org as 127.0.0.2
Oct 24 00:50:35 MAIL-00 postfix/dnsblog[10911]: addr 181.40.92.246 listed by domain zen.spamhaus.org as 127.0.0.3
Oct 24 00:50:40 MAIL-00 postfix/postscreen[10909]: connect from [103.210.213.69]:45397 to [149.28.113.219]:25
Oct 24 00:50:40 MAIL-00 postfix/dnsblog[11659]: addr 103.210.213.69 listed by domain zen.spamhaus.org as 127.0.0.2
Oct 24 00:50:40 MAIL-00 postfix/dnsblog[11659]: addr 103.210.213.69 listed by domain zen.spamhaus.org as 127.0.0.3
Oct 24 00:50:40 MAIL-00 postfix/dnsblog[10910]: addr 103.210.213.69 listed by domain b.barracudacentral.org as 127.0.0.2
Oct 24 00:50:41 MAIL-00 postfix/postscreen[10909]: dnsbl rank 5 for [181.40.92.246]:55577
Oct 24 00:50:41 MAIL-00 postfix/postscreen[10909]: disconnect [181.40.92.246]:55577
Oct 24 00:50:46 MAIL-00 postfix/postscreen[10909]: dnsbl rank 5 for [103.210.213.69]:45397
Oct 24 00:50:46 MAIL-00 postfix/postscreen[10909]: disconnect [103.210.213.69]:45397
Oct 24 00:50:49 MAIL-00 postfix/postscreen[10909]: connect from [168.245.14.10]:50670 to [149.28.113.219]:25
Oct 24 00:50:55 MAIL-00 postfix/postscreen[10909]: pass old [168.245.14.10]:50670
Oct 24 00:50:55 MAIL-00 postfix/smtpd[11945]: connect from o117.email.triggermail.io[168.245.14.10]
Oct 24 00:50:55 MAIL-00 postfix/smtpd[11945]: anonymous tls connection established from o117.email.triggermail.io[168.245.14.10]: tlsv1.2 with cipher ecdhe-rsa-aes256-gcm-sha384 (256/256 bits)
Oct 24 00:50:56 MAIL-00 postfix/smtpd[11945]: 46z7w00hhzzzdmc: client=o117.email.triggermail.io[168.245.14.10]
Oct 24 00:50:56 MAIL-00 postfix/cleanup[11949]: 46z7w00hhzzzdmc: message-id=<lmr0okp9s7k7vdpyoo4vwa@ismtpd0060p1iad1.sendgrid.net>
Oct 24 00:50:57 MAIL-00 postfix/smtpd[11945]: disconnect from o117.email.triggermail.io[168.245.14.10] ehlo=2 starttls=1 mail=1 rcpt=1 data=1 quit=1 commands=7
Oct 24 00:50:58 MAIL-00 postfix/10025/smtpd[11954]: connect from localhost[127.0.0.1]
Oct 24 00:50:58 MAIL-00 postfix/10025/smtpd[11954]: 46z7w21qr7zzdmd: client=localhost[127.0.0.1]
Oct 24 00:50:58 MAIL-00 postfix/cleanup[11949]: 46z7w21qr7zzdmd: message-id=<lmr0okp9s7k7vdpyoo4vwa@ismtpd0060p1iad1.sendgrid.net>
Oct 24 00:50:58 MAIL-00 postfix/10025/smtpd[11954]: disconnect from localhost[127.0.0.1] ehlo=1 mail=1 rcpt=1 data=1 quit=1 commands=5
Oct 24 00:51:11 MAIL-00 postfix/postscreen[10909]: connect from [103.129.47.51]:37297 to [149.28.113.219]:25
Oct 24 00:51:11 MAIL-00 postfix/dnsblog[10911]: addr 103.129.47.51 listed by domain zen.spamhaus.org as 127.0.0.3
Oct 24 00:51:11 MAIL-00 postfix/dnsblog[10910]: addr 103.129.47.51 listed by domain b.barracudacentral.org as 127.0.0.2
Oct 24 00:51:11 MAIL-00 postfix/dnsblog[10911]: addr 103.129.47.51 listed by domain zen.spamhaus.org as 127.0.0.4
Oct 24 00:51:17 MAIL-00 postfix/postscreen[10909]: dnsbl rank 5 for [103.129.47.51]:37297
Oct 24 00:51:17 MAIL-00 postfix/postscreen[10909]: disconnect [103.129.47.51]:37297
Oct 24 00:51:18 MAIL-00 postfix/postscreen[10909]: connect from [103.129.47.51]:44613 to [149.28.113.219]:25
Oct 24 00:51:18 MAIL-00 postfix/dnsblog[10910]: addr 103.129.47.51 listed by domain zen.spamhaus.org as 127.0.0.3
Oct 24 00:51:18 MAIL-00 postfix/dnsblog[11659]: addr 103.129.47.51 listed by domain b.barracudacentral.org as 127.0.0.2
Oct 24 00:51:18 MAIL-00 postfix/dnsblog[10910]: addr 103.129.47.51 listed by domain zen.spamhaus.org as 127.0.0.4
Oct 24 00:51:20 MAIL-00 postfix/postscreen[10909]: connect from [72.52.227.205]:41910 to [149.28.113.219]:25
Oct 24 00:51:20 MAIL-00 postfix/dnsblog[10911]: addr 72.52.227.205 listed by domain b.barracudacentral.org as 127.0.0.2
Oct 24 00:51:24 MAIL-00 postfix/postscreen[10909]: dnsbl rank 5 for [103.129.47.51]:44613
Oct 24 00:51:24 MAIL-00 postfix/postscreen[10909]: disconnect [103.129.47.51]:44613
Oct 24 00:51:26 MAIL-00 postfix/postscreen[10909]: dnsbl rank 2 for [72.52.227.205]:41910
Oct 24 00:51:26 MAIL-00 postfix/postscreen[10909]: disconnect [72.52.227.205]:41910
Oct 24 00:51:41 MAIL-00 postfix/postscreen[10909]: connect from [65.50.255.19]:46783 to [149.28.113.219]:25
Oct 24 00:51:47 MAIL-00 postfix/postscreen[10909]: pass old [65.50.255.19]:46783
Oct 24 00:51:48 MAIL-00 postfix/smtpd[11945]: connect from mail.pglaf.org[65.50.255.19]
Oct 24 00:51:48 MAIL-00 postfix/smtpd[11945]: 46z7x05kjlzzdmc: client=mail.pglaf.org[65.50.255.19]
Oct 24 00:51:48 MAIL-00 postfix/cleanup[11949]: 46z7x05kjlzzdmc: message-id=<bb728084-61b1-4183-b55d-d22febaf0039@riseup.net>
Oct 24 00:51:48 MAIL-00 postfix/smtpd[11945]: disconnect from mail.pglaf.org[65.50.255.19] ehlo=1 mail=1 rcpt=1 data=1 quit=1 commands=5
Oct 24 00:51:50 MAIL-00 postfix/10025/smtpd[11954]: connect from localhost[127.0.0.1]
Oct 24 00:51:50 MAIL-00 postfix/10025/smtpd[11954]: 46z7x22f4yzzdmg: client=localhost[127.0.0.1]
Oct 24 00:51:50 MAIL-00 postfix/cleanup[11949]: 46z7x22f4yzzdmg: message-id=<bb728084-61b1-4183-b55d-d22febaf0039@riseup.net>
Oct 24 00:51:50 MAIL-00 postfix/10025/smtpd[11954]: disconnect from localhost[127.0.0.1] ehlo=1 mail=1 rcpt=1 data=1 quit=1 commands=5
Oct 24 00:52:11 MAIL-00 postfix/postscreen[10909]: connect from [103.129.47.51]:47904 to [149.28.113.219]:25
Oct 24 00:52:11 MAIL-00 postfix/dnsblog[11659]: addr 103.129.47.51 listed by domain b.barracudacentral.org as 127.0.0.2
Oct 24 00:52:11 MAIL-00 postfix/dnsblog[10910]: addr 103.129.47.51 listed by domain zen.spamhaus.org as 127.0.0.3
Oct 24 00:52:11 MAIL-00 postfix/dnsblog[10910]: addr 103.129.47.51 listed by domain zen.spamhaus.org as 127.0.0.4
Oct 24 00:52:17 MAIL-00 postfix/postscreen[10909]: dnsbl rank 5 for [103.129.47.51]:47904
Oct 24 00:52:17 MAIL-00 postfix/postscreen[10909]: disconnect [103.129.47.51]:47904
Oct 24 00:52:18 MAIL-00 postfix/postscreen[10909]: connect from [103.129.47.51]:55420 to [149.28.113.219]:25
Oct 24 00:52:18 MAIL-00 postfix/dnsblog[11659]: addr 103.129.47.51 listed by domain b.barracudacentral.org as 127.0.0.2
Oct 24 00:52:18 MAIL-00 postfix/dnsblog[11659]: addr 103.129.47.51 listed by domain zen.spamhaus.org as 127.0.0.3
Oct 24 00:52:18 MAIL-00 postfix/dnsblog[11659]: addr 103.129.47.51 listed by domain zen.spamhaus.org as 127.0.0.4
Oct 24 00:52:24 MAIL-00 postfix/postscreen[10909]: dnsbl rank 5 for [103.129.47.51]:55420
Oct 24 00:52:24 MAIL-00 postfix/postscreen[10909]: disconnect [103.129.47.51]:55420
Oct 24 00:53:11 MAIL-00 postfix/postscreen[10909]: connect from [103.129.47.51]:50426 to [149.28.113.219]:25
Oct 24 00:53:11 MAIL-00 postfix/dnsblog[11659]: addr 103.129.47.51 listed by domain b.barracudacentral.org as 127.0.0.2
Oct 24 00:53:11 MAIL-00 postfix/dnsblog[11659]: addr 103.129.47.51 listed by domain zen.spamhaus.org as 127.0.0.3
Oct 24 00:53:11 MAIL-00 postfix/dnsblog[11659]: addr 103.129.47.51 listed by domain zen.spamhaus.org as 127.0.0.4
Oct 24 00:53:17 MAIL-00 postfix/postscreen[10909]: dnsbl rank 5 for [103.129.47.51]:50426
Oct 24 00:53:17 MAIL-00 postfix/postscreen[10909]: disconnect [103.129.47.51]:50426
Oct 24 00:53:17 MAIL-00 postfix/postscreen[10909]: connect from [103.129.47.51]:60092 to [149.28.113.219]:25
Oct 24 00:53:17 MAIL-00 postfix/dnsblog[11659]: addr 103.129.47.51 listed by domain b.barracudacentral.org as 127.0.0.2
Oct 24 00:53:17 MAIL-00 postfix/dnsblog[11966]: addr 103.129.47.51 listed by domain zen.spamhaus.org as 127.0.0.3
Oct 24 00:53:17 MAIL-00 postfix/dnsblog[11966]: addr 103.129.47.51 listed by domain zen.spamhaus.org as 127.0.0.4
Oct 24 00:53:23 MAIL-00 postfix/postscreen[10909]: dnsbl rank 5 for [103.129.47.51]:60092
Oct 24 00:53:23 MAIL-00 postfix/postscreen[10909]: disconnect [103.129.47.51]:60092
Oct 24 00:53:49 MAIL-00 postfix/postscreen[10909]: connect from [163.53.151.25]:59640 to [149.28.113.219]:25
Oct 24 00:53:49 MAIL-00 postfix/dnsblog[11659]: addr 163.53.151.25 listed by domain b.barracudacentral.org as 127.0.0.2
Oct 24 00:53:49 MAIL-00 postfix/dnsblog[11966]: addr 163.53.151.25 listed by domain zen.spamhaus.org as 127.0.0.3
Oct 24 00:53:49 MAIL-00 postfix/dnsblog[11966]: addr 163.53.151.25 listed by domain zen.spamhaus.org as 127.0.0.4
Oct 24 00:53:50 MAIL-00 postfix/postscreen[10909]: pregreet 22 after 0.83 from [163.53.151.25]:59640: ehlo lparchitects.it\r\n
Oct 24 00:53:50 MAIL-00 postfix/postscreen[10909]: disconnect [163.53.151.25]:59640
Oct 24 00:53:51 MAIL-00 postfix/postscreen[10909]: connect from [197.210.187.46]:52330 to [149.28.113.219]:25
Oct 24 00:53:51 MAIL-00 postfix/dnsblog[11659]: addr 197.210.187.46 listed by domain b.barracudacentral.org as 127.0.0.2
Oct 24 00:53:51 MAIL-00 postfix/dnsblog[11966]: addr 197.210.187.46 listed by domain zen.spamhaus.org as 127.0.0.3
Oct 24 00:53:51 MAIL-00 postfix/dnsblog[11966]: addr 197.210.187.46 listed by domain zen.spamhaus.org as 127.0.0.11
Oct 24 00:53:51 MAIL-00 postfix/dnsblog[11966]: addr 197.210.187.46 listed by domain zen.spamhaus.org as 127.0.0.4
Oct 24 00:53:52 MAIL-00 postfix/postscreen[10909]: pregreet 18 after 1.5 from [197.210.187.46]:52330: ehlo lovepets.it\r\n
Oct 24 00:53:52 MAIL-00 postfix/postscreen[10909]: disconnect [197.210.187.46]:52330
Oct 24 00:54:14 MAIL-00 postfix/postscreen[10909]: connect from [103.129.47.51]:51952 to [149.28.113.219]:25
Oct 24 00:54:14 MAIL-00 postfix/dnsblog[11659]: addr 103.129.47.51 listed by domain b.barracudacentral.org as 127.0.0.2
Oct 24 00:54:14 MAIL-00 postfix/dnsblog[11966]: addr 103.129.47.51 listed by domain zen.spamhaus.org as 127.0.0.3
Oct 24 00:54:14 MAIL-00 postfix/dnsblog[11966]: addr 103.129.47.51 listed by domain zen.spamhaus.org as 127.0.0.4
Oct 24 00:54:20 MAIL-00 postfix/postscreen[10909]: dnsbl rank 5 for [103.129.47.51]:51952
Oct 24 00:54:20 MAIL-00 postfix/postscreen[10909]: disconnect [103.129.47.51]:51952
Oct 24 00:54:21 MAIL-00 postfix/postscreen[10909]: connect from [103.129.47.51]:41723 to [149.28.113.219]:25
Oct 24 00:54:21 MAIL-00 postfix/dnsblog[11659]: addr 103.129.47.51 listed by domain b.barracudacentral.org as 127.0.0.2
Oct 24 00:54:21 MAIL-00 postfix/dnsblog[11966]: addr 103.129.47.51 listed by domain zen.spamhaus.org as 127.0.0.3
Oct 24 00:54:21 MAIL-00 postfix/dnsblog[11966]: addr 103.129.47.51 listed by domain zen.spamhaus.org as 127.0.0.4
Oct 24 00:54:22 MAIL-00 postfix/postscreen[10909]: connect from [45.82.153.76]:62602 to [149.28.113.219]:25
Oct 24 00:54:22 MAIL-00 postfix/dnsblog[11966]: addr 45.82.153.76 listed by domain zen.spamhaus.org as 127.0.0.3
Oct 24 00:54:22 MAIL-00 postfix/dnsblog[11966]: addr 45.82.153.76 listed by domain zen.spamhaus.org as 127.0.0.4
Oct 24 00:54:27 MAIL-00 postfix/postscreen[10909]: dnsbl rank 5 for [103.129.47.51]:41723
Oct 24 00:54:27 MAIL-00 postfix/postscreen[10909]: disconnect [103.129.47.51]:41723
Oct 24 00:54:28 MAIL-00 postfix/postscreen[10909]: dnsbl rank 3 for [45.82.153.76]:62602
Oct 24 00:54:28 MAIL-00 postfix/postscreen[10909]: disconnect [45.82.153.76]:62602
Oct 24 00:54:30 MAIL-00 postfix/submission/smtpd[11967]: connect from unknown[45.82.153.76]
Oct 24 00:54:31 MAIL-00 postfix/submission/smtpd[11967]: lost connection after ehlo from unknown[45.82.153.76]
Oct 24 00:54:31 MAIL-00 postfix/submission/smtpd[11967]: disconnect from unknown[45.82.153.76] ehlo=1 commands=1
Oct 24 00:54:40 MAIL-00 postfix/postscreen[10909]: connect from [177.101.125.251]:48494 to [149.28.113.219]:25
Oct 24 00:54:40 MAIL-00 postfix/dnsblog[11966]: addr 177.101.125.251 listed by domain b.barracudacentral.org as 127.0.0.2
Oct 24 00:54:40 MAIL-00 postfix/dnsblog[11659]: addr 177.101.125.251 listed by domain zen.spamhaus.org as 127.0.0.3
Oct 24 00:54:40 MAIL-00 postfix/dnsblog[11659]: addr 177.101.125.251 listed by domain zen.spamhaus.org as 127.0.0.4
Oct 24 00:54:40 MAIL-00 postfix/postscreen[10909]: pregreet 31 after 0.71 from [177.101.125.251]:48494: ehlo expresso.dimirmay.com.br\r\n
Oct 24 00:54:40 MAIL-00 postfix/postscreen[10909]: disconnect [177.101.125.251]:48494
Oct 24 00:55:13 MAIL-00 postfix/postscreen[10909]: connect from [103.129.47.51]:54241 to [149.28.113.219]:25
Oct 24 00:55:13 MAIL-00 postfix/dnsblog[11966]: addr 103.129.47.51 listed by domain b.barracudacentral.org as 127.0.0.2
Oct 24 00:55:13 MAIL-00 postfix/dnsblog[11659]: addr 103.129.47.51 listed by domain zen.spamhaus.org as 127.0.0.3
Oct 24 00:55:13 MAIL-00 postfix/dnsblog[11659]: addr 103.129.47.51 listed by domain zen.spamhaus.org as 127.0.0.4
Oct 24 00:55:19 MAIL-00 postfix/postscreen[10909]: dnsbl rank 5 for [103.129.47.51]:54241
Oct 24 00:55:19 MAIL-00 postfix/postscreen[10909]: disconnect [103.129.47.51]:54241
Oct 24 00:55:20 MAIL-00 postfix/postscreen[10909]: connect from [103.129.47.51]:57738 to [149.28.113.219]:25
Oct 24 00:55:20 MAIL-00 postfix/dnsblog[11966]: addr 103.129.47.51 listed by domain zen.spamhaus.org as 127.0.0.3
Oct 24 00:55:20 MAIL-00 postfix/dnsblog[11659]: addr 103.129.47.51 listed by domain b.barracudacentral.org as 127.0.0.2
Oct 24 00:55:20 MAIL-00 postfix/dnsblog[11966]: addr 103.129.47.51 listed by domain zen.spamhaus.org as 127.0.0.4
Oct 24 00:55:26 MAIL-00 postfix/postscreen[10909]: dnsbl rank 5 for [103.129.47.51]:57738
Oct 24 00:55:26 MAIL-00 postfix/postscreen[10909]: disconnect [103.129.47.51]:57738
Oct 24 00:55:40 MAIL-00 postfix/postscreen[10909]: connect from [96.47.72.81]:23158 to [149.28.113.219]:25
Oct 24 00:55:40 MAIL-00 postfix/postscreen[10909]: pass old [96.47.72.81]:23158
Oct 24 00:55:41 MAIL-00 postfix/smtpd[11983]: connect from mx2.freebsd.org[96.47.72.81]
Oct 24 00:55:41 MAIL-00 postfix/smtpd[11983]: anonymous tls connection established from mx2.freebsd.org[96.47.72.81]: tlsv1.2 with cipher ecdhe-rsa-aes256-gcm-sha384 (256/256 bits)
Oct 24 00:55:41 MAIL-00 postfix/smtpd[11983]: 46z81t6krnzzdmc: client=mx2.freebsd.org[96.47.72.81]
Oct 24 00:55:42 MAIL-00 postfix/cleanup[11985]: 46z81t6krnzzdmc: message-id=<20191024.095454.344894381167715321.yasu@utahime.org>
Oct 24 00:55:42 MAIL-00 postfix/smtpd[11983]: disconnect from mx2.freebsd.org[96.47.72.81] ehlo=2 starttls=1 mail=1 rcpt=1 data=1 quit=1 commands=7
Oct 24 00:55:53 MAIL-00 postfix/postscreen[10909]: connect from [209.85.166.179]:34654 to [149.28.113.219]:25
Oct 24 00:55:53 MAIL-00 postfix/postscreen[10909]: pass old [209.85.166.179]:34654
Oct 24 00:55:53 MAIL-00 postfix/smtpd[11983]: connect from mail-il1-f179.google.com[209.85.166.179]
Oct 24 00:55:53 MAIL-00 postfix/smtpd[11983]: anonymous tls connection established from mail-il1-f179.google.com[209.85.166.179]: tlsv1.2 with cipher ecdhe-rsa-aes128-gcm-sha256 (128/128 bits)
Oct 24 00:55:53 MAIL-00 postfix/smtpd[11983]: 46z81j5hggzzdmd: client=mail-il1-f179.google.com[209.85.166.179]
Oct 24 00:55:53 MAIL-00 postfix/cleanup[11985]: 46z81j5hggzzdmd: message-id=<000000000000aa2cfd05959d7e9b@google.com>
Oct 24 00:55:53 MAIL-00 postfix/smtpd[11983]: disconnect from mail-il1-f179.google.com[209.85.166.179] ehlo=2 starttls=1 mail=1 rcpt=1 bdat=1 quit=1 commands=7
Oct 24 00:55:56 MAIL-00 postfix/10025/smtpd[11992]: connect from localhost[127.0.0.1]
Oct 24 00:55:56 MAIL-00 postfix/10025/smtpd[11992]: 46z81m5njzzzdmg: client=localhost[127.0.0.1]
Oct 24 00:55:56 MAIL-00 postfix/cleanup[11985]: 46z81m5njzzzdmg: message-id=<000000000000aa2cfd05959d7e9b@google.com>
Oct 24 00:55:56 MAIL-00 postfix/10025/smtpd[11992]: disconnect from localhost[127.0.0.1] ehlo=1 mail=1 rcpt=1 data=1 quit=1 commands=5
Oct 24 00:56:13 MAIL-00 postfix/postscreen[10909]: connect from [103.129.47.51]:52643 to [149.28.113.219]:25
Oct 24 00:56:13 MAIL-00 postfix/dnsblog[11659]: addr 103.129.47.51 listed by domain b.barracudacentral.org as 127.0.0.2
Oct 24 00:56:13 MAIL-00 postfix/dnsblog[11966]: addr 103.129.47.51 listed by domain zen.spamhaus.org as 127.0.0.3
Oct 24 00:56:13 MAIL-00 postfix/dnsblog[11966]: addr 103.129.47.51 listed by domain zen.spamhaus.org as 127.0.0.4
Oct 24 00:56:19 MAIL-00 postfix/postscreen[10909]: dnsbl rank 5 for [103.129.47.51]:52643
Oct 24 00:56:19 MAIL-00 postfix/postscreen[10909]: disconnect [103.129.47.51]:52643
Oct 24 00:56:20 MAIL-00 postfix/postscreen[10909]: connect from [103.129.47.51]:45581 to [149.28.113.219]:25
Oct 24 00:56:20 MAIL-00 postfix/dnsblog[11659]: addr 103.129.47.51 listed by domain b.barracudacentral.org as 127.0.0.2
Oct 24 00:56:20 MAIL-00 postfix/dnsblog[11966]: addr 103.129.47.51 listed by domain zen.spamhaus.org as 127.0.0.3
Oct 24 00:56:20 MAIL-00 postfix/dnsblog[11966]: addr 103.129.47.51 listed by domain zen.spamhaus.org as 127.0.0.4
Oct 24 00:56:26 MAIL-00 postfix/postscreen[10909]: dnsbl rank 5 for [103.129.47.51]:45581
Oct 24 00:56:26 MAIL-00 postfix/postscreen[10909]: disconnect [103.129.47.51]:45581
Oct 24 00:56:30 MAIL-00 postfix/10025/smtpd[11992]: connect from localhost[127.0.0.1]
Oct 24 00:56:30 MAIL-00 postfix/10025/smtpd[11992]: 46z82q3pvlzzdmd: client=localhost[127.0.0.1]
Oct 24 00:56:30 MAIL-00 postfix/cleanup[11985]: 46z82q3pvlzzdmd: message-id=<20191024.095454.344894381167715321.yasu@utahime.org>
Oct 24 00:56:30 MAIL-00 postfix/10025/smtpd[11992]: disconnect from localhost[127.0.0.1] ehlo=1 mail=1 rcpt=1 data=1 quit=1 commands=5
Oct 24 00:57:13 MAIL-00 postfix/postscreen[10909]: connect from [103.129.47.51]:49793 to [149.28.113.219]:25
Oct 24 00:57:13 MAIL-00 postfix/dnsblog[11659]: addr 103.129.47.51 listed by domain b.barracudacentral.org as 127.0.0.2
Oct 24 00:57:13 MAIL-00 postfix/dnsblog[11966]: addr 103.129.47.51 listed by domain zen.spamhaus.org as 127.0.0.3
Oct 24 00:57:13 MAIL-00 postfix/dnsblog[11966]: addr 103.129.47.51 listed by domain zen.spamhaus.org as 127.0.0.4
Oct 24 00:57:14 MAIL-00 postfix/postscreen[10909]: connect from [103.210.213.69]:42367 to [149.28.113.219]:25
Oct 24 00:57:14 MAIL-00 postfix/dnsblog[11659]: addr 103.210.213.69 listed by domain b.barracudacentral.org as 127.0.0.2
Oct 24 00:57:14 MAIL-00 postfix/dnsblog[11966]: addr 103.210.213.69 listed by domain zen.spamhaus.org as 127.0.0.2
Oct 24 00:57:14 MAIL-00 postfix/dnsblog[11966]: addr 103.210.213.69 listed by domain zen.spamhaus.org as 127.0.0.3
Oct 24 00:57:19 MAIL-00 postfix/postscreen[10909]: dnsbl rank 5 for [103.129.47.51]:49793
Oct 24 00:57:19 MAIL-00 postfix/postscreen[10909]: disconnect [103.129.47.51]:49793
Oct 24 00:57:19 MAIL-00 postfix/postscreen[10909]: connect from [103.129.47.51]:32923 to [149.28.113.219]:25
Oct 24 00:57:19 MAIL-00 postfix/dnsblog[11659]: addr 103.129.47.51 listed by domain b.barracudacentral.org as 127.0.0.2
Oct 24 00:57:20 MAIL-00 postfix/dnsblog[11966]: addr 103.129.47.51 listed by domain zen.spamhaus.org as 127.0.0.3
Oct 24 00:57:20 MAIL-00 postfix/dnsblog[11966]: addr 103.129.47.51 listed by domain zen.spamhaus.org as 127.0.0.4
Oct 24 00:57:20 MAIL-00 postfix/postscreen[10909]: dnsbl rank 5 for [103.210.213.69]:42367
Oct 24 00:57:20 MAIL-00 postfix/postscreen[10909]: disconnect [103.210.213.69]:42367
Oct 24 00:57:25 MAIL-00 postfix/postscreen[10909]: dnsbl rank 5 for [103.129.47.51]:32923
Oct 24 00:57:25 MAIL-00 postfix/postscreen[10909]: disconnect [103.129.47.51]:32923
Oct 24 00:57:44 MAIL-00 postfix/postscreen[10909]: connect from [104.168.218.192]:44292 to [149.28.113.219]:25
Oct 24 00:57:44 MAIL-00 postfix/dnsblog[11659]: addr 104.168.218.192 listed by domain b.barracudacentral.org as 127.0.0.2
Oct 24 00:57:50 MAIL-00 postfix/postscreen[10909]: dnsbl rank 2 for [104.168.218.192]:44292
Oct 24 00:57:50 MAIL-00 postfix/postscreen[10909]: disconnect [104.168.218.192]:44292
Oct 24 00:58:13 MAIL-00 postfix/postscreen[10909]: connect from [103.129.47.51]:56350 to [149.28.113.219]:25
Oct 24 00:58:13 MAIL-00 postfix/dnsblog[11659]: addr 103.129.47.51 listed by domain b.barracudacentral.org as 127.0.0.2
Oct 24 00:58:13 MAIL-00 postfix/dnsblog[11966]: addr 103.129.47.51 listed by domain zen.spamhaus.org as 127.0.0.3
Oct 24 00:58:13 MAIL-00 postfix/dnsblog[11966]: addr 103.129.47.51 listed by domain zen.spamhaus.org as 127.0.0.4
Oct 24 00:58:18 MAIL-00 postfix/postscreen[10909]: connect from [31.220.0.154]:51950 to [149.28.113.219]:25
Oct 24 00:58:18 MAIL-00 postfix/dnsblog[11659]: addr 31.220.0.154 listed by domain b.barracudacentral.org as 127.0.0.2
Oct 24 00:58:19 MAIL-00 postfix/postscreen[10909]: dnsbl rank 5 for [103.129.47.51]:56350
Oct 24 00:58:19 MAIL-00 postfix/postscreen[10909]: disconnect [103.129.47.51]:56350
Oct 24 00:58:19 MAIL-00 postfix/postscreen[10909]: connect from [103.129.47.51]:48707 to [149.28.113.219]:25
Oct 24 00:58:19 MAIL-00 postfix/dnsblog[11659]: addr 103.129.47.51 listed by domain b.barracudacentral.org as 127.0.0.2
Oct 24 00:58:19 MAIL-00 postfix/dnsblog[11966]: addr 103.129.47.51 listed by domain zen.spamhaus.org as 127.0.0.3
Oct 24 00:58:19 MAIL-00 postfix/dnsblog[11966]: addr 103.129.47.51 listed by domain zen.spamhaus.org as 127.0.0.4
Oct 24 00:58:24 MAIL-00 postfix/postscreen[10909]: dnsbl rank 2 for [31.220.0.154]:51950
Oct 24 00:58:24 MAIL-00 postfix/postscreen[10909]: disconnect [31.220.0.154]:51950
Oct 24 00:58:25 MAIL-00 postfix/postscreen[10909]: dnsbl rank 5 for [103.129.47.51]:48707
Oct 24 00:58:25 MAIL-00 postfix/postscreen[10909]: disconnect [103.129.47.51]:48707
Oct 24 00:58:47 MAIL-00 postfix/postscreen[10909]: connect from [194.36.85.143]:37490 to [149.28.113.219]:25
Oct 24 00:58:47 MAIL-00 postfix/dnsblog[11659]: addr 194.36.85.143 listed by domain b.barracudacentral.org as 127.0.0.2
Oct 24 00:58:47 MAIL-00 postfix/dnsblog[11966]: addr 194.36.85.143 listed by domain zen.spamhaus.org as 127.0.0.3
Oct 24 00:58:53 MAIL-00 postfix/postscreen[10909]: dnsbl rank 5 for [194.36.85.143]:37490
Oct 24 00:58:53 MAIL-00 postfix/postscreen[10909]: disconnect [194.36.85.143]:37490
Oct 24 00:59:13 MAIL-00 postfix/postscreen[10909]: connect from [103.129.47.51]:35926 to [149.28.113.219]:25
Oct 24 00:59:13 MAIL-00 postfix/dnsblog[11659]: addr 103.129.47.51 listed by domain b.barracudacentral.org as 127.0.0.2
Oct 24 00:59:13 MAIL-00 postfix/dnsblog[11966]: addr 103.129.47.51 listed by domain zen.spamhaus.org as 127.0.0.3
Oct 24 00:59:13 MAIL-00 postfix/dnsblog[11966]: addr 103.129.47.51 listed by domain zen.spamhaus.org as 127.0.0.4
Oct 24 00:59:13 MAIL-00 postfix/anvil[11947]: statistics: max connection rate 1/60s for (smtpd:168.245.14.10) at oct 24 00:50:55
Oct 24 00:59:13 MAIL-00 postfix/anvil[11947]: statistics: max connection count 1 for (smtpd:168.245.14.10) at oct 24 00:50:55
Oct 24 00:59:13 MAIL-00 postfix/anvil[11947]: statistics: max cache size 2 at oct 24 00:51:48
Oct 24 00:59:19 MAIL-00 postfix/postscreen[10909]: dnsbl rank 5 for [103.129.47.51]:35926
Oct 24 00:59:19 MAIL-00 postfix/postscreen[10909]: disconnect [103.129.47.51]:35926
Oct 24 00:59:19 MAIL-00 postfix/postscreen[10909]: connect from [103.129.47.51]:44369 to [149.28.113.219]:25
Oct 24 00:59:19 MAIL-00 postfix/dnsblog[11659]: addr 103.129.47.51 listed by domain b.barracudacentral.org as 127.0.0.2
Oct 24 00:59:19 MAIL-00 postfix/dnsblog[11966]: addr 103.129.47.51 listed by domain zen.spamhaus.org as 127.0.0.3
Oct 24 00:59:19 MAIL-00 postfix/dnsblog[11966]: addr 103.129.47.51 listed by domain zen.spamhaus.org as 127.0.0.4
Oct 24 00:59:25 MAIL-00 postfix/postscreen[10909]: dnsbl rank 5 for [103.129.47.51]:44369
Oct 24 00:59:25 MAIL-00 postfix/postscreen[10909]: disconnect [103.129.47.51]:44369
Oct 24 01:00:00 MAIL-00 syslogd: restart
Oct 24 01:00:01 MAIL-00 uwsgi[2242]: ...gracefully killing workers...
Oct 24 01:00:01 MAIL-00 syslogd: last message repeated 1 times
Oct 24 01:00:01 MAIL-00 uwsgi[2242]: gracefully killing worker 1 (pid: 86931)...
Oct 24 01:00:01 MAIL-00 syslogd: last message repeated 1 times
Oct 24 01:00:01 MAIL-00 uwsgi[2242]: gracefully killing worker 4 (pid: 86934)...
Oct 24 01:00:01 MAIL-00 syslogd: last message repeated 1 times
Oct 24 01:00:01 MAIL-00 uwsgi[2242]: gracefully killing worker 3 (pid: 86933)...
Oct 24 01:00:01 MAIL-00 syslogd: last message repeated 1 times
Oct 24 01:00:01 MAIL-00 uwsgi[2242]: gracefully killing worker 2 (pid: 86932)...
Oct 24 01:00:01 MAIL-00 syslogd: last message repeated 1 times
Oct 24 01:00:01 MAIL-00 uwsgi[2242]: gracefully killing worker 5 (pid: 86935)...
Oct 24 01:00:01 MAIL-00 syslogd: last message repeated 1 times
Oct 24 01:00:01 MAIL-00 uwsgi[2242]: worker 4 buried after 0 seconds
Oct 24 01:00:01 MAIL-00 syslogd: last message repeated 1 times
Oct 24 01:00:01 MAIL-00 uwsgi[2242]: worker 3 buried after 0 seconds
Oct 24 01:00:01 MAIL-00 syslogd: last message repeated 1 times
Oct 24 01:00:01 MAIL-00 uwsgi[2242]: worker 1 buried after 0 seconds
Oct 24 01:00:01 MAIL-00 syslogd: last message repeated 1 times
Oct 24 01:00:02 MAIL-00 uwsgi[2242]: worker 5 buried after 1 seconds
Oct 24 01:00:02 MAIL-00 syslogd: last message repeated 1 times
Oct 24 01:00:02 MAIL-00 uwsgi[2242]: worker 2 buried after 1 seconds
Oct 24 01:00:02 MAIL-00 syslogd: last message repeated 1 times
Oct 24 01:00:02 MAIL-00 uwsgi[2242]: binary reloading uwsgi...
Oct 24 01:00:02 MAIL-00 syslogd: last message repeated 1 times
Oct 24 01:00:02 MAIL-00 uwsgi[2242]: chdir() to /
Oct 24 01:00:02 MAIL-00 syslogd: last message repeated 1 times
Oct 24 01:00:02 MAIL-00 uwsgi[2242]: closing all non-uwsgi socket fds > 2 (max_fd = 116847)...
Oct 24 01:00:02 MAIL-00 syslogd: last message repeated 1 times
Oct 24 01:00:02 MAIL-00 uwsgi[2242]: found fd 6 mapped to socket 0 (127.0.0.1:7790)
Oct 24 01:00:02 MAIL-00 syslogd: last message repeated 1 times
Oct 24 01:00:02 MAIL-00 uwsgi[2242]: running /usr/local/bin/uwsgi-2.7
Oct 24 01:00:02 MAIL-00 syslogd: last message repeated 1 times
Oct 24 01:00:02 MAIL-00 uwsgi[2242]: *** starting uwsgi 2.0.16 (64bit) on [thu oct 24 01:00:02 2019] ***
Oct 24 01:00:02 MAIL-00 uwsgi[2242]: *** starting uwsgi 2.0.16 (64bit) on [thu oct 24 01:00:02 2019] ***
Oct 24 01:00:02 MAIL-00 uwsgi[2242]: compiled with version: 4.2.1 compatible freebsd clang 6.0.1 (tags/release_601/final 335540) on 26 june 2019 00:41:51
Oct 24 01:00:02 MAIL-00 syslogd: last message repeated 1 times
Oct 24 01:00:02 MAIL-00 uwsgi[2242]: os: freebsd-12.0-release-p10 freebsd 12.0-release-p10 generic
Oct 24 01:00:02 MAIL-00 syslogd: last message repeated 1 times
Oct 24 01:00:02 MAIL-00 syslogd: last message repeated 1 times
Oct 24 01:00:02 MAIL-00 uwsgi[2242]: machine: amd64
Oct 24 01:00:02 MAIL-00 syslogd: last message repeated 1 times
Oct 24 01:00:02 MAIL-00 uwsgi[2242]: clock source: unix
Oct 24 01:00:02 MAIL-00 syslogd: last message repeated 1 times
Oct 24 01:00:02 MAIL-00 uwsgi[2242]: detected number of cpu cores: 2
Oct 24 01:00:02 MAIL-00 syslogd: last message repeated 1 times
Oct 24 01:00:02 MAIL-00 uwsgi[2242]: current working directory: /
Oct 24 01:00:02 MAIL-00 syslogd: last message repeated 1 times
Oct 24 01:00:02 MAIL-00 uwsgi[2242]: detected binary path: /usr/local/bin/uwsgi-2.7
Oct 24 01:00:02 MAIL-00 syslogd: last message repeated 1 times
Oct 24 01:00:02 MAIL-00 uwsgi[2242]: !!! no internal routing support, rebuild with pcre support !!!
Oct 24 01:00:02 MAIL-00 syslogd: last message repeated 1 times
Oct 24 01:00:02 MAIL-00 uwsgi[2242]: dropping root privileges as early as possible
Oct 24 01:00:02 MAIL-00 syslogd: last message repeated 1 times
Oct 24 01:00:02 MAIL-00 uwsgi[2242]: chdir() to /opt/mlmmjadmin
Oct 24 01:00:02 MAIL-00 syslogd: last message repeated 1 times
Oct 24 01:00:02 MAIL-00 uwsgi[2242]: your processes number limit is 8499
Oct 24 01:00:02 MAIL-00 syslogd: last message repeated 1 times
Oct 24 01:00:02 MAIL-00 uwsgi[2242]: your memory page size is 4096 bytes
Oct 24 01:00:02 MAIL-00 syslogd: last message repeated 1 times
Oct 24 01:00:02 MAIL-00 uwsgi[2242]: detected max file descriptor number: 116847
Oct 24 01:00:02 MAIL-00 syslogd: last message repeated 1 times
Oct 24 01:00:02 MAIL-00 uwsgi[2242]: virtualhosting mode enabled.
Oct 24 01:00:02 MAIL-00 syslogd: last message repeated 1 times
Oct 24 01:00:02 MAIL-00 uwsgi[2242]: lock engine: posix semaphores
Oct 24 01:00:02 MAIL-00 syslogd: last message repeated 1 times
Oct 24 01:00:02 MAIL-00 uwsgi[2242]: thunder lock: disabled (you can enable it with --thunder-lock)
Oct 24 01:00:02 MAIL-00 syslogd: last message repeated 1 times
Oct 24 01:00:02 MAIL-00 uwsgi[2242]: uwsgi socket 0 inherited inet address 127.0.0.1:7790 fd 6
Oct 24 01:00:02 MAIL-00 syslogd: last message repeated 1 times
Oct 24 01:00:02 MAIL-00 uwsgi[2242]: dropping root privileges after socket binding
Oct 24 01:00:02 MAIL-00 syslogd: last message repeated 1 times
Oct 24 01:00:02 MAIL-00 uwsgi[2242]: python version: 2.7.16 (default, jun 25 2019, 21:01:44)  [gcc 4.2.1 compatible freebsd clang 6.0.1 (tags/release_601/final 335540)]
Oct 24 01:00:02 MAIL-00 syslogd: last message repeated 1 times
Oct 24 01:00:02 MAIL-00 uwsgi[2242]: python main interpreter initialized at 0x800d34000
Oct 24 01:00:02 MAIL-00 syslogd: last message repeated 1 times
Oct 24 01:00:02 MAIL-00 uwsgi[2242]: dropping root privileges after plugin initialization
Oct 24 01:00:02 MAIL-00 syslogd: last message repeated 1 times
Oct 24 01:00:02 MAIL-00 uwsgi[2242]: python threads support enabled
Oct 24 01:00:02 MAIL-00 syslogd: last message repeated 1 times
Oct 24 01:00:02 MAIL-00 uwsgi[2242]: your server socket listen backlog is limited to 100 connections
Oct 24 01:00:02 MAIL-00 syslogd: last message repeated 1 times
Oct 24 01:00:02 MAIL-00 uwsgi[2242]: your mercy for graceful operations on workers is 60 seconds
Oct 24 01:00:02 MAIL-00 syslogd: last message repeated 1 times
Oct 24 01:00:02 MAIL-00 uwsgi[2242]: mapped 437424 bytes (427 kb) for 5 cores
Oct 24 01:00:02 MAIL-00 syslogd: last message repeated 1 times
Oct 24 01:00:02 MAIL-00 uwsgi[2242]: *** operational mode: preforking ***
Oct 24 01:00:02 MAIL-00 syslogd: last message repeated 1 times
Oct 24 01:00:02 MAIL-00 uwsgi[2242]: wsgi app 0 (mountpoint='') ready in 0 seconds on interpreter 0x800d34000 pid: 2242 (default app)
Oct 24 01:00:02 MAIL-00 syslogd: last message repeated 1 times
Oct 24 01:00:02 MAIL-00 uwsgi[2242]: dropping root privileges after application loading
Oct 24 01:00:02 MAIL-00 syslogd: last message repeated 1 times
Oct 24 01:00:02 MAIL-00 uwsgi[2242]: *** uwsgi is running in multiple interpreter mode ***
Oct 24 01:00:02 MAIL-00 syslogd: last message repeated 1 times
Oct 24 01:00:02 MAIL-00 uwsgi[2242]: gracefully (re)spawned uwsgi master process (pid: 2242)
Oct 24 01:00:02 MAIL-00 syslogd: last message repeated 1 times
Oct 24 01:00:02 MAIL-00 uwsgi[2242]: spawned uwsgi worker 1 (pid: 12023, cores: 1)
Oct 24 01:00:02 MAIL-00 syslogd: last message repeated 1 times
Oct 24 01:00:02 MAIL-00 uwsgi[2242]: spawned uwsgi worker 2 (pid: 12024, cores: 1)
Oct 24 01:00:02 MAIL-00 syslogd: last message repeated 1 times
Oct 24 01:00:02 MAIL-00 uwsgi[2242]: spawned uwsgi worker 3 (pid: 12025, cores: 1)
Oct 24 01:00:02 MAIL-00 syslogd: last message repeated 1 times
Oct 24 01:00:02 MAIL-00 uwsgi[2242]: spawned uwsgi worker 4 (pid: 12026, cores: 1)
Oct 24 01:00:02 MAIL-00 syslogd: last message repeated 1 times
Oct 24 01:00:02 MAIL-00 uwsgi[2242]: spawned uwsgi worker 5 (pid: 12027, cores: 1)
Oct 24 01:00:02 MAIL-00 syslogd: last message repeated 1 times
Oct 24 01:00:17 MAIL-00 postfix/postscreen[10909]: connect from [103.129.47.51]:37507 to [149.28.113.219]:25
Oct 24 01:00:17 MAIL-00 postfix/dnsblog[11659]: addr 103.129.47.51 listed by domain b.barracudacentral.org as 127.0.0.2
Oct 24 01:00:17 MAIL-00 postfix/dnsblog[11966]: addr 103.129.47.51 listed by domain zen.spamhaus.org as 127.0.0.3
Oct 24 01:00:17 MAIL-00 postfix/dnsblog[11966]: addr 103.129.47.51 listed by domain zen.spamhaus.org as 127.0.0.4
Oct 24 01:00:23 MAIL-00 postfix/postscreen[10909]: dnsbl rank 5 for [103.129.47.51]:37507
Oct 24 01:00:23 MAIL-00 postfix/postscreen[10909]: disconnect [103.129.47.51]:37507
Oct 24 01:00:24 MAIL-00 postfix/postscreen[10909]: connect from [103.129.47.51]:46363 to [149.28.113.219]:25
Oct 24 01:00:24 MAIL-00 postfix/dnsblog[11659]: addr 103.129.47.51 listed by domain b.barracudacentral.org as 127.0.0.2
Oct 24 01:00:24 MAIL-00 postfix/dnsblog[11966]: addr 103.129.47.51 listed by domain zen.spamhaus.org as 127.0.0.3
Oct 24 01:00:24 MAIL-00 postfix/dnsblog[11966]: addr 103.129.47.51 listed by domain zen.spamhaus.org as 127.0.0.4
Oct 24 01:00:30 MAIL-00 postfix/postscreen[10909]: dnsbl rank 5 for [103.129.47.51]:46363
Oct 24 01:00:30 MAIL-00 postfix/postscreen[10909]: disconnect [103.129.47.51]:46363
Oct 24 01:01:07 MAIL-00 postfix/postscreen[10909]: connect from [80.209.240.67]:50223 to [149.28.113.219]:25
Oct 24 01:01:07 MAIL-00 postfix/dnsblog[11659]: addr 80.209.240.67 listed by domain b.barracudacentral.org as 127.0.0.2
Oct 24 01:01:07 MAIL-00 postfix/dnsblog[11966]: addr 80.209.240.67 listed by domain zen.spamhaus.org as 127.0.0.4
Oct 24 01:01:13 MAIL-00 postfix/postscreen[10909]: dnsbl rank 5 for [80.209.240.67]:50223
Oct 24 01:01:13 MAIL-00 postfix/postscreen[10909]: disconnect [80.209.240.67]:50223
Oct 24 01:01:17 MAIL-00 postfix/postscreen[10909]: connect from [103.129.47.51]:55380 to [149.28.113.219]:25
Oct 24 01:01:17 MAIL-00 postfix/dnsblog[11966]: addr 103.129.47.51 listed by domain zen.spamhaus.org as 127.0.0.3
Oct 24 01:01:17 MAIL-00 postfix/dnsblog[11659]: addr 103.129.47.51 listed by domain b.barracudacentral.org as 127.0.0.2
Oct 24 01:01:17 MAIL-00 postfix/dnsblog[11966]: addr 103.129.47.51 listed by domain zen.spamhaus.org as 127.0.0.4
Oct 24 01:01:23 MAIL-00 postfix/postscreen[10909]: dnsbl rank 5 for [103.129.47.51]:55380
Oct 24 01:01:23 MAIL-00 postfix/postscreen[10909]: disconnect [103.129.47.51]:55380
Oct 24 01:01:24 MAIL-00 postfix/postscreen[10909]: connect from [103.129.47.51]:52872 to [149.28.113.219]:25
Oct 24 01:01:24 MAIL-00 postfix/dnsblog[11659]: addr 103.129.47.51 listed by domain b.barracudacentral.org as 127.0.0.2
Oct 24 01:01:24 MAIL-00 postfix/dnsblog[11966]: addr 103.129.47.51 listed by domain zen.spamhaus.org as 127.0.0.3
Oct 24 01:01:24 MAIL-00 postfix/dnsblog[11966]: addr 103.129.47.51 listed by domain zen.spamhaus.org as 127.0.0.4
Oct 24 01:01:30 MAIL-00 postfix/postscreen[10909]: dnsbl rank 5 for [103.129.47.51]:52872
Oct 24 01:01:30 MAIL-00 postfix/postscreen[10909]: disconnect [103.129.47.51]:52872
Oct 24 01:02:17 MAIL-00 postfix/postscreen[10909]: connect from [103.129.47.51]:40097 to [149.28.113.219]:25
Oct 24 01:02:17 MAIL-00 postfix/dnsblog[11659]: addr 103.129.47.51 listed by domain b.barracudacentral.org as 127.0.0.2
Oct 24 01:02:17 MAIL-00 postfix/dnsblog[11966]: addr 103.129.47.51 listed by domain zen.spamhaus.org as 127.0.0.3
Oct 24 01:02:17 MAIL-00 postfix/dnsblog[11966]: addr 103.129.47.51 listed by domain zen.spamhaus.org as 127.0.0.4
Oct 24 01:02:23 MAIL-00 postfix/postscreen[10909]: dnsbl rank 5 for [103.129.47.51]:40097
Oct 24 01:02:23 MAIL-00 postfix/postscreen[10909]: disconnect [103.129.47.51]:40097
Oct 24 01:02:24 MAIL-00 postfix/postscreen[10909]: connect from [103.129.47.51]:43664 to [149.28.113.219]:25
Oct 24 01:02:24 MAIL-00 postfix/dnsblog[11659]: addr 103.129.47.51 listed by domain zen.spamhaus.org as 127.0.0.3
Oct 24 01:02:24 MAIL-00 postfix/dnsblog[11966]: addr 103.129.47.51 listed by domain b.barracudacentral.org as 127.0.0.2
Oct 24 01:02:24 MAIL-00 postfix/dnsblog[11659]: addr 103.129.47.51 listed by domain zen.spamhaus.org as 127.0.0.4
Oct 24 01:02:30 MAIL-00 postfix/postscreen[10909]: dnsbl rank 5 for [103.129.47.51]:43664
Oct 24 01:02:30 MAIL-00 postfix/postscreen[10909]: disconnect [103.129.47.51]:43664
Oct 24 01:02:45 MAIL-00 postfix/postscreen[10909]: connect from [110.50.85.162]:51858 to [149.28.113.219]:25
Oct 24 01:02:45 MAIL-00 postfix/dnsblog[11966]: addr 110.50.85.162 listed by domain b.barracudacentral.org as 127.0.0.2
Oct 24 01:02:45 MAIL-00 postfix/dnsblog[11659]: addr 110.50.85.162 listed by domain zen.spamhaus.org as 127.0.0.3
Oct 24 01:02:45 MAIL-00 postfix/dnsblog[11659]: addr 110.50.85.162 listed by domain zen.spamhaus.org as 127.0.0.11
Oct 24 01:02:45 MAIL-00 postfix/dnsblog[11659]: addr 110.50.85.162 listed by domain zen.spamhaus.org as 127.0.0.4
Oct 24 01:02:45 MAIL-00 postfix/postscreen[10909]: pregreet 33 after 0.79 from [110.50.85.162]:51858: ehlo ip-85-162.mncplaymedia.com\r\n
Oct 24 01:02:45 MAIL-00 postfix/postscreen[10909]: disconnect [110.50.85.162]:51858
Oct 24 01:02:46 MAIL-00 postfix/postscreen[10909]: connect from [101.255.64.194]:35456 to [149.28.113.219]:25
Oct 24 01:02:46 MAIL-00 postfix/dnsblog[11966]: addr 101.255.64.194 listed by domain b.barracudacentral.org as 127.0.0.2
Oct 24 01:02:46 MAIL-00 postfix/dnsblog[11659]: addr 101.255.64.194 listed by domain zen.spamhaus.org as 127.0.0.3
Oct 24 01:02:46 MAIL-00 postfix/dnsblog[11659]: addr 101.255.64.194 listed by domain zen.spamhaus.org as 127.0.0.11
Oct 24 01:02:46 MAIL-00 postfix/dnsblog[11659]: addr 101.255.64.194 listed by domain zen.spamhaus.org as 127.0.0.4
Oct 24 01:02:47 MAIL-00 postfix/postscreen[10909]: pregreet 14 after 0.73 from [101.255.64.194]:35456: ehlo 123.net\r\n
Oct 24 01:02:47 MAIL-00 postfix/postscreen[10909]: disconnect [101.255.64.194]:35456
Oct 24 01:02:59 MAIL-00 postfix/postscreen[10909]: connect from [50.197.38.230]:50014 to [149.28.113.219]:25
